Component: ARM Compiler 5.06 update 7 (build 960) Tool: armlink [4d3601]

==============================================================================

Section Cross References

    startup_stm32f103xb.o(STACK) refers (Special) to heapauxi.o(.text) for __use_two_region_memory
    startup_stm32f103xb.o(HEAP) refers (Special) to heapauxi.o(.text) for __use_two_region_memory
    startup_stm32f103xb.o(RESET) refers (Special) to heapauxi.o(.text) for __use_two_region_memory
    startup_stm32f103xb.o(RESET) refers to startup_stm32f103xb.o(STACK) for __initial_sp
    startup_stm32f103xb.o(RESET) refers to startup_stm32f103xb.o(.text) for Reset_Handler
    startup_stm32f103xb.o(RESET) refers to port.o(.emb_text) for SVC_Handler
    startup_stm32f103xb.o(RESET) refers to cmsis_os2.o(i.SysTick_Handler) for SysTick_Handler
    startup_stm32f103xb.o(RESET) refers to stm32f1xx_it.o(i.DMA1_Channel5_IRQHandler) for DMA1_Channel5_IRQHandler
    startup_stm32f103xb.o(RESET) refers to stm32f1xx_it.o(i.DMA1_Channel6_IRQHandler) for DMA1_Channel6_IRQHandler
    startup_stm32f103xb.o(RESET) refers to stm32f1xx_it.o(i.TIM1_UP_IRQHandler) for TIM1_UP_IRQHandler
    startup_stm32f103xb.o(RESET) refers to stm32f1xx_it.o(i.USART1_IRQHandler) for USART1_IRQHandler
    startup_stm32f103xb.o(RESET) refers to stm32f1xx_it.o(i.USART2_IRQHandler) for USART2_IRQHandler
    startup_stm32f103xb.o(.text) refers (Special) to heapauxi.o(.text) for __use_two_region_memory
    startup_stm32f103xb.o(.text) refers to system_stm32f1xx.o(i.SystemInit) for SystemInit
    startup_stm32f103xb.o(.text) refers to __main.o(!!!main) for __main
    startup_stm32f103xb.o(.text) refers to startup_stm32f103xb.o(HEAP) for Heap_Mem
    startup_stm32f103xb.o(.text) refers to startup_stm32f103xb.o(STACK) for Stack_Mem
    main.o(i.HAL_TIM_PeriodElapsedCallback) refers to stm32f1xx_hal.o(i.HAL_IncTick) for HAL_IncTick
    main.o(i.SystemClock_Config) refers to rt_memclr_w.o(.text) for __aeabi_memclr4
    main.o(i.SystemClock_Config) refers to stm32f1xx_hal_rcc.o(i.HAL_RCC_OscConfig) for HAL_RCC_OscConfig
    main.o(i.SystemClock_Config) refers to stm32f1xx_hal_rcc.o(i.HAL_RCC_ClockConfig) for HAL_RCC_ClockConfig
    main.o(i.main) refers to stm32f1xx_hal.o(i.HAL_Init) for HAL_Init
    main.o(i.main) refers to main.o(i.SystemClock_Config) for SystemClock_Config
    main.o(i.main) refers to dma.o(i.MX_DMA_Init) for MX_DMA_Init
    main.o(i.main) refers to gpio.o(i.MX_GPIO_Init) for MX_GPIO_Init
    main.o(i.main) refers to usart.o(i.MX_USART1_UART_Init) for MX_USART1_UART_Init
    main.o(i.main) refers to usart.o(i.MX_USART2_UART_Init) for MX_USART2_UART_Init
    main.o(i.main) refers to stm32f1xx_hal_uart.o(i.HAL_UART_Receive_DMA) for HAL_UART_Receive_DMA
    main.o(i.main) refers to cmsis_os2.o(i.osKernelInitialize) for osKernelInitialize
    main.o(i.main) refers to freertos.o(i.MX_FREERTOS_Init) for MX_FREERTOS_Init
    main.o(i.main) refers to cmsis_os2.o(i.osKernelStart) for osKernelStart
    main.o(i.main) refers to usart.o(.bss) for huart1
    main.o(i.main) refers to main.o(.bss) for .bss
    gpio.o(i.MX_GPIO_Init) refers to stm32f1xx_hal_gpio.o(i.HAL_GPIO_WritePin) for HAL_GPIO_WritePin
    gpio.o(i.MX_GPIO_Init) refers to stm32f1xx_hal_gpio.o(i.HAL_GPIO_Init) for HAL_GPIO_Init
    freertos.o(i.MX_FREERTOS_Init) refers to cmsis_os2.o(i.osSemaphoreNew) for osSemaphoreNew
    freertos.o(i.MX_FREERTOS_Init) refers to cmsis_os2.o(i.osThreadNew) for osThreadNew
    freertos.o(i.MX_FREERTOS_Init) refers to freertos.o(.constdata) for .constdata
    freertos.o(i.MX_FREERTOS_Init) refers to freertos.o(.data) for .data
    freertos.o(i.MX_FREERTOS_Init) refers to freertos.o(i.StartDefaultTask) for StartDefaultTask
    freertos.o(i.MX_FREERTOS_Init) refers to freertos.o(i.WriteConfirmStartTask02) for WriteConfirmStartTask02
    freertos.o(i.MX_FREERTOS_Init) refers to freertos.o(i.ReadConfirmStartTask03) for ReadConfirmStartTask03
    freertos.o(i.MX_FREERTOS_Init) refers to freertos.o(i.dataProcessStartTask04) for dataProcessStartTask04
    freertos.o(i.ReadConfirmStartTask03) refers to cmsis_os2.o(i.osSemaphoreAcquire) for osSemaphoreAcquire
    freertos.o(i.ReadConfirmStartTask03) refers to bsp_uart.o(i.ProcessData) for ProcessData
    freertos.o(i.ReadConfirmStartTask03) refers to rt_memclr.o(.text) for __aeabi_memclr
    freertos.o(i.ReadConfirmStartTask03) refers to cmsis_os2.o(i.osDelay) for osDelay
    freertos.o(i.ReadConfirmStartTask03) refers to freertos.o(.data) for .data
    freertos.o(i.ReadConfirmStartTask03) refers to bsp_uart.o(.bss) for motor_data_management
    freertos.o(i.ReadConfirmStartTask03) refers to usart.o(.bss) for huart2
    freertos.o(i.StartDefaultTask) refers to 485_to_motor.o(i.motor_stop) for motor_stop
    freertos.o(i.StartDefaultTask) refers to fmul.o(x$fpl$fmul) for __aeabi_fmul
    freertos.o(i.StartDefaultTask) refers to ffixu.o(x$fpl$ffixu) for __aeabi_f2uiz
[...]
    i.prvTimerTask                           0x08002e80   Section        0  timers.o(i.prvTimerTask)
    prvTimerTask                             0x08002e81   Thumb Code    32  timers.o(i.prvTimerTask)
    i.prvUnlockQueue                         0x08002ea4   Section        0  queue.o(i.prvUnlockQueue)
    prvUnlockQueue                           0x08002ea5   Thumb Code   106  queue.o(i.prvUnlockQueue)
    i.pvPortMalloc                           0x08002f10   Section        0  heap_4.o(i.pvPortMalloc)
    i.pvTaskIncrementMutexHeldCount          0x08002fec   Section        0  tasks.o(i.pvTaskIncrementMutexHeldCount)
    i.pxPortInitialiseStack                  0x08003004   Section        0  port.o(i.pxPortInitialiseStack)
    i.update_lcd_ui                          0x08003028   Section        0  485_to_motor.o(i.update_lcd_ui)
    i.uxListRemove                           0x08003064   Section        0  list.o(i.uxListRemove)
    i.vApplicationGetIdleTaskMemory          0x0800308c   Section        0  cmsis_os2.o(i.vApplicationGetIdleTaskMemory)
    i.vApplicationGetTimerTaskMemory         0x080030a0   Section        0  cmsis_os2.o(i.vApplicationGetTimerTaskMemory)
    i.vListInitialise                        0x080030b8   Section        0  list.o(i.vListInitialise)
    i.vListInitialiseItem                    0x080030ce   Section        0  list.o(i.vListInitialiseItem)
    i.vListInsert                            0x080030d4   Section        0  list.o(i.vListInsert)
    i.vListInsertEnd                         0x08003104   Section        0  list.o(i.vListInsertEnd)
    i.vPortEnterCritical                     0x0800311c   Section        0  port.o(i.vPortEnterCritical)
    i.vPortExitCritical                      0x0800315c   Section        0  port.o(i.vPortExitCritical)
    i.vPortFree                              0x08003184   Section        0  heap_4.o(i.vPortFree)
    i.vPortSetupTimerInterrupt               0x080031e8   Section        0  port.o(i.vPortSetupTimerInterrupt)
    i.vPortValidateInterruptPriority         0x0800320c   Section        0  port.o(i.vPortValidateInterruptPriority)
    i.vQueueAddToRegistry                    0x08003260   Section        0  queue.o(i.vQueueAddToRegistry)
    i.vQueueDelete                           0x08003288   Section        0  queue.o(i.vQueueDelete)
    i.vQueueUnregisterQueue                  0x080032b8   Section        0  queue.o(i.vQueueUnregisterQueue)
    i.vQueueWaitForMessageRestricted         0x080032e0   Section        0  queue.o(i.vQueueWaitForMessageRestricted)
    i.vTaskDelay                             0x08003324   Section        0  tasks.o(i.vTaskDelay)
    i.vTaskInternalSetTimeOutState           0x08003370   Section        0  tasks.o(i.vTaskInternalSetTimeOutState)
    i.vTaskMissedYield                       0x08003380   Section        0  tasks.o(i.vTaskMissedYield)
    i.vTaskPlaceOnEventList                  0x0800338c   Section        0  tasks.o(i.vTaskPlaceOnEventList)
    i.vTaskPlaceOnEventListRestricted        0x080033bc   Section        0  tasks.o(i.vTaskPlaceOnEventListRestricted)
    i.vTaskPriorityDisinheritAfterTimeout    0x080033f4   Section        0  tasks.o(i.vTaskPriorityDisinheritAfterTimeout)
    i.vTaskStartScheduler                    0x08003484   Section        0  tasks.o(i.vTaskStartScheduler)
    i.vTaskSuspendAll                        0x0800350c   Section        0  tasks.o(i.vTaskSuspendAll)
    i.vTaskSwitchContext                     0x0800351c   Section        0  tasks.o(i.vTaskSwitchContext)
    i.xPortStartScheduler                    0x08003580   Section        0  port.o(i.xPortStartScheduler)
    i.xPortSysTickHandler                    0x08003628   Section        0  port.o(i.xPortSysTickHandler)
    i.xQueueCreateCountingSemaphore          0x08003654   Section        0  queue.o(i.xQueueCreateCountingSemaphore)
    i.xQueueCreateCountingSemaphoreStatic    0x0800368e   Section        0  queue.o(i.xQueueCreateCountingSemaphoreStatic)
    i.xQueueGenericCreate                    0x080036ce   Section        0  queue.o(i.xQueueGenericCreate)
    i.xQueueGenericCreateStatic              0x08003710   Section        0  queue.o(i.xQueueGenericCreateStatic)
    i.xQueueGenericReset                     0x08003778   Section        0  queue.o(i.xQueueGenericReset)
    i.xQueueGenericSend                      0x08003800   Section        0  queue.o(i.xQueueGenericSend)
    i.xQueueGenericSendFromISR               0x08003960   Section        0  queue.o(i.xQueueGenericSendFromISR)
    i.xQueueGiveFromISR                      0x08003a1e   Section        0  queue.o(i.xQueueGiveFromISR)
    i.xQueueReceive                          0x08003abc   Section        0  queue.o(i.xQueueReceive)
    i.xQueueReceiveFromISR                   0x08003bf4   Section        0  queue.o(i.xQueueReceiveFromISR)
    i.xQueueSemaphoreTake                    0x08003c90   Section        0  queue.o(i.xQueueSemaphoreTake)
    i.xTaskCheckForTimeOut                   0x08003e08   Section        0  tasks.o(i.xTaskCheckForTimeOut)
    i.xTaskCreate                            0x08003e7c   Section        0  tasks.o(i.xTaskCreate)
    i.xTaskCreateStatic                      0x08003ed6   Section        0  tasks.o(i.xTaskCreateStatic)
    i.xTaskGetSchedulerState                 0x08003f2c   Section        0  tasks.o(i.xTaskGetSchedulerState)
    i.xTaskGetTickCount                      0x08003f48   Section        0  tasks.o(i.xTaskGetTickCount)
    i.xTaskIncrementTick                     0x08003f54   Section        0  tasks.o(i.xTaskIncrementTick)
    i.xTaskPriorityDisinherit                0x0800401c   Section        0  tasks.o(i.xTaskPriorityDisinherit)
    i.xTaskPriorityInherit                   0x0800409c   Section        0  tasks.o(i.xTaskPriorityInherit)
    i.xTaskRemoveFromEventList               0x08004114   Section        0  tasks.o(i.xTaskRemoveFromEventList)
    i.xTaskResumeAll                         0x08004184   Section        0  tasks.o(i.xTaskResumeAll)
    i.xTimerCreateTimerTask                  0x08004248   Section        0  timers.o(i.xTimerCreateTimerTask)
    i.xTimerGenericCommand                   0x080042a8   Section        0  timers.o(i.xTimerGenericCommand)
    x$fpl$fdiv                               0x08004310   Section      388  fdiv.o(x$fpl$fdiv)
    _fdiv1                                   0x08004311   Thumb Code     0  fdiv.o(x$fpl$fdiv)
    x$fpl$ffix                               0x08004494   Section       54  ffix.o(x$fpl$ffix)
    x$fpl$ffixu                              0x080044cc   Section       62  ffixu.o(x$fpl$ffixu)
    x$fpl$ffltu                              0x0800450c   Section       38  fflt_clz.o(x$fpl$ffltu)
    x$fpl$fmul                               0x08004534   Section      258  fmul.o(x$fpl$fmul)
    x$fpl$fnaninf                            0x08004636   Section      140  fnaninf.o(x$fpl$fnaninf)
    x$fpl$fretinf                            0x080046c2   Section       10  fretinf.o(x$fpl$fretinf)
    .constdata                               0x080046cc   Section      312  freertos.o(.constdata)
    x$fpl$usenofp                            0x080046cc   Section        0  usenofp.o(x$fpl$usenofp)
    .constdata                               0x08004804   Section       18  stm32f1xx_hal_rcc.o(.constdata)
    aPredivFactorTable                       0x08004804   Data           2  stm32f1xx_hal_rcc.o(.constdata)
    aPLLMULFactorTable                       0x08004806   Data          16  stm32f1xx_hal_rcc.o(.constdata)
    .constdata                               0x08004816   Section       16  system_stm32f1xx.o(.constdata)
    .constdata                               0x08004826   Section        8  system_stm32f1xx.o(.constdata)
    .conststring                             0x08004830   Section      116  freertos.o(.conststring)
    .data                                    0x20000000   Section       52  freertos.o(.data)
    .data                                    0x20000034   Section        1  freertos.o(.data)
    .data                                    0x20000036   Section        2  freertos.o(.data)
    .data                                    0x20000038   Section       12  stm32f1xx_hal.o(.data)
    .data                                    0x20000044   Section        4  system_stm32f1xx.o(.data)
    .data                                    0x20000048   Section       60  tasks.o(.data)
    uxDeletedTasksWaitingCleanUp             0x2000004c   Data           4  tasks.o(.data)
    uxCurrentNumberOfTasks                   0x20000050   Data           4  tasks.o(.data)
    xTickCount                               0x20000054   Data           4  tasks.o(.data)
    uxTopReadyPriority                       0x20000058   Data           4  tasks.o(.data)
    xSchedulerRunning                        0x2000005c   Data           4  tasks.o(.data)
    xPendedTicks                             0x20000060   Data           4  tasks.o(.data)
    xYieldPending                            0x20000064   Data           4  tasks.o(.data)
    xNumOfOverflows                          0x20000068   Data           4  tasks.o(.data)
    uxTaskNumber                             0x2000006c   Data           4  tasks.o(.data)
    xNextTaskUnblockTime                     0x20000070   Data           4  tasks.o(.data)
    xIdleTaskHandle                          0x20000074   Data           4  tasks.o(.data)
    uxSchedulerSuspended                     0x20000078   Data           4  tasks.o(.data)
    pxDelayedTaskList                        0x2000007c   Data           4  tasks.o(.data)
    pxOverflowDelayedTaskList                0x20000080   Data           4  tasks.o(.data)
    .data                                    0x20000084   Section       20  timers.o(.data)
    xTimerQueue                              0x20000084   Data           4  timers.o(.data)
    xTimerTaskHandle                         0x20000088   Data           4  timers.o(.data)
    xLastTime                                0x2000008c   Data           4  timers.o(.data)
    pxCurrentTimerList                       0x20000090   Data           4  timers.o(.data)
    pxOverflowTimerList                      0x20000094   Data           4  timers.o(.data)
    .data                                    0x20000098   Section        4  cmsis_os2.o(.data)
    KernelState                              0x20000098   Data           4  cmsis_os2.o(.data)
    .data                                    0x2000009c   Section       32  heap_4.o(.data)
    pxEnd                                    0x2000009c   Data           4  heap_4.o(.data)
    xFreeBytesRemaining                      0x200000a0   Data           4  heap_4.o(.data)
    xMinimumEverFreeBytesRemaining           0x200000a4   Data           4  heap_4.o(.data)
    xNumberOfSuccessfulAllocations           0x200000a8   Data           4  heap_4.o(.data)
    xNumberOfSuccessfulFrees                 0x200000ac   Data           4  heap_4.o(.data)
    xBlockAllocatedBit                       0x200000b0   Data           4  heap_4.o(.data)
    xStart                                   0x200000b4   Data           8  heap_4.o(.data)
    .data                                    0x200000bc   Section       12  port.o(.data)
    ucMaxSysCallPriority                     0x200000bc   Data           1  port.o(.data)
    uxCriticalNesting                        0x200000c0   Data           4  port.o(.data)
    ulMaxPRIGROUPValue                       0x200000c4   Data           4  port.o(.data)
    .data                                    0x200000c8   Section        4  bsp_uart.o(.data)
    .data                                    0x200000cc   Section       18  485_to_motor.o(.data)
    .bss                                     0x200000e0   Section      128  main.o(.bss)
    .bss                                     0x20000160   Section      280  usart.o(.bss)
    .bss                                     0x20000278   Section       72  stm32f1xx_hal_timebase_tim.o(.bss)
    .bss                                     0x200002c0   Section       64  queue.o(.bss)
    .bss                                     0x20000300   Section     1220  tasks.o(.bss)
    pxReadyTasksLists                        0x20000300   Data        1120  tasks.o(.bss)
    xDelayedTaskList1                        0x20000760   Data          20  tasks.o(.bss)
    xDelayedTaskList2                        0x20000774   Data          20  tasks.o(.bss)
    xPendingReadyList                        0x20000788   Data          20  tasks.o(.bss)
    xTasksWaitingTermination                 0x2000079c   Data          20  tasks.o(.bss)
    xSuspendedTaskList                       0x200007b0   Data          20  tasks.o(.bss)
    .bss                                     0x200007c4   Section      280  timers.o(.bss)
    xStaticTimerQueue                        0x200007c4   Data          80  timers.o(.bss)
    ucStaticTimerQueueStorage                0x20000814   Data         160  timers.o(.bss)
    xActiveTimerList1                        0x200008b4   Data          20  timers.o(.bss)
    xActiveTimerList2                        0x200008c8   Data          20  timers.o(.bss)
    .bss                                     0x200008dc   Section     1720  cmsis_os2.o(.bss)
    Idle_TCB                                 0x200008dc   Data          92  cmsis_os2.o(.bss)
    Idle_Stack                               0x20000938   Data         512  cmsis_os2.o(.bss)
    Timer_TCB                                0x20000b38   Data          92  cmsis_os2.o(.bss)
    Timer_Stack                              0x20000b94   Data        1024  cmsis_os2.o(.bss)
    .bss                                     0x20000f94   Section     3072  heap_4.o(.bss)
    ucHeap                                   0x20000f94   Data        3072  heap_4.o(.bss)
    .bss                                     0x20001b94   Section       68  bsp_uart.o(.bss)
    .bss                                     0x20001bd8   Section       64  485_to_motor.o(.bss)
    .bss                                     0x20001c18   Section       96  libspace.o(.bss)
    HEAP                                     0x20001c78   Section      512  startup_stm32f103xb.o(HEAP)
    Heap_Mem                                 0x20001c78   Data         512  startup_stm32f103xb.o(HEAP)
    STACK                                    0x20001e78   Section     1024  startup_stm32f103xb.o(STACK)
    Stack_Mem                                0x20001e78   Data        1024  startup_stm32f103xb.o(STACK)
    __initial_sp                             0x20002278   Data           0  startup_stm32f103xb.o(STACK)

    Global Symbols

    Symbol Name                              Value     Ov Type        Size  Object(Section)

    BuildAttributes$$THM_ISAv4$P$D$K$B$S$PE$A:L22UL41UL21$X:L11$S22US41US21$IEEE1$IW$USESV6$~STKCKD$USESV7$~SHL$OSPACE$ROPI$EBA8$UX$STANDARDLIB$REQ8$PRES8$EABIv2 0x00000000   Number         0  anon$$obj.o ABSOLUTE
    __ARM_use_no_argv                        0x00000000   Number         0  main.o ABSOLUTE
    _printf_flags                            0x00000000   Number         0  printf_stubs.o ABSOLUTE
    _printf_return_value                     0x00000000   Number         0  printf_stubs.o ABSOLUTE
    _printf_sizespec                         0x00000000   Number         0  printf_stubs.o ABSOLUTE
    _printf_widthprec                        0x00000000   Number         0  printf_stubs.o ABSOLUTE
    __ARM_exceptions_init                     - Undefined Weak Reference
    __alloca_initialize                       - Undefined Weak Reference
    __arm_fini_                               - Undefined Weak Reference
    __arm_preinit_                            - Undefined Weak Reference
    __cpp_initialize__aeabi_                  - Undefined Weak Reference
    __cxa_finalize                            - Undefined Weak Reference
    __rt_locale                               - Undefined Weak Reference
    __sigvec_lookup                           - Undefined Weak Reference
    _atexit_init                              - Undefined Weak Reference
    _call_atexit_fns                          - Undefined Weak Reference
    _clock_init                               - Undefined Weak Reference
    _fp_trap_init                             - Undefined Weak Reference
    _fp_trap_shutdown                         - Undefined Weak Reference
    _get_lc_collate                           - Undefined Weak Reference
    _get_lc_ctype                             - Undefined Weak Reference
    _get_lc_monetary                          - Undefined Weak Reference
    _get_lc_numeric                           - Undefined Weak Reference
    _get_lc_time                              - Undefined Weak Reference
    _getenv_init                              - Undefined Weak Reference
    _handle_redirection                       - Undefined Weak Reference
    _init_alloc                               - Undefined Weak Reference
    _init_user_alloc                          - Undefined Weak Reference
    _initio                                   - Undefined Weak Reference
    _printf_mbtowc                            - Undefined Weak Reference
    _printf_post_padding                      - Undefined Weak Reference
    _printf_pre_padding                       - Undefined Weak Reference
    _printf_truncate_signed                   - Undefined Weak Reference
    _printf_truncate_unsigned                 - Undefined Weak Reference
    _rand_init                                - Undefined Weak Reference
    _signal_finish                            - Undefined Weak Reference
    _signal_init                              - Undefined Weak Reference
    _terminate_alloc                          - Undefined Weak Reference
    _terminate_user_alloc                     - Undefined Weak Reference
    _terminateio                              - Undefined Weak Reference
    __Vectors_Size                           0x000000ec   Number         0  startup_stm32f103xb.o ABSOLUTE
    __Vectors                                0x08000000   Data           4  startup_stm32f103xb.o(RESET)
    __Vectors_End                            0x080000ec   Data           0  startup_stm32f103xb.o(RESET)
    __main                                   0x080000ed   Thumb Code     8  __main.o(!!!main)
    __scatterload                            0x080000f5   Thumb Code     0  __scatter.o(!!!scatter)
    __scatterload_rt2                        0x080000f5   Thumb Code    44  __scatter.o(!!!scatter)
    __scatterload_rt2_thumb_only             0x080000f5   Thumb Code     0  __scatter.o(!!!scatter)
    __scatterload_null                       0x08000103   Thumb Code     0  __scatter.o(!!!scatter)
    __scatterload_copy                       0x08000129   Thumb Code    26  __scatter_copy.o(!!handler_copy)
    __scatterload_zeroinit                   0x08000145   Thumb Code    28  __scatter_zi.o(!!handler_zi)
    _printf_d                                0x08000161   Thumb Code     0  _printf_d.o(.ARM.Collect$$_printf_percent$$00000009)
    _printf_percent                          0x08000161   Thumb Code     0  _printf_percent.o(.ARM.Collect$$_printf_percent$$00000000)
    _printf_s                                0x08000167   Thumb Code     0  _printf_s.o(.ARM.Collect$$_printf_percent$$00000014)
    _printf_percent_end                      0x0800016d   Thumb Code     0  _printf_percent_end.o(.ARM.Collect$$_printf_percent$$00000017)
    __rt_lib_init                            0x08000171   Thumb Code     0  libinit.o(.ARM.Collect$$libinit$$00000000)
    __rt_lib_init_alloca_1                   0x08000173   Thumb Code     0  libinit2.o(.ARM.Collect$$libinit$$0000002E)
    __rt_lib_init_argv_1                     0x08000173   Thumb Code     0  libinit2.o(.ARM.Collect$$libinit$$0000002C)
    __rt_lib_init_atexit_1                   0x08000173   Thumb Code     0  libinit2.o(.ARM.Collect$$libinit$$0000001B)
    __rt_lib_init_clock_1                    0x08000173   Thumb Code     0  libinit2.o(.ARM.Collect$$libinit$$00000021)
    __rt_lib_init_cpp_1                      0x08000173   Thumb Code     0  libinit2.o(.ARM.Collect$$libinit$$00000032)
    __rt_lib_init_exceptions_1               0x08000173   Thumb Code     0  libinit2.o(.ARM.Collect$$libinit$$00000030)
    __rt_lib_init_fp_1                       0x08000173   Thumb Code     0  libinit2.o(.ARM.Collect$$libinit$$00000002)
    __rt_lib_init_fp_trap_1                  0x08000173   Thumb Code     0  libinit2.o(.ARM.Collect$$libinit$$0000001F)
    __rt_lib_init_getenv_1                   0x08000173   Thumb Code     0  libinit2.o(.ARM.Collect$$libinit$$00000023)
    __rt_lib_init_heap_1                     0x08000173   Thumb Code     0  libinit2.o(.ARM.Collect$$libinit$$0000000A)
    __rt_lib_init_lc_collate_1               0x08000173   Thumb Code     0  libinit2.o(.ARM.Collect$$libinit$$00000011)
    __rt_lib_init_lc_ctype_1                 0x08000173   Thumb Code     0  libinit2.o(.ARM.Collect$$libinit$$00000013)
    __rt_lib_init_lc_monetary_1              0x08000173   Thumb Code     0  libinit2.o(.ARM.Collect$$libinit$$00000015)
    __rt_lib_init_lc_numeric_1               0x08000173   Thumb Code     0  libinit2.o(.ARM.Collect$$libinit$$00000017)
    __rt_lib_init_lc_time_1                  0x08000173   Thumb Code     0  libinit2.o(.ARM.Collect$$libinit$$00000019)
    __rt_lib_init_preinit_1                  0x08000173   Thumb Code     0  libinit2.o(.ARM.Collect$$libinit$$00000004)
    __rt_lib_init_rand_1                     0x08000173   Thumb Code     0  libinit2.o(.ARM.Collect$$libinit$$0000000E)
    __rt_lib_init_return                     0x08000173   Thumb Code     0  libinit2.o(.ARM.Collect$$libinit$$00000033)
    __rt_lib_init_signal_1                   0x08000173   Thumb Code     0  libinit2.o(.ARM.Collect$$libinit$$0000001D)
    __rt_lib_init_stdio_1                    0x08000173   Thumb Code     0  libinit2.o(.ARM.Collect$$libinit$$00000025)
    __rt_lib_init_user_alloc_1               0x08000173   Thumb Code     0  libinit2.o(.ARM.Collect$$libinit$$0000000C)
    __rt_lib_shutdown                        0x08000175   Thumb Code     0  libshutdown.o(.ARM.Collect$$libshutdown$$00000000)
    __rt_lib_shutdown_cpp_1                  0x08000177   Thumb Code     0  libshutdown2.o(.ARM.Collect$$libshutdown$$00000004)
    __rt_lib_shutdown_fini_1                 0x08000177   Thumb Code     0  libshutdown2.o(.ARM.Collect$$libshutdown$$00000002)
    __rt_lib_shutdown_fp_trap_1              0x08000177   Thumb Code     0  libshutdown2.o(.ARM.Collect$$libshutdown$$00000009)
    __rt_lib_shutdown_heap_1                 0x08000177   Thumb Code     0  libshutdown2.o(.ARM.Collect$$libshutdown$$00000011)
    __rt_lib_shutdown_return                 0x08000177   Thumb Code     0  libshutdown2.o(.ARM.Collect$$libshutdown$$00000012)
    __rt_lib_shutdown_signal_1               0x08000177   Thumb Code     0  libshutdown2.o(.ARM.Collect$$libshutdown$$0000000C)
    __rt_lib_shutdown_stdio_1                0x08000177   Thumb Code     0  libshutdown2.o(.ARM.Collect$$libshutdown$$00000006)
    __rt_lib_shutdown_user_alloc_1           0x08000177   Thumb Code     0  libshutdown2.o(.ARM.Collect$$libshutdown$$0000000E)
    __rt_entry                               0x08000179   Thumb Code     0  __rtentry.o(.ARM.Collect$$rtentry$$00000000)
    __rt_entry_presh_1                       0x08000179   Thumb Code     0  __rtentry2.o(.ARM.Collect$$rtentry$$00000002)
    __rt_entry_sh                            0x08000179   Thumb Code     0  __rtentry4.o(.ARM.Collect$$rtentry$$00000004)
    __rt_entry_li                            0x0800017f   Thumb Code     0  __rtentry2.o(.ARM.Collect$$rtentry$$0000000A)
    __rt_entry_postsh_1                      0x0800017f   Thumb Code     0  __rtentry2.o(.ARM.Collect$$rtentry$$00000009)
    __rt_entry_main                          0x08000183   Thumb Code     0  __rtentry2.o(.ARM.Collect$$rtentry$$0000000D)
    __rt_entry_postli_1                      0x08000183   Thumb Code     0  __rtentry2.o(.ARM.Collect$$rtentry$$0000000C)
    __rt_exit                                0x0800018b   Thumb Code     0  rtexit.o(.ARM.Collect$$rtexit$$00000000)
    __rt_exit_ls                             0x0800018d   Thumb Code     0  rtexit2.o(.ARM.Collect$$rtexit$$00000003)
    __rt_exit_prels_1                        0x0800018d   Thumb Code     0  rtexit2.o(.ARM.Collect$$rtexit$$00000002)
    __rt_exit_exit                           0x08000191   Thumb Code     0  rtexit2.o(.ARM.Collect$$rtexit$$00000004)
    SVC_Handler                              0x08000199   Thumb Code    32  port.o(.emb_text)
    __asm___6_port_c_39a90d8d__prvStartFirstTask 0x080001bd   Thumb Code    28  port.o(.emb_text)
    PendSV_Handler                           0x080001dd   Thumb Code    72  port.o(.emb_text)
    vPortGetIPSR                             0x08000229   Thumb Code     6  port.o(.emb_text)
    Reset_Handler                            0x08000231   Thumb Code     8  startup_stm32f103xb.o(.text)
    NMI_Handler                              0x08000239   Thumb Code     2  startup_stm32f103xb.o(.text)
    HardFault_Handler                        0x0800023b   Thumb Code     2  startup_stm32f103xb.o(.text)
    MemManage_Handler                        0x0800023d   Thumb Code     2  startup_stm32f103xb.o(.text)
    BusFault_Handler                         0x0800023f   Thumb Code     2  startup_stm32f103xb.o(.text)
    UsageFault_Handler                       0x08000241   Thumb Code     2  startup_stm32f103xb.o(.text)
    DebugMon_Handler                         0x08000245   Thumb Code     2  startup_stm32f103xb.o(.text)
    ADC1_2_IRQHandler                        0x0800024b   Thumb Code     0  startup_stm32f103xb.o(.text)
    CAN1_RX1_IRQHandler                      0x0800024b   Thumb Code     0  startup_stm32f103xb.o(.text)
    CAN1_SCE_IRQHandler                      0x0800024b   Thumb Code     0  startup_stm32f103xb.o(.text)
    DMA1_Channel1_IRQHandler                 0x0800024b   Thumb Code     0  startup_stm32f103xb.o(.text)
    DMA1_Channel2_IRQHandler                 0x0800024b   Thumb Code     0  startup_stm32f103xb.o(.text)
    DMA1_Channel3_IRQHandler                 0x0800024b   Thumb Code     0  startup_stm32f103xb.o(.text)
    DMA1_Channel4_IRQHandler                 0x0800024b   Thumb Code     0  startup_stm32f103xb.o(.text)
    DMA1_Channel7_IRQHandler                 0x0800024b   Thumb Code     0  startup_stm32f103xb.o(.text)
    EXTI0_IRQHandler                         0x0800024b   Thumb Code     0  startup_stm32f103xb.o(.text)
    EXTI15_10_IRQHandler                     0x0800024b   Thumb Code     0  startup_stm32f103xb.o(.text)
    EXTI1_IRQHandler                         0x0800024b   Thumb Code     0  startup_stm32f103xb.o(.text)
    EXTI2_IRQHandler                         0x0800024b   Thumb Code     0  startup_stm32f103xb.o(.text)
    EXTI3_IRQHandler                         0x0800024b   Thumb Code     0  startup_stm32f103xb.o(.text)
    EXTI4_IRQHandler                         0x0800024b   Thumb Code     0  startup_stm32f103xb.o(.text)
    EXTI9_5_IRQHandler                       0x0800024b   Thumb Code     0  startup_stm32f103xb.o(.text)
    FLASH_IRQHandler                         0x0800024b   Thumb Code     0  startup_stm32f103xb.o(.text)
    I2C1_ER_IRQHandler                       0x0800024b   Thumb Code     0  startup_stm32f103xb.o(.text)
    I2C1_EV_IRQHandler                       0x0800024b   Thumb Code     0  startup_stm32f103xb.o(.text)
    I2C2_ER_IRQHandler                       0x0800024b   Thumb Code     0  startup_stm32f103xb.o(.text)
    I2C2_EV_IRQHandler                       0x0800024b   Thumb Code     0  startup_stm32f103xb.o(.text)
    PVD_IRQHandler                           0x0800024b   Thumb Code     0  startup_stm32f103xb.o(.text)
    RCC_IRQHandler                           0x0800024b   Thumb Code     0  startup_stm32f103xb.o(.text)
    RTC_Alarm_IRQHandler                     0x0800024b   Thumb Code     0  startup_stm32f103xb.o(.text)
    RTC_IRQHandler                           0x0800024b   Thumb Code     0  startup_stm32f103xb.o(.text)
    SPI1_IRQHandler                          0x0800024b   Thumb Code     0  startup_stm32f103xb.o(.text)
    SPI2_IRQHandler                          0x0800024b   Thumb Code     0  startup_stm32f103xb.o(.text)
    TAMPER_IRQHandler                        0x0800024b   Thumb Code     0  startup_stm32f103xb.o(.text)
    TIM1_BRK_IRQHandler                      0x0800024b   Thumb Code     0  startup_stm32f103xb.o(.text)
    TIM1_CC_IRQHandler                       0x0800024b   Thumb Code     0  startup_stm32f103xb.o(.text)
    TIM1_TRG_COM_IRQHandler                  0x0800024b   Thumb Code     0  startup_stm32f103xb.o(.text)
    TIM2_IRQHandler                          0x0800024b   Thumb Code     0  startup_stm32f103xb.o(.text)
    TIM3_IRQHandler                          0x0800024b   Thumb Code     0  startup_stm32f103xb.o(.text)
    TIM4_IRQHandler                          0x0800024b   Thumb Code     0  startup_stm32f103xb.o(.text)
    USART3_IRQHandler                        0x0800024b   Thumb Code     0  startup_stm32f103xb.o(.text)
    USBWakeUp_IRQHandler                     0x0800024b   Thumb Code     0  startup_stm32f103xb.o(.text)
    USB_HP_CAN1_TX_IRQHandler                0x0800024b   Thumb Code     0  startup_stm32f103xb.o(.text)
    USB_LP_CAN1_RX0_IRQHandler               0x0800024b   Thumb Code     0  startup_stm32f103xb.o(.text)
    WWDG_IRQHandler                          0x0800024b   Thumb Code     0  startup_stm32f103xb.o(.text)
    __user_initial_stackheap                 0x0800024d   Thumb Code     0  startup_stm32f103xb.o(.text)
    __2sprintf                               0x08000271   Thumb Code    38  __2sprintf.o(.text)
    __printf                                 0x0800029d   Thumb Code   104  __printf.o(.text)
    _printf_str                              0x08000305   Thumb Code    82  _printf_str.o(.text)
    _printf_int_dec                          0x08000359   Thumb Code   104  _printf_dec.o(.text)
    __aeabi_memcpy                           0x080003d1   Thumb Code     0  rt_memcpy_v6.o(.text)
    __rt_memcpy                              0x080003d1   Thumb Code   138  rt_memcpy_v6.o(.text)
    _memcpy_lastbytes                        0x08000437   Thumb Code     0  rt_memcpy_v6.o(.text)
    __aeabi_memcpy4                          0x0800045b   Thumb Code     0  rt_memcpy_w.o(.text)
    __aeabi_memcpy8                          0x0800045b   Thumb Code     0  rt_memcpy_w.o(.text)
    __rt_memcpy_w                            0x0800045b   Thumb Code   100  rt_memcpy_w.o(.text)
    _memcpy_lastbytes_aligned                0x080004a3   Thumb Code     0  rt_memcpy_w.o(.text)
    __aeabi_memset                           0x080004bf   Thumb Code    16  aeabi_memset.o(.text)
    __aeabi_memclr                           0x080004cf   Thumb Code     0  rt_memclr.o(.text)
    __rt_memclr                              0x080004cf   Thumb Code    68  rt_memclr.o(.text)
    _memset                                  0x080004d3   Thumb Code     0  rt_memclr.o(.text)
    __aeabi_memclr4                          0x08000513   Thumb Code     0  rt_memclr_w.o(.text)
    __aeabi_memclr8                          0x08000513   Thumb Code     0  rt_memclr_w.o(.text)
    __rt_memclr_w                            0x08000513   Thumb Code    78  rt_memclr_w.o(.text)
    _memset_w                                0x08000517   Thumb Code     0  rt_memclr_w.o(.text)
    __use_two_region_memory                  0x08000561   Thumb Code     2  heapauxi.o(.text)
    __rt_heap_escrow$2region                 0x08000563   Thumb Code     2  heapauxi.o(.text)
    __rt_heap_expand$2region                 0x08000565   Thumb Code     2  heapauxi.o(.text)
    _printf_int_common                       0x08000567   Thumb Code   178  _printf_intcommon.o(.text)
    _printf_char_common                      0x08000623   Thumb Code    32  _printf_char_common.o(.text)
    _sputc                                   0x08000649   Thumb Code    10  _sputc.o(.text)
    _printf_cs_common                        0x08000653   Thumb Code    20  _printf_char.o(.text)
    _printf_char                             0x08000667   Thumb Code    16  _printf_char.o(.text)
    _printf_string                           0x08000677   Thumb Code     8  _printf_char.o(.text)
    __user_setup_stackheap                   0x0800067f   Thumb Code    74  sys_stackheap_outer.o(.text)
    exit                                     0x080006c9   Thumb Code    18  exit.o(.text)
    __user_libspace                          0x080006dd   Thumb Code     8  libspace.o(.text)
    __user_perproc_libspace                  0x080006dd   Thumb Code     0  libspace.o(.text)
    __user_perthread_libspace                0x080006dd   Thumb Code     0  libspace.o(.text)
    _sys_exit                                0x080006e5   Thumb Code     8  sys_exit.o(.text)
    __I$use$semihosting                      0x080006f1   Thumb Code     0  use_no_semi.o(.text)
    __use_no_semihosting_swi                 0x080006f1   Thumb Code     2  use_no_semi.o(.text)
    __semihosting_library_function           0x080006f3   Thumb Code     0  indicate_semi.o(.text)
    DMA1_Channel5_IRQHandler                 0x080006f5   Thumb Code     6  stm32f1xx_it.o(i.DMA1_Channel5_IRQHandler)
    DMA1_Channel6_IRQHandler                 0x08000701   Thumb Code     6  stm32f1xx_it.o(i.DMA1_Channel6_IRQHandler)
    Error_Handler                            0x08000737   Thumb Code     4  main.o(i.Error_Handler)
    HAL_DMA_Abort                            0x0800073b   Thumb Code    70  stm32f1xx_hal_dma.o(i.HAL_DMA_Abort)
    HAL_DMA_Abort_IT                         0x08000781   Thumb Code   148  stm32f1xx_hal_dma.o(i.HAL_DMA_Abort_IT)
    HAL_DMA_IRQHandler                       0x08000819   Thumb Code   316  stm32f1xx_hal_dma.o(i.HAL_DMA_IRQHandler)
    HAL_DMA_Init                             0x0800096d   Thumb Code    84  stm32f1xx_hal_dma.o(i.HAL_DMA_Init)
    HAL_DMA_Start_IT                         0x080009c9   Thumb Code   112  stm32f1xx_hal_dma.o(i.HAL_DMA_Start_IT)
    HAL_GPIO_Init                            0x08000a39   Thumb Code   446  stm32f1xx_hal_gpio.o(i.HAL_GPIO_Init)
    HAL_GPIO_WritePin                        0x08000c19   Thumb Code    10  stm32f1xx_hal_gpio.o(i.HAL_GPIO_WritePin)
    HAL_GetTick                              0x08000c25   Thumb Code     6  stm32f1xx_hal.o(i.HAL_GetTick)
    HAL_IncTick                              0x08000c31   Thumb Code    12  stm32f1xx_hal.o(i.HAL_IncTick)
    HAL_Init                                 0x08000c41   Thumb Code    32  stm32f1xx_hal.o(i.HAL_Init)
    HAL_InitTick                             0x08000c65   Thumb Code   118  stm32f1xx_hal_timebase_tim.o(i.HAL_InitTick)
    HAL_MspInit                              0x08000cf1   Thumb Code    62  stm32f1xx_hal_msp.o(i.HAL_MspInit)
    HAL_NVIC_EnableIRQ                       0x08000d39   Thumb Code    26  stm32f1xx_hal_cortex.o(i.HAL_NVIC_EnableIRQ)
    HAL_NVIC_SetPriority                     0x08000d55   Thumb Code    60  stm32f1xx_hal_cortex.o(i.HAL_NVIC_SetPriority)
    HAL_NVIC_SetPriorityGrouping             0x08000d95   Thumb Code    26  stm32f1xx_hal_cortex.o(i.HAL_NVIC_SetPriorityGrouping)
    HAL_RCC_ClockConfig                      0x08000db9   Thumb Code   280  stm32f1xx_hal_rcc.o(i.HAL_RCC_ClockConfig)
    HAL_RCC_GetClockConfig                   0x08000ee5   Thumb Code    54  stm32f1xx_hal_rcc.o(i.HAL_RCC_GetClockConfig)
    HAL_RCC_GetPCLK1Freq                     0x08000f25   Thumb Code    20  stm32f1xx_hal_rcc.o(i.HAL_RCC_GetPCLK1Freq)
    HAL_RCC_GetPCLK2Freq                     0x08000f45   Thumb Code    20  stm32f1xx_hal_rcc.o(i.HAL_RCC_GetPCLK2Freq)
    HAL_RCC_GetSysClockFreq                  0x08000f65   Thumb Code    58  stm32f1xx_hal_rcc.o(i.HAL_RCC_GetSysClockFreq)
    HAL_RCC_OscConfig                        0x08000fb1   Thumb Code   778  stm32f1xx_hal_rcc.o(i.HAL_RCC_OscConfig)
    HAL_TIMEx_BreakCallback                  0x080012d1   Thumb Code     2  stm32f1xx_hal_tim_ex.o(i.HAL_TIMEx_BreakCallback)
    HAL_TIMEx_CommutCallback                 0x080012d3   Thumb Code     2  stm32f1xx_hal_tim_ex.o(i.HAL_TIMEx_CommutCallback)
    HAL_TIM_Base_Init                        0x080012d5   Thumb Code    90  stm32f1xx_hal_tim.o(i.HAL_TIM_Base_Init)
    HAL_TIM_Base_MspInit                     0x0800132f   Thumb Code     2  stm32f1xx_hal_tim.o(i.HAL_TIM_Base_MspInit)
    HAL_TIM_Base_Start_IT                    0x08001331   Thumb Code    76  stm32f1xx_hal_tim.o(i.HAL_TIM_Base_Start_IT)
    HAL_TIM_IC_CaptureCallback               0x08001389   Thumb Code     2  stm32f1xx_hal_tim.o(i.HAL_TIM_IC_CaptureCallback)
    HAL_TIM_IRQHandler                       0x0800138b   Thumb Code   304  stm32f1xx_hal_tim.o(i.HAL_TIM_IRQHandler)
    HAL_TIM_OC_DelayElapsedCallback          0x080014bb   Thumb Code     2  stm32f1xx_hal_tim.o(i.HAL_TIM_OC_DelayElapsedCallback)
    HAL_TIM_PWM_PulseFinishedCallback        0x080014bd   Thumb Code     2  stm32f1xx_hal_tim.o(i.HAL_TIM_PWM_PulseFinishedCallback)
    HAL_TIM_PeriodElapsedCallback            0x080014c1   Thumb Code    14  main.o(i.HAL_TIM_PeriodElapsedCallback)
    HAL_TIM_TriggerCallback                  0x080014d5   Thumb Code     2  stm32f1xx_hal_tim.o(i.HAL_TIM_TriggerCallback)
    HAL_UARTEx_RxEventCallback               0x080014d7   Thumb Code     2  stm32f1xx_hal_uart.o(i.HAL_UARTEx_RxEventCallback)
    HAL_UART_DMAStop                         0x080014d9   Thumb Code   112  stm32f1xx_hal_uart.o(i.HAL_UART_DMAStop)
    HAL_UART_ErrorCallback                   0x08001549   Thumb Code     2  stm32f1xx_hal_uart.o(i.HAL_UART_ErrorCallback)
    HAL_UART_IRQHandler                      0x0800154d   Thumb Code   616  stm32f1xx_hal_uart.o(i.HAL_UART_IRQHandler)
    HAL_UART_Init                            0x080017b9   Thumb Code   100  stm32f1xx_hal_uart.o(i.HAL_UART_Init)
    HAL_UART_MspInit                         0x0800181d   Thumb Code   282  usart.o(i.HAL_UART_MspInit)
    HAL_UART_Receive_DMA                     0x08001951   Thumb Code    28  stm32f1xx_hal_uart.o(i.HAL_UART_Receive_DMA)
    HAL_UART_RxCpltCallback                  0x0800196d   Thumb Code     2  stm32f1xx_hal_uart.o(i.HAL_UART_RxCpltCallback)
    HAL_UART_RxHalfCpltCallback              0x0800196f   Thumb Code     2  stm32f1xx_hal_uart.o(i.HAL_UART_RxHalfCpltCallback)
    HAL_UART_Transmit                        0x08001971   Thumb Code   160  stm32f1xx_hal_uart.o(i.HAL_UART_Transmit)
    HAL_UART_TxCpltCallback                  0x08001a11   Thumb Code     2  stm32f1xx_hal_uart.o(i.HAL_UART_TxCpltCallback)
    MX_DMA_Init                              0x08001a15   Thumb Code    56  dma.o(i.MX_DMA_Init)
    MX_FREERTOS_Init                         0x08001a51   Thumb Code   102  freertos.o(i.MX_FREERTOS_Init)
    MX_GPIO_Init                             0x08001ad1   Thumb Code    86  gpio.o(i.MX_GPIO_Init)
    MX_USART1_UART_Init                      0x08001b31   Thumb Code    48  usart.o(i.MX_USART1_UART_Init)
    MX_USART2_UART_Init                      0x08001b69   Thumb Code    48  usart.o(i.MX_USART2_UART_Init)
    ProcessData                              0x08001ba1   Thumb Code   226  bsp_uart.o(i.ProcessData)
    ReadConfirmStartTask03                   0x08001ca1   Thumb Code    90  freertos.o(i.ReadConfirmStartTask03)
    StartDefaultTask                         0x08001d09   Thumb Code   124  freertos.o(i.StartDefaultTask)
    SysTick_Handler                          0x08001d9d   Thumb Code    26  cmsis_os2.o(i.SysTick_Handler)
    SystemClock_Config                       0x08001db7   Thumb Code    94  main.o(i.SystemClock_Config)
    SystemInit                               0x08001e15   Thumb Code     2  system_stm32f1xx.o(i.SystemInit)
    TIM1_UP_IRQHandler                       0x08001e19   Thumb Code     6  stm32f1xx_it.o(i.TIM1_UP_IRQHandler)
    TIM_Base_SetConfig                       0x08001e25   Thumb Code   108  stm32f1xx_hal_tim.o(i.TIM_Base_SetConfig)
    UART1_IdleCallback                       0x08001e9d   Thumb Code    46  bsp_uart.o(i.UART1_IdleCallback)
    UART2_IdleCallback                       0x08001ee1   Thumb Code    76  bsp_uart.o(i.UART2_IdleCallback)
    UART_Start_Receive_DMA                   0x08002221   Thumb Code   130  stm32f1xx_hal_uart.o(i.UART_Start_Receive_DMA)
    USART1_IRQHandler                        0x08002325   Thumb Code    34  stm32f1xx_it.o(i.USART1_IRQHandler)
    USART2_IRQHandler                        0x0800234d   Thumb Code    34  stm32f1xx_it.o(i.USART2_IRQHandler)
    WriteCmd                                 0x08002375   Thumb Code    80  485_to_motor.o(i.WriteCmd)
    WriteConfirmStartTask02                  0x080023d1   Thumb Code     8  freertos.o(i.WriteConfirmStartTask02)
    crc16_modbus                             0x080023f9   Thumb Code    46  crc16.o(i.crc16_modbus)
    dataProcessStartTask04                   0x08002429   Thumb Code    64  freertos.o(i.dataProcessStartTask04)
    data_dir                                 0x08002479   Thumb Code    26  485_to_motor.o(i.data_dir)
    main                                     0x08002499   Thumb Code    84  main.o(i.main)
    motor_set_speed                          0x080024f9   Thumb Code    22  485_to_motor.o(i.motor_set_speed)
    motor_start_dir                          0x0800250f   Thumb Code    20  485_to_motor.o(i.motor_start_dir)
    motor_stop                               0x08002523   Thumb Code    10  485_to_motor.o(i.motor_stop)
    osDelay                                  0x0800252d   Thumb Code    26  cmsis_os2.o(i.osDelay)
    osKernelInitialize                       0x08002549   Thumb Code    32  cmsis_os2.o(i.osKernelInitialize)
    osKernelStart                            0x0800256d   Thumb Code    48  cmsis_os2.o(i.osKernelStart)
    osSemaphoreAcquire                       0x080025a5   Thumb Code    88  cmsis_os2.o(i.osSemaphoreAcquire)
    osSemaphoreNew                           0x08002601   Thumb Code   152  cmsis_os2.o(i.osSemaphoreNew)
    osSemaphoreRelease                       0x08002699   Thumb Code    82  cmsis_os2.o(i.osSemaphoreRelease)
    osThreadNew                              0x080026f1   Thumb Code   138  cmsis_os2.o(i.osThreadNew)
    pvPortMalloc                             0x08002f11   Thumb Code   216  heap_4.o(i.pvPortMalloc)
    pvTaskIncrementMutexHeldCount            0x08002fed   Thumb Code    18  tasks.o(i.pvTaskIncrementMutexHeldCount)
    pxPortInitialiseStack                    0x08003005   Thumb Code    32  port.o(i.pxPortInitialiseStack)
    update_lcd_ui                            0x08003029   Thumb Code    44  485_to_motor.o(i.update_lcd_ui)
    uxListRemove                             0x08003065   Thumb Code    38  list.o(i.uxListRemove)
    vApplicationGetIdleTaskMemory            0x0800308d   Thumb Code    16  cmsis_os2.o(i.vApplicationGetIdleTaskMemory)
    vApplicationGetTimerTaskMemory           0x080030a1   Thumb Code    18  cmsis_os2.o(i.vApplicationGetTimerTaskMemory)
    vListInitialise                          0x080030b9   Thumb Code    22  list.o(i.vListInitialise)
    vListInitialiseItem                      0x080030cf   Thumb Code     6  list.o(i.vListInitialiseItem)
    vListInsert                              0x080030d5   Thumb Code    48  list.o(i.vListInsert)
    vListInsertEnd                           0x08003105   Thumb Code    24  list.o(i.vListInsertEnd)
    vPortEnterCritical                       0x0800311d   Thumb Code    54  port.o(i.vPortEnterCritical)
    vPortExitCritical                        0x0800315d   Thumb Code    34  port.o(i.vPortExitCritical)
    vPortFree                                0x08003185   Thumb Code    94  heap_4.o(i.vPortFree)
    vPortSetupTimerInterrupt                 0x080031e9   Thumb Code    32  port.o(i.vPortSetupTimerInterrupt)
    vPortValidateInterruptPriority           0x0800320d   Thumb Code    74  port.o(i.vPortValidateInterruptPriority)
    vQueueAddToRegistry                      0x08003261   Thumb Code    34  queue.o(i.vQueueAddToRegistry)
    vQueueDelete                             0x08003289   Thumb Code    46  queue.o(i.vQueueDelete)
    vQueueUnregisterQueue                    0x080032b9   Thumb Code    36  queue.o(i.vQueueUnregisterQueue)
    vQueueWaitForMessageRestricted           0x080032e1   Thumb Code    68  queue.o(i.vQueueWaitForMessageRestricted)
    vTaskDelay                               0x08003325   Thumb Code    66  tasks.o(i.vTaskDelay)
    vTaskInternalSetTimeOutState             0x08003371   Thumb Code    12  tasks.o(i.vTaskInternalSetTimeOutState)
    vTaskMissedYield                         0x08003381   Thumb Code     8  tasks.o(i.vTaskMissedYield)
    vTaskPlaceOnEventList                    0x0800338d   Thumb Code    44  tasks.o(i.vTaskPlaceOnEventList)
    vTaskPlaceOnEventListRestricted          0x080033bd   Thumb Code    52  tasks.o(i.vTaskPlaceOnEventListRestricted)
    vTaskPriorityDisinheritAfterTimeout      0x080033f5   Thumb Code   134  tasks.o(i.vTaskPriorityDisinheritAfterTimeout)
    vTaskStartScheduler                      0x08003485   Thumb Code   118  tasks.o(i.vTaskStartScheduler)
    vTaskSuspendAll                          0x0800350d   Thumb Code    10  tasks.o(i.vTaskSuspendAll)
    vTaskSwitchContext                       0x0800351d   Thumb Code    90  tasks.o(i.vTaskSwitchContext)
    xPortStartScheduler                      0x08003581   Thumb Code   154  port.o(i.xPortStartScheduler)
    xPortSysTickHandler                      0x08003629   Thumb Code    38  port.o(i.xPortSysTickHandler)
    xQueueCreateCountingSemaphore            0x08003655   Thumb Code    58  queue.o(i.xQueueCreateCountingSemaphore)
    xQueueCreateCountingSemaphoreStatic      0x0800368f   Thumb Code    64  queue.o(i.xQueueCreateCountingSemaphoreStatic)
    xQueueGenericCreate                      0x080036cf   Thumb Code    66  queue.o(i.xQueueGenericCreate)
    xQueueGenericCreateStatic                0x08003711   Thumb Code   102  queue.o(i.xQueueGenericCreateStatic)
    xQueueGenericReset                       0x08003779   Thumb Code   132  queue.o(i.xQueueGenericReset)
    xQueueGenericSend                        0x08003801   Thumb Code   346  queue.o(i.xQueueGenericSend)
    xQueueGenericSendFromISR                 0x08003961   Thumb Code   190  queue.o(i.xQueueGenericSendFromISR)
    xQueueGiveFromISR                        0x08003a1f   Thumb Code   156  queue.o(i.xQueueGiveFromISR)
    xQueueReceive                            0x08003abd   Thumb Code   308  queue.o(i.xQueueReceive)
    xQueueReceiveFromISR                     0x08003bf5   Thumb Code   154  queue.o(i.xQueueReceiveFromISR)
    xQueueSemaphoreTake                      0x08003c91   Thumb Code   372  queue.o(i.xQueueSemaphoreTake)
    xTaskCheckForTimeOut                     0x08003e09   Thumb Code   112  tasks.o(i.xTaskCheckForTimeOut)
    xTaskCreate                              0x08003e7d   Thumb Code    90  tasks.o(i.xTaskCreate)
    xTaskCreateStatic                        0x08003ed7   Thumb Code    86  tasks.o(i.xTaskCreateStatic)
    xTaskGetSchedulerState                   0x08003f2d   Thumb Code    22  tasks.o(i.xTaskGetSchedulerState)
    xTaskGetTickCount                        0x08003f49   Thumb Code     6  tasks.o(i.xTaskGetTickCount)
    xTaskIncrementTick                       0x08003f55   Thumb Code   192  tasks.o(i.xTaskIncrementTick)
    xTaskPriorityDisinherit                  0x0800401d   Thumb Code   118  tasks.o(i.xTaskPriorityDisinherit)
    xTaskPriorityInherit                     0x0800409d   Thumb Code   112  tasks.o(i.xTaskPriorityInherit)
    xTaskRemoveFromEventList                 0x08004115   Thumb Code    98  tasks.o(i.xTaskRemoveFromEventList)
    xTaskResumeAll                           0x08004185   Thumb Code   182  tasks.o(i.xTaskResumeAll)
    xTimerCreateTimerTask                    0x08004249   Thumb Code    78  timers.o(i.xTimerCreateTimerTask)
    xTimerGenericCommand                     0x080042a9   Thumb Code    98  timers.o(i.xTimerGenericCommand)
    __aeabi_fdiv                             0x08004311   Thumb Code     0  fdiv.o(x$fpl$fdiv)
    _fdiv                                    0x08004311   Thumb Code   384  fdiv.o(x$fpl$fdiv)
    __aeabi_f2iz                             0x08004495   Thumb Code     0  ffix.o(x$fpl$ffix)
    _ffix                                    0x08004495   Thumb Code    54  ffix.o(x$fpl$ffix)
    __aeabi_f2uiz                            0x080044cd   Thumb Code     0  ffixu.o(x$fpl$ffixu)
    _ffixu                                   0x080044cd   Thumb Code    62  ffixu.o(x$fpl$ffixu)
    __aeabi_ui2f                             0x0800450d   Thumb Code     0  fflt_clz.o(x$fpl$ffltu)
    _ffltu                                   0x0800450d   Thumb Code    38  fflt_clz.o(x$fpl$ffltu)
    __aeabi_fmul                             0x08004535   Thumb Code     0  fmul.o(x$fpl$fmul)
    _fmul                                    0x08004535   Thumb Code   258  fmul.o(x$fpl$fmul)
    __fpl_fnaninf                            0x08004637   Thumb Code   140  fnaninf.o(x$fpl$fnaninf)
    __fpl_fretinf                            0x080046c3   Thumb Code    10  fretinf.o(x$fpl$fretinf)
    __I$use$fp                               0x080046cc   Number         0  usenofp.o(x$fpl$usenofp)
    defaultTask_attributes                   0x080046cc   Data          36  freertos.o(.constdata)
    WriteConfirmTas_attributes               0x080046f0   Data          36  freertos.o(.constdata)
    ReadConfirmTask_attributes               0x08004714   Data          36  freertos.o(.constdata)
    dataProcessTask_attributes               0x08004738   Data          36  freertos.o(.constdata)
    WriteCmdBinarySem01_attributes           0x0800475c   Data          16  freertos.o(.constdata)
    ReadCmdBinarySem02_attributes            0x0800476c   Data          16  freertos.o(.constdata)
    uartBinarySem03_attributes               0x0800477c   Data          16  freertos.o(.constdata)
    AHBPrescTable                            0x08004816   Data          16  system_stm32f1xx.o(.constdata)
    APBPrescTable                            0x08004826   Data           8  system_stm32f1xx.o(.constdata)
    Region$$Table$$Base                      0x080048a4   Number         0  anon$$obj.o(Region$$Table)
    Region$$Table$$Limit                     0x080048c4   Number         0  anon$$obj.o(Region$$Table)
    flag_motor_start                         0x20000000   Data           1  freertos.o(.data)
    interval                                 0x20000004   Data           4  freertos.o(.data)
    count                                    0x20000008   Data           4  freertos.o(.data)
    Transmission_ratio                       0x2000000c   Data           4  freertos.o(.data)
    defaultTaskHandle                        0x20000010   Data           4  freertos.o(.data)
    WriteConfirmTasHandle                    0x20000014   Data           4  freertos.o(.data)
    ReadConfirmTaskHandle                    0x20000018   Data           4  freertos.o(.data)
    dataProcessTaskHandle                    0x2000001c   Data           4  freertos.o(.data)
    WriteCmdBinarySem01Handle                0x20000020   Data           4  freertos.o(.data)
    ReadCmdBinarySem02Handle                 0x20000024   Data           4  freertos.o(.data)
    uartBinarySem03Handle                    0x20000028   Data           4  freertos.o(.data)
    current_motor_stat                       0x2000002c   Data           8  freertos.o(.data)
    uart_flag                                0x20000034   Data           1  freertos.o(.data)
    Target_Turns                             0x20000036   Data           2  freertos.o(.data)
    uwTickFreq                               0x20000038   Data           1  stm32f1xx_hal.o(.data)
    uwTickPrio                               0x2000003c   Data           4  stm32f1xx_hal.o(.data)
    uwTick                                   0x20000040   Data           4  stm32f1xx_hal.o(.data)
    SystemCoreClock                          0x20000044   Data           4  system_stm32f1xx.o(.data)
    pxCurrentTCB                             0x20000048   Data           4  tasks.o(.data)
    target_circle                            0x200000c8   Data           2  bsp_uart.o(.data)
    gloable_speed                            0x200000ca   Data           2  bsp_uart.o(.data)
    read_cmd                                 0x200000cc   Data           2  485_to_motor.o(.data)
    write_buf                                0x200000ce   Data           8  485_to_motor.o(.data)
    read_buf                                 0x200000d6   Data           8  485_to_motor.o(.data)
    rx_buffer1                               0x200000e0   Data          64  main.o(.bss)
    rx_buffer2                               0x20000120   Data          64  main.o(.bss)
    huart1                                   0x20000160   Data          72  usart.o(.bss)
    huart2                                   0x200001a8   Data          72  usart.o(.bss)
    hdma_usart1_rx                           0x200001f0   Data          68  usart.o(.bss)
    hdma_usart2_rx                           0x20000234   Data          68  usart.o(.bss)
    htim1                                    0x20000278   Data          72  stm32f1xx_hal_timebase_tim.o(.bss)
    xQueueRegistry                           0x200002c0   Data          64  queue.o(.bss)
    motor_data_management                    0x20001b94   Data          52  bsp_uart.o(.bss)
    lcd_send_to_motor                        0x20001bc8   Data          16  bsp_uart.o(.bss)
    write_cmd_buffer                         0x20001bd8   Data          64  485_to_motor.o(.bss)
    __libspace_start                         0x20001c18   Data          96  libspace.o(.bss)
    __temporary_stack_top$libspace           0x20001c78   Data           0  libspace.o(.bss)



==============================================================================

Memory Map of the image

  Image Entry point : 0x080000ed

  Load Region LR_IROM1 (Base: 0x08000000, Size: 0x000049a4, Max: 0x00010000, ABSOLUTE)

    Execution Region ER_IROM1 (Exec base: 0x08000000, Load base: 0x08000000, Size: 0x000048c4, Max: 0x00010000, ABSOLUTE)

    Exec Addr    Load Addr    Size         Type   Attr      Idx    E Section Name        Object

    0x08000000   0x08000000   0x000000ec   Data   RO            3    RESET               startup_stm32f103xb.o
    0x080000ec   0x080000ec   0x00000008   Code   RO         5085  * !!!main             c_w.l(__main.o)
    0x080000f4   0x080000f4   0x00000034   Code   RO         5280    !!!scatter          c_w.l(__scatter.o)
    0x08000128   0x08000128   0x0000001a   Code   RO         5282    !!handler_copy      c_w.l(__scatter_copy.o)
    0x08000142   0x08000142   0x00000002   PAD
    0x08000144   0x08000144   0x0000001c   Code   RO         5284    !!handler_zi        c_w.l(__scatter_zi.o)
    0x08000160   0x08000160   0x00000000   Code   RO         5070    .ARM.Collect$$_printf_percent$$00000000  c_w.l(_printf_percent.o)
    0x08000160   0x08000160   0x00000006   Code   RO         5069    .ARM.Collect$$_printf_percent$$00000009  c_w.l(_printf_d.o)
    0x08000166   0x08000166   0x00000006   Code   RO         5068    .ARM.Collect$$_printf_percent$$00000014  c_w.l(_printf_s.o)
    0x0800016c   0x0800016c   0x00000004   Code   RO         5116    .ARM.Collect$$_printf_percent$$00000017  c_w.l(_printf_percent_end.o)
    0x08000170   0x08000170   0x00000002   Code   RO         5148    .ARM.Collect$$libinit$$00000000  c_w.l(libinit.o)
    0x08000172   0x08000172   0x00000000   Code   RO         5155    .ARM.Collect$$libinit$$00000002  c_w.l(libinit2.o)
    0x08000172   0x08000172   0x00000000   Code   RO         5157    .ARM.Collect$$libinit$$00000004  c_w.l(libinit2.o)
    0x08000172   0x08000172   0x00000000   Code   RO         5160    .ARM.Collect$$libinit$$0000000A  c_w.l(libinit2.o)
    0x08000172   0x08000172   0x00000000   Code   RO         5162    .ARM.Collect$$libinit$$0000000C  c_w.l(libinit2.o)
    0x08000172   0x08000172   0x00000000   Code   RO         5164    .ARM.Collect$$libinit$$0000000E  c_w.l(libinit2.o)
    0x08000172   0x08000172   0x00000000   Code   RO         5167    .ARM.Collect$$libinit$$00000011  c_w.l(libinit2.o)
    0x08000172   0x08000172   0x00000000   Code   RO         5169    .ARM.Collect$$libinit$$00000013  c_w.l(libinit2.o)
    0x08000172   0x08000172   0x00000000   Code   RO         5171    .ARM.Collect$$libinit$$00000015  c_w.l(libinit2.o)
    0x08000172   0x08000172   0x00000000   Code   RO         5173    .ARM.Collect$$libinit$$00000017  c_w.l(libinit2.o)
    0x08000172   0x08000172   0x00000000   Code   RO         5175    .ARM.Collect$$libinit$$00000019  c_w.l(libinit2.o)
    0x08000172   0x08000172   0x00000000   Code   RO         5177    .ARM.Collect$$libinit$$0000001B  c_w.l(libinit2.o)
    0x08000172   0x08000172   0x00000000   Code   RO         5179    .ARM.Collect$$libinit$$0000001D  c_w.l(libinit2.o)
    0x08000172   0x08000172   0x00000000   Code   RO         5181    .ARM.Collect$$libinit$$0000001F  c_w.l(libinit2.o)
    0x08000172   0x08000172   0x00000000   Code   RO         5183    .ARM.Collect$$libinit$$00000021  c_w.l(libinit2.o)
    0x08000172   0x08000172   0x00000000   Code   RO         5185    .ARM.Collect$$libinit$$00000023  c_w.l(libinit2.o)
    0x08000172   0x08000172   0x00000000   Code   RO         5187    .ARM.Collect$$libinit$$00000025  c_w.l(libinit2.o)
    0x08000172   0x08000172   0x00000000   Code   RO         5191    .ARM.Collect$$libinit$$0000002C  c_w.l(libinit2.o)
    0x08000172   0x08000172   0x00000000   Code   RO         5193    .ARM.Collect$$libinit$$0000002E  c_w.l(libinit2.o)
    0x08000172   0x08000172   0x00000000   Code   RO         5195    .ARM.Collect$$libinit$$00000030  c_w.l(libinit2.o)
    0x08000172   0x08000172   0x00000000   Code   RO         5197    .ARM.Collect$$libinit$$00000032  c_w.l(libinit2.o)
    0x08000172   0x08000172   0x00000002   Code   RO         5198    .ARM.Collect$$libinit$$00000033  c_w.l(libinit2.o)
    0x08000174   0x08000174   0x00000002   Code   RO         5218    .ARM.Collect$$libshutdown$$00000000  c_w.l(libshutdown.o)
    0x08000176   0x08000176   0x00000000   Code   RO         5231    .ARM.Collect$$libshutdown$$00000002  c_w.l(libshutdown2.o)
    0x08000176   0x08000176   0x00000000   Code   RO         5233    .ARM.Collect$$libshutdown$$00000004  c_w.l(libshutdown2.o)
    0x08000176   0x08000176   0x00000000   Code   RO         5235    .ARM.Collect$$libshutdown$$00000006  c_w.l(libshutdown2.o)
    0x08000176   0x08000176   0x00000000   Code   RO         5238    .ARM.Collect$$libshutdown$$00000009  c_w.l(libshutdown2.o)
    0x08000176   0x08000176   0x00000000   Code   RO         5241    .ARM.Collect$$libshutdown$$0000000C  c_w.l(libshutdown2.o)
    0x08000176   0x08000176   0x00000000   Code   RO         5243    .ARM.Collect$$libshutdown$$0000000E  c_w.l(libshutdown2.o)
    0x08000176   0x08000176   0x00000000   Code   RO         5246    .ARM.Collect$$libshutdown$$00000011  c_w.l(libshutdown2.o)
    0x08000176   0x08000176   0x00000002   Code   RO         5247    .ARM.Collect$$libshutdown$$00000012  c_w.l(libshutdown2.o)
    0x08000178   0x08000178   0x00000000   Code   RO         5107    .ARM.Collect$$rtentry$$00000000  c_w.l(__rtentry.o)
    0x08000178   0x08000178   0x00000000   Code   RO         5123    .ARM.Collect$$rtentry$$00000002  c_w.l(__rtentry2.o)
    0x08000178   0x08000178   0x00000006   Code   RO         5135    .ARM.Collect$$rtentry$$00000004  c_w.l(__rtentry4.o)
    0x0800017e   0x0800017e   0x00000000   Code   RO         5125    .ARM.Collect$$rtentry$$00000009  c_w.l(__rtentry2.o)
    0x0800017e   0x0800017e   0x00000004   Code   RO         5126    .ARM.Collect$$rtentry$$0000000A  c_w.l(__rtentry2.o)
    0x08000182   0x08000182   0x00000000   Code   RO         5128    .ARM.Collect$$rtentry$$0000000C  c_w.l(__rtentry2.o)
    0x08000182   0x08000182   0x00000008   Code   RO         5129    .ARM.Collect$$rtentry$$0000000D  c_w.l(__rtentry2.o)
    0x0800018a   0x0800018a   0x00000002   Code   RO         5152    .ARM.Collect$$rtexit$$00000000  c_w.l(rtexit.o)
    0x0800018c   0x0800018c   0x00000000   Code   RO         5200    .ARM.Collect$$rtexit$$00000002  c_w.l(rtexit2.o)
    0x0800018c   0x0800018c   0x00000004   Code   RO         5201    .ARM.Collect$$rtexit$$00000003  c_w.l(rtexit2.o)
    0x08000190   0x08000190   0x00000006   Code   RO         5202    .ARM.Collect$$rtexit$$00000004  c_w.l(rtexit2.o)
    0x08000196   0x08000196   0x00000002   PAD
    0x08000198   0x08000198   0x00000096   Code   RO         4669    .emb_text           port.o
    0x0800022e   0x0800022e   0x00000002   PAD
    0x08000230   0x08000230   0x00000040   Code   RO            4    .text               startup_stm32f103xb.o
    0x08000270   0x08000270   0x0000002c   Code   RO         5038    .text               c_w.l(__2sprintf.o)
    0x0800029c   0x0800029c   0x00000068   Code   RO         5042    .text               c_w.l(__printf.o)
    0x08000304   0x08000304   0x00000052   Code   RO         5044    .text               c_w.l(_printf_str.o)
    0x08000356   0x08000356   0x00000002   PAD
    0x08000358   0x08000358   0x00000078   Code   RO         5046    .text               c_w.l(_printf_dec.o)
    0x080003d0   0x080003d0   0x0000008a   Code   RO         5071    .text               c_w.l(rt_memcpy_v6.o)
    0x0800045a   0x0800045a   0x00000064   Code   RO         5073    .text               c_w.l(rt_memcpy_w.o)
    0x080004be   0x080004be   0x00000010   Code   RO         5077    .text               c_w.l(aeabi_memset.o)
    0x080004ce   0x080004ce   0x00000044   Code   RO         5079    .text               c_w.l(rt_memclr.o)
    0x08000512   0x08000512   0x0000004e   Code   RO         5081    .text               c_w.l(rt_memclr_w.o)
    0x08000560   0x08000560   0x00000006   Code   RO         5083    .text               c_w.l(heapauxi.o)
    0x08000566   0x08000566   0x000000b2   Code   RO         5108    .text               c_w.l(_printf_intcommon.o)
    0x08000618   0x08000618   0x00000030   Code   RO         5110    .text               c_w.l(_printf_char_common.o)
    0x08000648   0x08000648   0x0000000a   Code   RO         5112    .text               c_w.l(_sputc.o)
    0x08000652   0x08000652   0x0000002c   Code   RO         5114    .text               c_w.l(_printf_char.o)
    0x0800067e   0x0800067e   0x0000004a   Code   RO         5139    .text               c_w.l(sys_stackheap_outer.o)
    0x080006c8   0x080006c8   0x00000012   Code   RO         5141    .text               c_w.l(exit.o)
    0x080006da   0x080006da   0x00000002   PAD
    0x080006dc   0x080006dc   0x00000008   Code   RO         5149    .text               c_w.l(libspace.o)
    0x080006e4   0x080006e4   0x0000000c   Code   RO         5210    .text               c_w.l(sys_exit.o)
    0x080006f0   0x080006f0   0x00000002   Code   RO         5221    .text               c_w.l(use_no_semi.o)
    0x080006f2   0x080006f2   0x00000000   Code   RO         5223    .text               c_w.l(indicate_semi.o)
    0x080006f2   0x080006f2   0x00000002   PAD
    0x080006f4   0x080006f4   0x0000000c   Code   RO          449    i.DMA1_Channel5_IRQHandler  stm32f1xx_it.o
    0x08000700   0x08000700   0x0000000c   Code   RO          450    i.DMA1_Channel6_IRQHandler  stm32f1xx_it.o
    0x0800070c   0x0800070c   0x0000002a   Code   RO         1961    i.DMA_SetConfig     stm32f1xx_hal_dma.o
    0x08000736   0x08000736   0x00000004   Code   RO           13    i.Error_Handler     main.o
    0x0800073a   0x0800073a   0x00000046   Code   RO         1962    i.HAL_DMA_Abort     stm32f1xx_hal_dma.o
    0x08000780   0x08000780   0x00000098   Code   RO         1963    i.HAL_DMA_Abort_IT  stm32f1xx_hal_dma.o
    0x08000818   0x08000818   0x00000154   Code   RO         1967    i.HAL_DMA_IRQHandler  stm32f1xx_hal_dma.o
    0x0800096c   0x0800096c   0x0000005c   Code   RO         1968    i.HAL_DMA_Init      stm32f1xx_hal_dma.o
    0x080009c8   0x080009c8   0x00000070   Code   RO         1972    i.HAL_DMA_Start_IT  stm32f1xx_hal_dma.o
    0x08000a38   0x08000a38   0x000001e0   Code   RO         1898    i.HAL_GPIO_Init     stm32f1xx_hal_gpio.o
    0x08000c18   0x08000c18   0x0000000a   Code   RO         1902    i.HAL_GPIO_WritePin  stm32f1xx_hal_gpio.o
    0x08000c22   0x08000c22   0x00000002   PAD
    0x08000c24   0x08000c24   0x0000000c   Code   RO         1592    i.HAL_GetTick       stm32f1xx_hal.o
    0x08000c30   0x08000c30   0x00000010   Code   RO         1598    i.HAL_IncTick       stm32f1xx_hal.o
    0x08000c40   0x08000c40   0x00000024   Code   RO         1599    i.HAL_Init          stm32f1xx_hal.o
    0x08000c64   0x08000c64   0x0000008c   Code   RO          533    i.HAL_InitTick      stm32f1xx_hal_timebase_tim.o
    0x08000cf0   0x08000cf0   0x00000048   Code   RO          509    i.HAL_MspInit       stm32f1xx_hal_msp.o
    0x08000d38   0x08000d38   0x0000001a   Code   RO         2058    i.HAL_NVIC_EnableIRQ  stm32f1xx_hal_cortex.o
    0x08000d52   0x08000d52   0x00000002   PAD
    0x08000d54   0x08000d54   0x00000040   Code   RO         2064    i.HAL_NVIC_SetPriority  stm32f1xx_hal_cortex.o
    0x08000d94   0x08000d94   0x00000024   Code   RO         2065    i.HAL_NVIC_SetPriorityGrouping  stm32f1xx_hal_cortex.o
    0x08000db8   0x08000db8   0x0000012c   Code   RO         1756    i.HAL_RCC_ClockConfig  stm32f1xx_hal_rcc.o
    0x08000ee4   0x08000ee4   0x00000040   Code   RO         1760    i.HAL_RCC_GetClockConfig  stm32f1xx_hal_rcc.o
    0x08000f24   0x08000f24   0x00000020   Code   RO         1763    i.HAL_RCC_GetPCLK1Freq  stm32f1xx_hal_rcc.o
    0x08000f44   0x08000f44   0x00000020   Code   RO         1764    i.HAL_RCC_GetPCLK2Freq  stm32f1xx_hal_rcc.o
    0x08000f64   0x08000f64   0x0000004c   Code   RO         1765    i.HAL_RCC_GetSysClockFreq  stm32f1xx_hal_rcc.o
    0x08000fb0   0x08000fb0   0x00000320   Code   RO         1768    i.HAL_RCC_OscConfig  stm32f1xx_hal_rcc.o
    0x080012d0   0x080012d0   0x00000002   Code   RO         1314    i.HAL_TIMEx_BreakCallback  stm32f1xx_hal_tim_ex.o
    0x080012d2   0x080012d2   0x00000002   Code   RO         1315    i.HAL_TIMEx_CommutCallback  stm32f1xx_hal_tim_ex.o
    0x080012d4   0x080012d4   0x0000005a   Code   RO          610    i.HAL_TIM_Base_Init  stm32f1xx_hal_tim.o
    0x0800132e   0x0800132e   0x00000002   Code   RO          612    i.HAL_TIM_Base_MspInit  stm32f1xx_hal_tim.o
    0x08001330   0x08001330   0x00000058   Code   RO          615    i.HAL_TIM_Base_Start_IT  stm32f1xx_hal_tim.o
    0x08001388   0x08001388   0x00000002   Code   RO          644    i.HAL_TIM_IC_CaptureCallback  stm32f1xx_hal_tim.o
    0x0800138a   0x0800138a   0x00000130   Code   RO          658    i.HAL_TIM_IRQHandler  stm32f1xx_hal_tim.o
    0x080014ba   0x080014ba   0x00000002   Code   RO          661    i.HAL_TIM_OC_DelayElapsedCallback  stm32f1xx_hal_tim.o
    0x080014bc   0x080014bc   0x00000002   Code   RO          688    i.HAL_TIM_PWM_PulseFinishedCallback  stm32f1xx_hal_tim.o
    0x080014be   0x080014be   0x00000002   PAD
    0x080014c0   0x080014c0   0x00000014   Code   RO           14    i.HAL_TIM_PeriodElapsedCallback  main.o
    0x080014d4   0x080014d4   0x00000002   Code   RO          701    i.HAL_TIM_TriggerCallback  stm32f1xx_hal_tim.o
    0x080014d6   0x080014d6   0x00000002   Code   RO         2570    i.HAL_UARTEx_RxEventCallback  stm32f1xx_hal_uart.o
    0x080014d8   0x080014d8   0x00000070   Code   RO         2582    i.HAL_UART_DMAStop  stm32f1xx_hal_uart.o
    0x08001548   0x08001548   0x00000002   Code   RO         2584    i.HAL_UART_ErrorCallback  stm32f1xx_hal_uart.o
    0x0800154a   0x0800154a   0x00000002   PAD
    0x0800154c   0x0800154c   0x0000026c   Code   RO         2587    i.HAL_UART_IRQHandler  stm32f1xx_hal_uart.o
    0x080017b8   0x080017b8   0x00000064   Code   RO         2588    i.HAL_UART_Init     stm32f1xx_hal_uart.o
    0x0800181c   0x0800181c   0x00000134   Code   RO          402    i.HAL_UART_MspInit  usart.o
    0x08001950   0x08001950   0x0000001c   Code   RO         2592    i.HAL_UART_Receive_DMA  stm32f1xx_hal_uart.o
    0x0800196c   0x0800196c   0x00000002   Code   RO         2594    i.HAL_UART_RxCpltCallback  stm32f1xx_hal_uart.o
    0x0800196e   0x0800196e   0x00000002   Code   RO         2595    i.HAL_UART_RxHalfCpltCallback  stm32f1xx_hal_uart.o
    0x08001970   0x08001970   0x000000a0   Code   RO         2596    i.HAL_UART_Transmit  stm32f1xx_hal_uart.o
    0x08001a10   0x08001a10   0x00000002   Code   RO         2599    i.HAL_UART_TxCpltCallback  stm32f1xx_hal_uart.o
    0x08001a12   0x08001a12   0x00000002   PAD
    0x08001a14   0x08001a14   0x0000003c   Code   RO          374    i.MX_DMA_Init       dma.o
    0x08001a50   0x08001a50   0x00000080   Code   RO          301    i.MX_FREERTOS_Init  freertos.o
    0x08001ad0   0x08001ad0   0x00000060   Code   RO          193    i.MX_GPIO_Init      gpio.o
    0x08001b30   0x08001b30   0x00000038   Code   RO          403    i.MX_USART1_UART_Init  usart.o
    0x08001b68   0x08001b68   0x00000038   Code   RO          404    i.MX_USART2_UART_Init  usart.o
    0x08001ba0   0x08001ba0   0x00000100   Code   RO         4749    i.ProcessData       bsp_uart.o
    0x08001ca0   0x08001ca0   0x00000068   Code   RO          302    i.ReadConfirmStartTask03  freertos.o
    0x08001d08   0x08001d08   0x00000094   Code   RO          303    i.StartDefaultTask  freertos.o
    0x08001d9c   0x08001d9c   0x0000001a   Code   RO         4097    i.SysTick_Handler   cmsis_os2.o
    0x08001db6   0x08001db6   0x0000005e   Code   RO           15    i.SystemClock_Config  main.o
    0x08001e14   0x08001e14   0x00000002   Code   RO         2922    i.SystemInit        system_stm32f1xx.o
    0x08001e16   0x08001e16   0x00000002   PAD
    0x08001e18   0x08001e18   0x0000000c   Code   RO          451    i.TIM1_UP_IRQHandler  stm32f1xx_it.o
    0x08001e24   0x08001e24   0x00000078   Code   RO          703    i.TIM_Base_SetConfig  stm32f1xx_hal_tim.o
    0x08001e9c   0x08001e9c   0x00000044   Code   RO         4750    i.UART1_IdleCallback  bsp_uart.o
    0x08001ee0   0x08001ee0   0x0000005c   Code   RO         4751    i.UART2_IdleCallback  bsp_uart.o
    0x08001f3c   0x08001f3c   0x00000010   Code   RO         2601    i.UART_DMAAbortOnError  stm32f1xx_hal_uart.o
    0x08001f4c   0x08001f4c   0x0000004a   Code   RO         2602    i.UART_DMAError     stm32f1xx_hal_uart.o
    0x08001f96   0x08001f96   0x00000086   Code   RO         2603    i.UART_DMAReceiveCplt  stm32f1xx_hal_uart.o
    0x0800201c   0x0800201c   0x0000001e   Code   RO         2605    i.UART_DMARxHalfCplt  stm32f1xx_hal_uart.o
    0x0800203a   0x0800203a   0x0000004e   Code   RO         2611    i.UART_EndRxTransfer  stm32f1xx_hal_uart.o
    0x08002088   0x08002088   0x0000001c   Code   RO         2612    i.UART_EndTxTransfer  stm32f1xx_hal_uart.o
    0x080020a4   0x080020a4   0x000000c2   Code   RO         2613    i.UART_Receive_IT   stm32f1xx_hal_uart.o
    0x08002166   0x08002166   0x00000002   PAD
    0x08002168   0x08002168   0x000000b8   Code   RO         2614    i.UART_SetConfig    stm32f1xx_hal_uart.o
    0x08002220   0x08002220   0x00000090   Code   RO         2615    i.UART_Start_Receive_DMA  stm32f1xx_hal_uart.o
    0x080022b0   0x080022b0   0x00000072   Code   RO         2617    i.UART_WaitOnFlagUntilTimeout  stm32f1xx_hal_uart.o
    0x08002322   0x08002322   0x00000002   PAD
    0x08002324   0x08002324   0x00000028   Code   RO          452    i.USART1_IRQHandler  stm32f1xx_it.o
    0x0800234c   0x0800234c   0x00000028   Code   RO          453    i.USART2_IRQHandler  stm32f1xx_it.o
    0x08002374   0x08002374   0x0000005c   Code   RO         4803    i.WriteCmd          485_to_motor.o
    0x080023d0   0x080023d0   0x00000008   Code   RO          304    i.WriteConfirmStartTask02  freertos.o
    0x080023d8   0x080023d8   0x00000020   Code   RO         2071    i.__NVIC_SetPriority  stm32f1xx_hal_cortex.o
    0x080023f8   0x080023f8   0x0000002e   Code   RO         5007    i.crc16_modbus      crc16.o
    0x08002426   0x08002426   0x00000002   PAD
    0x08002428   0x08002428   0x00000050   Code   RO          305    i.dataProcessStartTask04  freertos.o
    0x08002478   0x08002478   0x00000020   Code   RO         4804    i.data_dir          485_to_motor.o
    0x08002498   0x08002498   0x00000060   Code   RO           16    i.main              main.o
    0x080024f8   0x080024f8   0x00000016   Code   RO         4807    i.motor_set_speed   485_to_motor.o
    0x0800250e   0x0800250e   0x00000014   Code   RO         4808    i.motor_start_dir   485_to_motor.o
    0x08002522   0x08002522   0x0000000a   Code   RO         4809    i.motor_stop        485_to_motor.o
    0x0800252c   0x0800252c   0x0000001a   Code   RO         4099    i.osDelay           cmsis_os2.o
    0x08002546   0x08002546   0x00000002   PAD
    0x08002548   0x08002548   0x00000024   Code   RO         4113    i.osKernelInitialize  cmsis_os2.o
    0x0800256c   0x0800256c   0x00000038   Code   RO         4116    i.osKernelStart     cmsis_os2.o
    0x080025a4   0x080025a4   0x0000005c   Code   RO         4141    i.osSemaphoreAcquire  cmsis_os2.o
    0x08002600   0x08002600   0x00000098   Code   RO         4144    i.osSemaphoreNew    cmsis_os2.o
    0x08002698   0x08002698   0x00000058   Code   RO         4145    i.osSemaphoreRelease  cmsis_os2.o
    0x080026f0   0x080026f0   0x0000008a   Code   RO         4158    i.osThreadNew       cmsis_os2.o
    0x0800277a   0x0800277a   0x00000002   PAD
    0x0800277c   0x0800277c   0x0000005c   Code   RO         3558    i.prvAddCurrentTaskToDelayedList  tasks.o
    0x080027d8   0x080027d8   0x000000d0   Code   RO         3559    i.prvAddNewTaskToReadyList  tasks.o
    0x080028a8   0x080028a8   0x00000058   Code   RO         3923    i.prvCheckForValidListAndQueue  timers.o
    0x08002900   0x08002900   0x00000026   Code   RO         3155    i.prvCopyDataFromQueue  queue.o
    0x08002926   0x08002926   0x0000006c   Code   RO         3156    i.prvCopyDataToQueue  queue.o
    0x08002992   0x08002992   0x00000034   Code   RO         3560    i.prvDeleteTCB      tasks.o
    0x080029c6   0x080029c6   0x00000002   PAD
    0x080029c8   0x080029c8   0x0000004c   Code   RO         4614    i.prvHeapInit       heap_4.o
    0x08002a14   0x08002a14   0x00000060   Code   RO         3561    i.prvIdleTask       tasks.o
    0x08002a74   0x08002a74   0x00000022   Code   RO         3158    i.prvInitialiseNewQueue  queue.o
    0x08002a96   0x08002a96   0x00000002   PAD
    0x08002a98   0x08002a98   0x000000b0   Code   RO         3562    i.prvInitialiseNewTask  tasks.o
    0x08002b48   0x08002b48   0x0000004c   Code   RO         4615    i.prvInsertBlockIntoFreeList  heap_4.o
    0x08002b94   0x08002b94   0x00000038   Code   RO         3925    i.prvInsertTimerInActiveList  timers.o
    0x08002bcc   0x08002bcc   0x0000001c   Code   RO         3159    i.prvIsQueueEmpty   queue.o
    0x08002be8   0x08002be8   0x000000fc   Code   RO         3926    i.prvProcessReceivedCommands  timers.o
    0x08002ce4   0x08002ce4   0x000000c0   Code   RO         3927    i.prvProcessTimerOrBlockTask  timers.o
    0x08002da4   0x08002da4   0x00000020   Code   RO         3564    i.prvResetNextTaskUnblockTime  tasks.o
    0x08002dc4   0x08002dc4   0x00000028   Code   RO         3928    i.prvSampleTimeNow  timers.o
    0x08002dec   0x08002dec   0x0000006c   Code   RO         3929    i.prvSwitchTimerLists  timers.o
    0x08002e58   0x08002e58   0x00000028   Code   RO         4670    i.prvTaskExitError  port.o
    0x08002e80   0x08002e80   0x00000024   Code   RO         3930    i.prvTimerTask      timers.o
    0x08002ea4   0x08002ea4   0x0000006a   Code   RO         3160    i.prvUnlockQueue    queue.o
    0x08002f0e   0x08002f0e   0x00000002   PAD
    0x08002f10   0x08002f10   0x000000dc   Code   RO         4616    i.pvPortMalloc      heap_4.o
    0x08002fec   0x08002fec   0x00000018   Code   RO         3567    i.pvTaskIncrementMutexHeldCount  tasks.o
    0x08003004   0x08003004   0x00000024   Code   RO         4671    i.pxPortInitialiseStack  port.o
    0x08003028   0x08003028   0x0000003c   Code   RO         4811    i.update_lcd_ui     485_to_motor.o
    0x08003064   0x08003064   0x00000026   Code   RO         3115    i.uxListRemove      list.o
    0x0800308a   0x0800308a   0x00000002   PAD
    0x0800308c   0x0800308c   0x00000014   Code   RO         4170    i.vApplicationGetIdleTaskMemory  cmsis_os2.o
    0x080030a0   0x080030a0   0x00000018   Code   RO         4171    i.vApplicationGetTimerTaskMemory  cmsis_os2.o
    0x080030b8   0x080030b8   0x00000016   Code   RO         3116    i.vListInitialise   list.o
    0x080030ce   0x080030ce   0x00000006   Code   RO         3117    i.vListInitialiseItem  list.o
    0x080030d4   0x080030d4   0x00000030   Code   RO         3118    i.vListInsert       list.o
    0x08003104   0x08003104   0x00000018   Code   RO         3119    i.vListInsertEnd    list.o
    0x0800311c   0x0800311c   0x00000040   Code   RO         4673    i.vPortEnterCritical  port.o
    0x0800315c   0x0800315c   0x00000028   Code   RO         4674    i.vPortExitCritical  port.o
    0x08003184   0x08003184   0x00000064   Code   RO         4617    i.vPortFree         heap_4.o
    0x080031e8   0x080031e8   0x00000024   Code   RO         4675    i.vPortSetupTimerInterrupt  port.o
    0x0800320c   0x0800320c   0x00000054   Code   RO         4676    i.vPortValidateInterruptPriority  port.o
    0x08003260   0x08003260   0x00000028   Code   RO         3166    i.vQueueAddToRegistry  queue.o
    0x08003288   0x08003288   0x0000002e   Code   RO         3167    i.vQueueDelete      queue.o
    0x080032b6   0x080032b6   0x00000002   PAD
    0x080032b8   0x080032b8   0x00000028   Code   RO         3169    i.vQueueUnregisterQueue  queue.o
    0x080032e0   0x080032e0   0x00000044   Code   RO         3170    i.vQueueWaitForMessageRestricted  queue.o
    0x08003324   0x08003324   0x0000004c   Code   RO         3577    i.vTaskDelay        tasks.o
    0x08003370   0x08003370   0x00000010   Code   RO         3582    i.vTaskInternalSetTimeOutState  tasks.o
    0x08003380   0x08003380   0x0000000c   Code   RO         3583    i.vTaskMissedYield  tasks.o
    0x0800338c   0x0800338c   0x00000030   Code   RO         3585    i.vTaskPlaceOnEventList  tasks.o
    0x080033bc   0x080033bc   0x00000038   Code   RO         3586    i.vTaskPlaceOnEventListRestricted  tasks.o
    0x080033f4   0x080033f4   0x00000090   Code   RO         3588    i.vTaskPriorityDisinheritAfterTimeout  tasks.o
    0x08003484   0x08003484   0x00000088   Code   RO         3594    i.vTaskStartScheduler  tasks.o
    0x0800350c   0x0800350c   0x00000010   Code   RO         3596    i.vTaskSuspendAll   tasks.o
    0x0800351c   0x0800351c   0x00000064   Code   RO         3597    i.vTaskSwitchContext  tasks.o
    0x08003580   0x08003580   0x000000a8   Code   RO         4677    i.xPortStartScheduler  port.o
    0x08003628   0x08003628   0x0000002c   Code   RO         4678    i.xPortSysTickHandler  port.o
    0x08003654   0x08003654   0x0000003a   Code   RO         3171    i.xQueueCreateCountingSemaphore  queue.o
    0x0800368e   0x0800368e   0x00000040   Code   RO         3172    i.xQueueCreateCountingSemaphoreStatic  queue.o
    0x080036ce   0x080036ce   0x00000042   Code   RO         3175    i.xQueueGenericCreate  queue.o
    0x08003710   0x08003710   0x00000066   Code   RO         3176    i.xQueueGenericCreateStatic  queue.o
    0x08003776   0x08003776   0x00000002   PAD
    0x08003778   0x08003778   0x00000088   Code   RO         3177    i.xQueueGenericReset  queue.o
    0x08003800   0x08003800   0x00000160   Code   RO         3178    i.xQueueGenericSend  queue.o
    0x08003960   0x08003960   0x000000be   Code   RO         3179    i.xQueueGenericSendFromISR  queue.o
    0x08003a1e   0x08003a1e   0x0000009c   Code   RO         3182    i.xQueueGiveFromISR  queue.o
    0x08003aba   0x08003aba   0x00000002   PAD
    0x08003abc   0x08003abc   0x00000138   Code   RO         3188    i.xQueueReceive     queue.o
    0x08003bf4   0x08003bf4   0x0000009a   Code   RO         3189    i.xQueueReceiveFromISR  queue.o
    0x08003c8e   0x08003c8e   0x00000002   PAD
    0x08003c90   0x08003c90   0x00000178   Code   RO         3190    i.xQueueSemaphoreTake  queue.o
    0x08003e08   0x08003e08   0x00000074   Code   RO         3599    i.xTaskCheckForTimeOut  tasks.o
    0x08003e7c   0x08003e7c   0x0000005a   Code   RO         3600    i.xTaskCreate       tasks.o
    0x08003ed6   0x08003ed6   0x00000056   Code   RO         3601    i.xTaskCreateStatic  tasks.o
    0x08003f2c   0x08003f2c   0x0000001c   Code   RO         3605    i.xTaskGetSchedulerState  tasks.o
    0x08003f48   0x08003f48   0x0000000c   Code   RO         3606    i.xTaskGetTickCount  tasks.o
    0x08003f54   0x08003f54   0x000000c8   Code   RO         3608    i.xTaskIncrementTick  tasks.o
    0x0800401c   0x0800401c   0x00000080   Code   RO         3611    i.xTaskPriorityDisinherit  tasks.o
    0x0800409c   0x0800409c   0x00000078   Code   RO         3612    i.xTaskPriorityInherit  tasks.o
    0x08004114   0x08004114   0x00000070   Code   RO         3613    i.xTaskRemoveFromEventList  tasks.o
    0x08004184   0x08004184   0x000000c4   Code   RO         3614    i.xTaskResumeAll    tasks.o
    0x08004248   0x08004248   0x00000060   Code   RO         3939    i.xTimerCreateTimerTask  timers.o
    0x080042a8   0x080042a8   0x00000068   Code   RO         3940    i.xTimerGenericCommand  timers.o
    0x08004310   0x08004310   0x00000184   Code   RO         5088    x$fpl$fdiv          fz_ws.l(fdiv.o)
    0x08004494   0x08004494   0x00000036   Code   RO         5091    x$fpl$ffix          fz_ws.l(ffix.o)
    0x080044ca   0x080044ca   0x00000002   PAD
    0x080044cc   0x080044cc   0x0000003e   Code   RO         5095    x$fpl$ffixu         fz_ws.l(ffixu.o)
    0x0800450a   0x0800450a   0x00000002   PAD
    0x0800450c   0x0800450c   0x00000026   Code   RO         5099    x$fpl$ffltu         fz_ws.l(fflt_clz.o)
    0x08004532   0x08004532   0x00000002   PAD
    0x08004534   0x08004534   0x00000102   Code   RO         5105    x$fpl$fmul          fz_ws.l(fmul.o)
    0x08004636   0x08004636   0x0000008c   Code   RO         5117    x$fpl$fnaninf       fz_ws.l(fnaninf.o)
    0x080046c2   0x080046c2   0x0000000a   Code   RO         5119    x$fpl$fretinf       fz_ws.l(fretinf.o)
    0x080046cc   0x080046cc   0x00000000   Code   RO         5121    x$fpl$usenofp       fz_ws.l(usenofp.o)
    0x080046cc   0x080046cc   0x00000138   Data   RO          307    .constdata          freertos.o
    0x08004804   0x08004804   0x00000012   Data   RO         1769    .constdata          stm32f1xx_hal_rcc.o
    0x08004816   0x08004816   0x00000010   Data   RO         2923    .constdata          system_stm32f1xx.o
    0x08004826   0x08004826   0x00000008   Data   RO         2924    .constdata          system_stm32f1xx.o
    0x0800482e   0x0800482e   0x00000002   PAD
    0x08004830   0x08004830   0x00000074   Data   RO          308    .conststring        freertos.o
    0x080048a4   0x080048a4   0x00000020   Data   RO         5278    Region$$Table       anon$$obj.o


    Execution Region RW_IRAM1 (Exec base: 0x20000000, Load base: 0x080048c4, Size: 0x00002278, Max: 0x00005000, ABSOLUTE)

    Exec Addr    Load Addr    Size         Type   Attr      Idx    E Section Name        Object

    0x20000000   0x080048c4   0x00000034   Data   RW          309    .data               freertos.o
    0x20000034   0x080048f8   0x00000001   Data   RW          311    .data               freertos.o
    0x20000035   0x080048f9   0x00000001   PAD
    0x20000036   0x080048fa   0x00000002   Data   RW          312    .data               freertos.o
    0x20000038   0x080048fc   0x0000000c   Data   RW         1606    .data               stm32f1xx_hal.o
    0x20000044   0x08004908   0x00000004   Data   RW         2925    .data               system_stm32f1xx.o
    0x20000048   0x0800490c   0x0000003c   Data   RW         3617    .data               tasks.o
    0x20000084   0x08004948   0x00000014   Data   RW         3948    .data               timers.o
    0x20000098   0x0800495c   0x00000004   Data   RW         4173    .data               cmsis_os2.o
    0x2000009c   0x08004960   0x00000020   Data   RW         4623    .data               heap_4.o
    0x200000bc   0x08004980   0x0000000c   Data   RW         4679    .data               port.o
    0x200000c8   0x0800498c   0x00000004   Data   RW         4755    .data               bsp_uart.o
    0x200000cc   0x08004990   0x00000012   Data   RW         4813    .data               485_to_motor.o
    0x200000de   0x080049a2   0x00000002   PAD
    0x200000e0        -       0x00000080   Zero   RW           17    .bss                main.o
    0x20000160        -       0x00000118   Zero   RW          405    .bss                usart.o
    0x20000278        -       0x00000048   Zero   RW          536    .bss                stm32f1xx_hal_timebase_tim.o
    0x200002c0        -       0x00000040   Zero   RW         3192    .bss                queue.o
    0x20000300        -       0x000004c4   Zero   RW         3616    .bss                tasks.o
    0x200007c4        -       0x00000118   Zero   RW         3947    .bss                timers.o
    0x200008dc        -       0x000006b8   Zero   RW         4172    .bss                cmsis_os2.o
    0x20000f94        -       0x00000c00   Zero   RW         4622    .bss                heap_4.o
    0x20001b94        -       0x00000044   Zero   RW         4753    .bss                bsp_uart.o
    0x20001bd8        -       0x00000040   Zero   RW         4812    .bss                485_to_motor.o
    0x20001c18        -       0x00000060   Zero   RW         5150    .bss                c_w.l(libspace.o)
    0x20001c78        -       0x00000200   Zero   RW            2    HEAP                startup_stm32f103xb.o
    0x20001e78        -       0x00000400   Zero   RW            1    STACK               startup_stm32f103xb.o


==============================================================================

Image component sizes


      Code (inc. data)   RO Data    RW Data    ZI Data      Debug   Object Name

       236         34          0         18         64       9765   485_to_motor.o
       416         68          0          4         68       4867   bsp_uart.o
       658         32          0          4       1720      61846   cmsis_os2.o
        46          0          0          0          0        795   crc16.o
         0          0          0          0          0       7132   croutine.o
        60          4          0          0          0        770   dma.o
         0          0          0          0          0      19684   event_groups.o
       468         80        428         55          0       6453   freertos.o
        96         10          0          0          0     422127   gpio.o
       472         24          0         32       3072       4847   heap_4.o
       138          0          0          0          0       3482   list.o
       214         18          0          0        128     427387   main.o
       662         70          0         12          0      10909   port.o
      2474         28          0          0         64      26140   queue.o
        64         26        236          0       1536        824   startup_stm32f103xb.o
        64         14          0         12          0       4718   stm32f1xx_hal.o
       158         14          0          0          0      28254   stm32f1xx_hal_cortex.o
       808         36          0          0          0       5086   stm32f1xx_hal_dma.o
       490         34          0          0          0       2928   stm32f1xx_hal_gpio.o
        72         10          0          0          0        874   stm32f1xx_hal_msp.o
      1304         94         18          0          0       5837   stm32f1xx_hal_rcc.o
       612         24          0          0          0       7312   stm32f1xx_hal_tim.o
         4          0          0          0          0       1621   stm32f1xx_hal_tim_ex.o
       140         22          0          0         72       1443   stm32f1xx_hal_timebase_tim.o
      2026         24          0          0          0      15637   stm32f1xx_hal_uart.o
       116         30          0          0          0       2893   stm32f1xx_it.o
         0          0          0          0          0        396   stream_buffer.o
         2          0         24          4          0       1135   system_stm32f1xx.o
      2372        192          0         60       1220      29065   tasks.o
       972         80          0         20        280      32279   timers.o
       420         42          0          0        280       2549   usart.o

    ----------------------------------------------------------------------
     15604       1010        740        224       8504    1149055   Object Totals
         0          0         32          0          0          0   (incl. Generated)
        40          0          2          3          0          0   (incl. Padding)

    ----------------------------------------------------------------------

      Code (inc. data)   RO Data    RW Data    ZI Data      Debug   Library Member Name

        44          6          0          0          0         84   __2sprintf.o
         8          0          0          0          0         68   __main.o
       104          0          0          0          0         84   __printf.o
         0          0          0          0          0          0   __rtentry.o
        12          0          0          0          0          0   __rtentry2.o
         6          0          0          0          0          0   __rtentry4.o
        52          8          0          0          0          0   __scatter.o
        26          0          0          0          0          0   __scatter_copy.o
        28          0          0          0          0          0   __scatter_zi.o
        44          0          0          0          0        108   _printf_char.o
        48          6          0          0          0         96   _printf_char_common.o
         6          0          0          0          0          0   _printf_d.o
       120         16          0          0          0         92   _printf_dec.o
       178          0          0          0          0         88   _printf_intcommon.o
         0          0          0          0          0          0   _printf_percent.o
         4          0          0          0          0          0   _printf_percent_end.o
         6          0          0          0          0          0   _printf_s.o
        82          0          0          0          0         80   _printf_str.o
        10          0          0          0          0         68   _sputc.o
        16          0          0          0          0         68   aeabi_memset.o
        18          0          0          0          0         80   exit.o
         6          0          0          0          0        152   heapauxi.o
         0          0          0          0          0          0   indicate_semi.o
         2          0          0          0          0          0   libinit.o
         2          0          0          0          0          0   libinit2.o
         2          0          0          0          0          0   libshutdown.o
         2          0          0          0          0          0   libshutdown2.o
         8          4          0          0         96         68   libspace.o
        68          0          0          0          0         68   rt_memclr.o
        78          0          0          0          0         80   rt_memclr_w.o
       138          0          0          0          0         68   rt_memcpy_v6.o
       100          0          0          0          0         80   rt_memcpy_w.o
         2          0          0          0          0          0   rtexit.o
        10          0          0          0          0          0   rtexit2.o
        12          4          0          0          0         68   sys_exit.o
        74          0          0          0          0         80   sys_stackheap_outer.o
         2          0          0          0          0         68   use_no_semi.o
       388         76          0          0          0         96   fdiv.o
        54          4          0          0          0         84   ffix.o
        62          4          0          0          0         84   ffixu.o
        38          0          0          0          0         68   fflt_clz.o
       258          4          0          0          0         84   fmul.o
       140          4          0          0          0         84   fnaninf.o
        10          0          0          0          0         68   fretinf.o
         0          0          0          0          0          0   usenofp.o

    ----------------------------------------------------------------------
      2284        136          0          0         96       2216   Library Totals
        16          0          0          0          0          0   (incl. Padding)

    ----------------------------------------------------------------------

      Code (inc. data)   RO Data    RW Data    ZI Data      Debug   Library Name

      1318         44          0          0         96       1648   c_w.l
       950         92          0          0          0        568   fz_ws.l

    ----------------------------------------------------------------------
      2284        136          0          0         96       2216   Library Totals

    ----------------------------------------------------------------------

==============================================================================


      Code (inc. data)   RO Data    RW Data    ZI Data      Debug   

     17888       1146        740        224       8600    1141647   Grand Totals
     17888       1146        740        224       8600    1141647   ELF Image Totals
     17888       1146        740        224          0          0   ROM Totals

==============================================================================

    Total RO  Size (Code + RO Data)                18628 (  18.19kB)
    Total RW  Size (RW Data + ZI Data)              8824 (   8.62kB)
    Total ROM Size (Code + RO Data + RW Data)      18852 (  18.41kB)

==============================================================================

