Component: ARM Compiler 5.06 update 7 (build 960) Tool: armlink [4d3601]

==============================================================================

Section Cross References

    startup_stm32f103xb.o(STACK) refers (Special) to heapauxi.o(.text) for __use_two_region_memory
    startup_stm32f103xb.o(HEAP) refers (Special) to heapauxi.o(.text) for __use_two_region_memory
    startup_stm32f103xb.o(RESET) refers (Special) to heapauxi.o(.text) for __use_two_region_memory
    startup_stm32f103xb.o(RESET) refers to startup_stm32f103xb.o(STACK) for __initial_sp
    startup_stm32f103xb.o(RESET) refers to startup_stm32f103xb.o(.text) for Reset_Handler
    startup_stm32f103xb.o(RESET) refers to port.o(.emb_text) for SVC_Handler
    startup_stm32f103xb.o(RESET) refers to cmsis_os2.o(i.SysTick_Handler) for SysTick_Handler
    startup_stm32f103xb.o(RESET) refers to stm32f1xx_it.o(i.DMA1_Channel5_IRQHandler) for DMA1_Channel5_IRQHandler
    startup_stm32f103xb.o(RESET) refers to stm32f1xx_it.o(i.DMA1_Channel6_IRQHandler) for DMA1_Channel6_IRQHandler
    startup_stm32f103xb.o(RESET) refers to stm32f1xx_it.o(i.TIM1_UP_IRQHandler) for TIM1_UP_IRQHandler
    startup_stm32f103xb.o(RESET) refers to stm32f1xx_it.o(i.USART1_IRQHandler) for USART1_IRQHandler
    startup_stm32f103xb.o(RESET) refers to stm32f1xx_it.o(i.USART2_IRQHandler) for USART2_IRQHandler
    startup_stm32f103xb.o(.text) refers (Special) to heapauxi.o(.text) for __use_two_region_memory
    startup_stm32f103xb.o(.text) refers to system_stm32f1xx.o(i.SystemInit) for SystemInit
    startup_stm32f103xb.o(.text) refers to __main.o(!!!main) for __main
    startup_stm32f103xb.o(.text) refers to startup_stm32f103xb.o(HEAP) for Heap_Mem
    startup_stm32f103xb.o(.text) refers to startup_stm32f103xb.o(STACK) for Stack_Mem
    main.o(i.HAL_TIM_PeriodElapsedCallback) refers to stm32f1xx_hal.o(i.HAL_IncTick) for HAL_IncTick
    main.o(i.SystemClock_Config) refers to rt_memclr_w.o(.text) for __aeabi_memclr4
    main.o(i.SystemClock_Config) refers to stm32f1xx_hal_rcc.o(i.HAL_RCC_OscConfig) for HAL_RCC_OscConfig
    main.o(i.SystemClock_Config) refers to main.o(i.Error_Handler) for Error_Handler
    main.o(i.SystemClock_Config) refers to stm32f1xx_hal_rcc.o(i.HAL_RCC_ClockConfig) for HAL_RCC_ClockConfig
    main.o(i.main) refers to stm32f1xx_hal.o(i.HAL_Init) for HAL_Init
    main.o(i.main) refers to main.o(i.SystemClock_Config) for SystemClock_Config
    main.o(i.main) refers to dma.o(i.MX_DMA_Init) for MX_DMA_Init
    main.o(i.main) refers to gpio.o(i.MX_GPIO_Init) for MX_GPIO_Init
    main.o(i.main) refers to usart.o(i.MX_USART1_UART_Init) for MX_USART1_UART_Init
    main.o(i.main) refers to usart.o(i.MX_USART2_UART_Init) for MX_USART2_UART_Init
    main.o(i.main) refers to stm32f1xx_hal_uart.o(i.HAL_UART_Receive_DMA) for HAL_UART_Receive_DMA
    main.o(i.main) refers to cmsis_os2.o(i.osKernelInitialize) for osKernelInitialize
    main.o(i.main) refers to freertos.o(i.MX_FREERTOS_Init) for MX_FREERTOS_Init
    main.o(i.main) refers to cmsis_os2.o(i.osKernelStart) for osKernelStart
    main.o(i.main) refers to usart.o(.bss) for huart1
    main.o(i.main) refers to main.o(.bss) for rx_buffer1
    gpio.o(i.MX_GPIO_Init) refers to stm32f1xx_hal_gpio.o(i.HAL_GPIO_WritePin) for HAL_GPIO_WritePin
    gpio.o(i.MX_GPIO_Init) refers to stm32f1xx_hal_gpio.o(i.HAL_GPIO_Init) for HAL_GPIO_Init
    freertos.o(i.MX_FREERTOS_Init) refers to cmsis_os2.o(i.osSemaphoreNew) for osSemaphoreNew
    freertos.o(i.MX_FREERTOS_Init) refers to cmsis_os2.o(i.osThreadNew) for osThreadNew
    freertos.o(i.MX_FREERTOS_Init) refers to freertos.o(.constdata) for WriteCmdBinarySem01_attributes
    freertos.o(i.MX_FREERTOS_Init) refers to freertos.o(.data) for WriteCmdBinarySem01Handle
    freertos.o(i.MX_FREERTOS_Init) refers to freertos.o(i.StartDefaultTask) for StartDefaultTask
    freertos.o(i.MX_FREERTOS_Init) refers to freertos.o(i.WriteConfirmStartTask02) for WriteConfirmStartTask02
    freertos.o(i.MX_FREERTOS_Init) refers to freertos.o(i.ReadConfirmStartTask03) for ReadConfirmStartTask03
    freertos.o(i.MX_FREERTOS_Init) refers to freertos.o(i.dataProcessStartTask04) for dataProcessStartTask04
    freertos.o(i.ReadConfirmStartTask03) refers to cmsis_os2.o(i.osDelay) for osDelay
    freertos.o(i.StartDefaultTask) refers to cmsis_os2.o(i.osDelay) for osDelay
    freertos.o(i.WriteConfirmStartTask02) refers to cmsis_os2.o(i.osDelay) for osDelay
    freertos.o(i.dataProcessStartTask04) refers to cmsis_os2.o(i.osSemaphoreAcquire) for osSemaphoreAcquire
    freertos.o(i.dataProcessStartTask04) refers to bsp_uart.o(i.ProcessData) for ProcessData
    freertos.o(i.dataProcessStartTask04) refers to rt_memclr.o(.text) for __aeabi_memclr
    freertos.o(i.dataProcessStartTask04) refers to stm32f1xx_hal_uart.o(i.HAL_UART_Receive_DMA) for HAL_UART_Receive_DMA
    freertos.o(i.dataProcessStartTask04) refers to cmsis_os2.o(i.osDelay) for osDelay
[...]
    UART_EndTxTransfer                       0x080023fd   Thumb Code    38  stm32f1xx_hal_uart.o(i.UART_EndTxTransfer)
    i.UART_Receive_IT                        0x08002422   Section        0  stm32f1xx_hal_uart.o(i.UART_Receive_IT)
    UART_Receive_IT                          0x08002423   Thumb Code   252  stm32f1xx_hal_uart.o(i.UART_Receive_IT)
    i.UART_SetConfig                         0x08002520   Section        0  stm32f1xx_hal_uart.o(i.UART_SetConfig)
    UART_SetConfig                           0x08002521   Thumb Code   248  stm32f1xx_hal_uart.o(i.UART_SetConfig)
    i.UART_Start_Receive_DMA                 0x0800261c   Section        0  stm32f1xx_hal_uart.o(i.UART_Start_Receive_DMA)
    i.UART_Transmit_IT                       0x080026e4   Section        0  stm32f1xx_hal_uart.o(i.UART_Transmit_IT)
    UART_Transmit_IT                         0x080026e5   Thumb Code    96  stm32f1xx_hal_uart.o(i.UART_Transmit_IT)
    i.UART_WaitOnFlagUntilTimeout            0x08002744   Section        0  stm32f1xx_hal_uart.o(i.UART_WaitOnFlagUntilTimeout)
    UART_WaitOnFlagUntilTimeout              0x08002745   Thumb Code   140  stm32f1xx_hal_uart.o(i.UART_WaitOnFlagUntilTimeout)
    i.USART1_IRQHandler                      0x080027d0   Section        0  stm32f1xx_it.o(i.USART1_IRQHandler)
    i.USART2_IRQHandler                      0x0800280c   Section        0  stm32f1xx_it.o(i.USART2_IRQHandler)
    i.WriteCmd                               0x08002848   Section        0  485_to_motor.o(i.WriteCmd)
    i.WriteConfirmStartTask02                0x080028b4   Section        0  freertos.o(i.WriteConfirmStartTask02)
    i.__NVIC_GetPriorityGrouping             0x080028c0   Section        0  stm32f1xx_hal_cortex.o(i.__NVIC_GetPriorityGrouping)
    __NVIC_GetPriorityGrouping               0x080028c1   Thumb Code    10  stm32f1xx_hal_cortex.o(i.__NVIC_GetPriorityGrouping)
    i.__NVIC_SetPriority                     0x080028d0   Section        0  stm32f1xx_hal_cortex.o(i.__NVIC_SetPriority)
    __NVIC_SetPriority                       0x080028d1   Thumb Code    32  stm32f1xx_hal_cortex.o(i.__NVIC_SetPriority)
    i.__get_IPSR                             0x080028f8   Section        0  cmsis_os2.o(i.__get_IPSR)
    __get_IPSR                               0x080028f9   Thumb Code     6  cmsis_os2.o(i.__get_IPSR)
    i.crc16_modbus                           0x080028fe   Section        0  crc16.o(i.crc16_modbus)
    i.dataProcessStartTask04                 0x08002934   Section        0  freertos.o(i.dataProcessStartTask04)
    i.data_dir                               0x08002988   Section        0  485_to_motor.o(i.data_dir)
    i.main                                   0x080029b0   Section        0  main.o(i.main)
    i.motor_set_speed                        0x08002a1c   Section        0  485_to_motor.o(i.motor_set_speed)
    i.motor_start_dir                        0x08002a32   Section        0  485_to_motor.o(i.motor_start_dir)
    i.motor_stop                             0x08002a4e   Section        0  485_to_motor.o(i.motor_stop)
    i.osDelay                                0x08002a5c   Section        0  cmsis_os2.o(i.osDelay)
    i.osKernelInitialize                     0x08002a7c   Section        0  cmsis_os2.o(i.osKernelInitialize)
    i.osKernelStart                          0x08002aa8   Section        0  cmsis_os2.o(i.osKernelStart)
    i.osSemaphoreAcquire                     0x08002b08   Section        0  cmsis_os2.o(i.osSemaphoreAcquire)
    i.osSemaphoreNew                         0x08002b74   Section        0  cmsis_os2.o(i.osSemaphoreNew)
    i.osSemaphoreRelease                     0x08002c40   Section        0  cmsis_os2.o(i.osSemaphoreRelease)
    i.osThreadNew                            0x08002c9c   Section        0  cmsis_os2.o(i.osThreadNew)
    i.prvAddCurrentTaskToDelayedList         0x08002d54   Section        0  tasks.o(i.prvAddCurrentTaskToDelayedList)
    prvAddCurrentTaskToDelayedList           0x08002d55   Thumb Code   100  tasks.o(i.prvAddCurrentTaskToDelayedList)
    i.prvAddNewTaskToReadyList               0x08002dd0   Section        0  tasks.o(i.prvAddNewTaskToReadyList)
    prvAddNewTaskToReadyList                 0x08002dd1   Thumb Code   154  tasks.o(i.prvAddNewTaskToReadyList)
    i.prvCheckForValidListAndQueue           0x08002e88   Section        0  timers.o(i.prvCheckForValidListAndQueue)
    prvCheckForValidListAndQueue             0x08002e89   Thumb Code    78  timers.o(i.prvCheckForValidListAndQueue)
    i.prvCheckTasksWaitingTermination        0x08002efc   Section        0  tasks.o(i.prvCheckTasksWaitingTermination)
    prvCheckTasksWaitingTermination          0x08002efd   Thumb Code    60  tasks.o(i.prvCheckTasksWaitingTermination)
    i.prvCopyDataFromQueue                   0x08002f44   Section        0  queue.o(i.prvCopyDataFromQueue)
    prvCopyDataFromQueue                     0x08002f45   Thumb Code    42  queue.o(i.prvCopyDataFromQueue)
    i.prvCopyDataToQueue                     0x08002f6e   Section        0  queue.o(i.prvCopyDataToQueue)
    prvCopyDataToQueue                       0x08002f6f   Thumb Code   126  queue.o(i.prvCopyDataToQueue)
    i.prvDeleteTCB                           0x08002fec   Section        0  tasks.o(i.prvDeleteTCB)
    prvDeleteTCB                             0x08002fed   Thumb Code    80  tasks.o(i.prvDeleteTCB)
    i.prvGetDisinheritPriorityAfterTimeout   0x0800303c   Section        0  queue.o(i.prvGetDisinheritPriorityAfterTimeout)
    prvGetDisinheritPriorityAfterTimeout     0x0800303d   Thumb Code    20  queue.o(i.prvGetDisinheritPriorityAfterTimeout)
    i.prvGetNextExpireTime                   0x08003050   Section        0  timers.o(i.prvGetNextExpireTime)
    prvGetNextExpireTime                     0x08003051   Thumb Code    36  timers.o(i.prvGetNextExpireTime)
    i.prvHeapInit                            0x08003078   Section        0  heap_4.o(i.prvHeapInit)
    prvHeapInit                              0x08003079   Thumb Code    98  heap_4.o(i.prvHeapInit)
    i.prvIdleTask                            0x080030f4   Section        0  tasks.o(i.prvIdleTask)
    prvIdleTask                              0x080030f5   Thumb Code    32  tasks.o(i.prvIdleTask)
    i.prvInitialiseNewQueue                  0x0800311c   Section        0  queue.o(i.prvInitialiseNewQueue)
    prvInitialiseNewQueue                    0x0800311d   Thumb Code    42  queue.o(i.prvInitialiseNewQueue)
    i.prvInitialiseNewTask                   0x08003146   Section        0  tasks.o(i.prvInitialiseNewTask)
    prvInitialiseNewTask                     0x08003147   Thumb Code   190  tasks.o(i.prvInitialiseNewTask)
    i.prvInitialiseTaskLists                 0x08003204   Section        0  tasks.o(i.prvInitialiseTaskLists)
    prvInitialiseTaskLists                   0x08003205   Thumb Code    70  tasks.o(i.prvInitialiseTaskLists)
    i.prvInsertBlockIntoFreeList             0x0800326c   Section        0  heap_4.o(i.prvInsertBlockIntoFreeList)
    prvInsertBlockIntoFreeList               0x0800326d   Thumb Code    96  heap_4.o(i.prvInsertBlockIntoFreeList)
    i.prvInsertTimerInActiveList             0x080032d4   Section        0  timers.o(i.prvInsertTimerInActiveList)
    prvInsertTimerInActiveList               0x080032d5   Thumb Code    80  timers.o(i.prvInsertTimerInActiveList)
    i.prvIsQueueEmpty                        0x0800332c   Section        0  queue.o(i.prvIsQueueEmpty)
    prvIsQueueEmpty                          0x0800332d   Thumb Code    26  queue.o(i.prvIsQueueEmpty)
    i.prvIsQueueFull                         0x08003346   Section        0  queue.o(i.prvIsQueueFull)
    prvIsQueueFull                           0x08003347   Thumb Code    30  queue.o(i.prvIsQueueFull)
    i.prvProcessExpiredTimer                 0x08003364   Section        0  timers.o(i.prvProcessExpiredTimer)
    prvProcessExpiredTimer                   0x08003365   Thumb Code   110  timers.o(i.prvProcessExpiredTimer)
    i.prvProcessReceivedCommands             0x080033d8   Section        0  timers.o(i.prvProcessReceivedCommands)
    prvProcessReceivedCommands               0x080033d9   Thumb Code   350  timers.o(i.prvProcessReceivedCommands)
    i.prvProcessTimerOrBlockTask             0x0800353c   Section        0  timers.o(i.prvProcessTimerOrBlockTask)
    prvProcessTimerOrBlockTask               0x0800353d   Thumb Code   102  timers.o(i.prvProcessTimerOrBlockTask)
    i.prvResetNextTaskUnblockTime            0x080035b0   Section        0  tasks.o(i.prvResetNextTaskUnblockTime)
    prvResetNextTaskUnblockTime              0x080035b1   Thumb Code    42  tasks.o(i.prvResetNextTaskUnblockTime)
    i.prvSampleTimeNow                       0x080035e4   Section        0  timers.o(i.prvSampleTimeNow)
    prvSampleTimeNow                         0x080035e5   Thumb Code    40  timers.o(i.prvSampleTimeNow)
    i.prvSwitchTimerLists                    0x08003610   Section        0  timers.o(i.prvSwitchTimerLists)
    prvSwitchTimerLists                      0x08003611   Thumb Code   154  timers.o(i.prvSwitchTimerLists)
    i.prvTaskExitError                       0x080036b4   Section        0  port.o(i.prvTaskExitError)
    prvTaskExitError                         0x080036b5   Thumb Code    60  port.o(i.prvTaskExitError)
    i.prvTimerTask                           0x080036f4   Section        0  timers.o(i.prvTimerTask)
    prvTimerTask                             0x080036f5   Thumb Code    26  timers.o(i.prvTimerTask)
    i.prvUnlockQueue                         0x0800370e   Section        0  queue.o(i.prvUnlockQueue)
    prvUnlockQueue                           0x0800370f   Thumb Code   126  queue.o(i.prvUnlockQueue)
    i.pvPortMalloc                           0x0800378c   Section        0  heap_4.o(i.pvPortMalloc)
    i.pvTaskIncrementMutexHeldCount          0x080038d8   Section        0  tasks.o(i.pvTaskIncrementMutexHeldCount)
    i.pxPortInitialiseStack                  0x080038f8   Section        0  port.o(i.pxPortInitialiseStack)
    i.uxListRemove                           0x0800391c   Section        0  list.o(i.uxListRemove)
    i.vApplicationGetIdleTaskMemory          0x08003944   Section        0  cmsis_os2.o(i.vApplicationGetIdleTaskMemory)
    i.vApplicationGetTimerTaskMemory         0x0800395c   Section        0  cmsis_os2.o(i.vApplicationGetTimerTaskMemory)
    i.vListInitialise                        0x08003974   Section        0  list.o(i.vListInitialise)
    i.vListInitialiseItem                    0x0800398e   Section        0  list.o(i.vListInitialiseItem)
    i.vListInsert                            0x08003994   Section        0  list.o(i.vListInsert)
    i.vListInsertEnd                         0x080039c8   Section        0  list.o(i.vListInsertEnd)
    i.vPortEnterCritical                     0x080039e0   Section        0  port.o(i.vPortEnterCritical)
    i.vPortExitCritical                      0x08003a34   Section        0  port.o(i.vPortExitCritical)
    i.vPortFree                              0x08003a70   Section        0  heap_4.o(i.vPortFree)
    i.vPortSetupTimerInterrupt               0x08003b14   Section        0  port.o(i.vPortSetupTimerInterrupt)
    i.vPortValidateInterruptPriority         0x08003b3c   Section        0  port.o(i.vPortValidateInterruptPriority)
    i.vQueueAddToRegistry                    0x08003bb4   Section        0  queue.o(i.vQueueAddToRegistry)
    i.vQueueDelete                           0x08003be0   Section        0  queue.o(i.vQueueDelete)
    i.vQueueUnregisterQueue                  0x08003c14   Section        0  queue.o(i.vQueueUnregisterQueue)
    i.vQueueWaitForMessageRestricted         0x08003c44   Section        0  queue.o(i.vQueueWaitForMessageRestricted)
    i.vTaskDelay                             0x08003c90   Section        0  tasks.o(i.vTaskDelay)
    i.vTaskInternalSetTimeOutState           0x08003cec   Section        0  tasks.o(i.vTaskInternalSetTimeOutState)
    i.vTaskMissedYield                       0x08003d04   Section        0  tasks.o(i.vTaskMissedYield)
    i.vTaskPlaceOnEventList                  0x08003d10   Section        0  tasks.o(i.vTaskPlaceOnEventList)
    i.vTaskPlaceOnEventListRestricted        0x08003d48   Section        0  tasks.o(i.vTaskPlaceOnEventListRestricted)
    i.vTaskPriorityDisinheritAfterTimeout    0x08003d88   Section        0  tasks.o(i.vTaskPriorityDisinheritAfterTimeout)
    i.vTaskStartScheduler                    0x08003e58   Section        0  tasks.o(i.vTaskStartScheduler)
    i.vTaskSuspendAll                        0x08003f10   Section        0  tasks.o(i.vTaskSuspendAll)
    i.vTaskSwitchContext                     0x08003f20   Section        0  tasks.o(i.vTaskSwitchContext)
    i.xPortStartScheduler                    0x08003fb0   Section        0  port.o(i.xPortStartScheduler)
    i.xPortSysTickHandler                    0x080040a8   Section        0  port.o(i.xPortSysTickHandler)
    i.xQueueCreateCountingSemaphore          0x080040dc   Section        0  queue.o(i.xQueueCreateCountingSemaphore)
    i.xQueueCreateCountingSemaphoreStatic    0x08004138   Section        0  queue.o(i.xQueueCreateCountingSemaphoreStatic)
    i.xQueueGenericCreate                    0x0800419c   Section        0  queue.o(i.xQueueGenericCreate)
    i.xQueueGenericCreateStatic              0x080041f6   Section        0  queue.o(i.xQueueGenericCreateStatic)
    i.xQueueGenericReset                     0x080042d8   Section        0  queue.o(i.xQueueGenericReset)
    i.xQueueGenericSend                      0x08004370   Section        0  queue.o(i.xQueueGenericSend)
    i.xQueueGenericSendFromISR               0x08004518   Section        0  queue.o(i.xQueueGenericSendFromISR)
    i.xQueueGiveFromISR                      0x08004614   Section        0  queue.o(i.xQueueGiveFromISR)
    i.xQueueReceive                          0x080046f4   Section        0  queue.o(i.xQueueReceive)
    i.xQueueReceiveFromISR                   0x0800485c   Section        0  queue.o(i.xQueueReceiveFromISR)
    i.xQueueSemaphoreTake                    0x08004928   Section        0  queue.o(i.xQueueSemaphoreTake)
    i.xTaskCheckForTimeOut                   0x08004ae0   Section        0  tasks.o(i.xTaskCheckForTimeOut)
    i.xTaskCreate                            0x08004b6c   Section        0  tasks.o(i.xTaskCreate)
    i.xTaskCreateStatic                      0x08004bd0   Section        0  tasks.o(i.xTaskCreateStatic)
    i.xTaskGetSchedulerState                 0x08004c8c   Section        0  tasks.o(i.xTaskGetSchedulerState)
    i.xTaskGetTickCount                      0x08004cac   Section        0  tasks.o(i.xTaskGetTickCount)
    i.xTaskIncrementTick                     0x08004cb8   Section        0  tasks.o(i.xTaskIncrementTick)
    i.xTaskPriorityDisinherit                0x08004dfc   Section        0  tasks.o(i.xTaskPriorityDisinherit)
    i.xTaskPriorityInherit                   0x08004ea0   Section        0  tasks.o(i.xTaskPriorityInherit)
    i.xTaskRemoveFromEventList               0x08004f44   Section        0  tasks.o(i.xTaskRemoveFromEventList)
    i.xTaskResumeAll                         0x08004fdc   Section        0  tasks.o(i.xTaskResumeAll)
    i.xTimerCreateTimerTask                  0x080050e0   Section        0  timers.o(i.xTimerCreateTimerTask)
    i.xTimerGenericCommand                   0x08005158   Section        0  timers.o(i.xTimerGenericCommand)
    .constdata                               0x080051dc   Section      192  freertos.o(.constdata)
    .constdata                               0x0800529c   Section       18  stm32f1xx_hal_rcc.o(.constdata)
    aPLLMULFactorTable                       0x0800529c   Data          16  stm32f1xx_hal_rcc.o(.constdata)
    aPredivFactorTable                       0x080052ac   Data           2  stm32f1xx_hal_rcc.o(.constdata)
    .constdata                               0x080052ae   Section       24  system_stm32f1xx.o(.constdata)
    .conststring                             0x080052c8   Section      116  freertos.o(.conststring)
    .data                                    0x20000000   Section       32  freertos.o(.data)
    .data                                    0x20000020   Section        9  stm32f1xx_hal.o(.data)
    .data                                    0x2000002c   Section        4  system_stm32f1xx.o(.data)
    .data                                    0x20000030   Section       60  tasks.o(.data)
    pxDelayedTaskList                        0x20000034   Data           4  tasks.o(.data)
    pxOverflowDelayedTaskList                0x20000038   Data           4  tasks.o(.data)
    uxDeletedTasksWaitingCleanUp             0x2000003c   Data           4  tasks.o(.data)
    uxCurrentNumberOfTasks                   0x20000040   Data           4  tasks.o(.data)
    xTickCount                               0x20000044   Data           4  tasks.o(.data)
    uxTopReadyPriority                       0x20000048   Data           4  tasks.o(.data)
    xSchedulerRunning                        0x2000004c   Data           4  tasks.o(.data)
    xPendedTicks                             0x20000050   Data           4  tasks.o(.data)
    xYieldPending                            0x20000054   Data           4  tasks.o(.data)
    xNumOfOverflows                          0x20000058   Data           4  tasks.o(.data)
    uxTaskNumber                             0x2000005c   Data           4  tasks.o(.data)
    xNextTaskUnblockTime                     0x20000060   Data           4  tasks.o(.data)
    xIdleTaskHandle                          0x20000064   Data           4  tasks.o(.data)
    uxSchedulerSuspended                     0x20000068   Data           4  tasks.o(.data)
    .data                                    0x2000006c   Section       20  timers.o(.data)
    pxCurrentTimerList                       0x2000006c   Data           4  timers.o(.data)
    pxOverflowTimerList                      0x20000070   Data           4  timers.o(.data)
    xTimerQueue                              0x20000074   Data           4  timers.o(.data)
    xTimerTaskHandle                         0x20000078   Data           4  timers.o(.data)
    xLastTime                                0x2000007c   Data           4  timers.o(.data)
    .data                                    0x20000080   Section        4  cmsis_os2.o(.data)
    KernelState                              0x20000080   Data           4  cmsis_os2.o(.data)
    .data                                    0x20000084   Section       32  heap_4.o(.data)
    xStart                                   0x20000084   Data           8  heap_4.o(.data)
    pxEnd                                    0x2000008c   Data           4  heap_4.o(.data)
    xFreeBytesRemaining                      0x20000090   Data           4  heap_4.o(.data)
    xMinimumEverFreeBytesRemaining           0x20000094   Data           4  heap_4.o(.data)
    xNumberOfSuccessfulAllocations           0x20000098   Data           4  heap_4.o(.data)
    xNumberOfSuccessfulFrees                 0x2000009c   Data           4  heap_4.o(.data)
    xBlockAllocatedBit                       0x200000a0   Data           4  heap_4.o(.data)
    .data                                    0x200000a4   Section       12  port.o(.data)
    uxCriticalNesting                        0x200000a4   Data           4  port.o(.data)
    ucMaxSysCallPriority                     0x200000a8   Data           1  port.o(.data)
    ulMaxPRIGROUPValue                       0x200000ac   Data           4  port.o(.data)
    .data                                    0x200000b0   Section       18  485_to_motor.o(.data)
    .bss                                     0x200000c4   Section      128  main.o(.bss)
    .bss                                     0x20000144   Section      280  usart.o(.bss)
    .bss                                     0x2000025c   Section       72  stm32f1xx_hal_timebase_tim.o(.bss)
    .bss                                     0x200002a4   Section       64  queue.o(.bss)
    .bss                                     0x200002e4   Section     1220  tasks.o(.bss)
    pxReadyTasksLists                        0x200002e4   Data        1120  tasks.o(.bss)
    xDelayedTaskList1                        0x20000744   Data          20  tasks.o(.bss)
    xDelayedTaskList2                        0x20000758   Data          20  tasks.o(.bss)
    xPendingReadyList                        0x2000076c   Data          20  tasks.o(.bss)
    xTasksWaitingTermination                 0x20000780   Data          20  tasks.o(.bss)
    xSuspendedTaskList                       0x20000794   Data          20  tasks.o(.bss)
    .bss                                     0x200007a8   Section      280  timers.o(.bss)
    xActiveTimerList1                        0x200007a8   Data          20  timers.o(.bss)
    xActiveTimerList2                        0x200007bc   Data          20  timers.o(.bss)
    xStaticTimerQueue                        0x200007d0   Data          80  timers.o(.bss)
    ucStaticTimerQueueStorage                0x20000820   Data         160  timers.o(.bss)
    .bss                                     0x200008c0   Section     1720  cmsis_os2.o(.bss)
    Idle_TCB                                 0x200008c0   Data          92  cmsis_os2.o(.bss)
    Idle_Stack                               0x2000091c   Data         512  cmsis_os2.o(.bss)
    Timer_TCB                                0x20000b1c   Data          92  cmsis_os2.o(.bss)
    Timer_Stack                              0x20000b78   Data        1024  cmsis_os2.o(.bss)
    .bss                                     0x20000f78   Section     3072  heap_4.o(.bss)
    ucHeap                                   0x20000f78   Data        3072  heap_4.o(.bss)
    .bss                                     0x20001b78   Section      246  bsp_uart.o(.bss)
    .bss                                     0x20001c6e   Section       64  485_to_motor.o(.bss)
    .bss                                     0x20001cb0   Section       96  libspace.o(.bss)
    HEAP                                     0x20001d10   Section      512  startup_stm32f103xb.o(HEAP)
    Heap_Mem                                 0x20001d10   Data         512  startup_stm32f103xb.o(HEAP)
    STACK                                    0x20001f10   Section     1024  startup_stm32f103xb.o(STACK)
    Stack_Mem                                0x20001f10   Data        1024  startup_stm32f103xb.o(STACK)
    __initial_sp                             0x20002310   Data           0  startup_stm32f103xb.o(STACK)

    Global Symbols

    Symbol Name                              Value     Ov Type        Size  Object(Section)

    BuildAttributes$$THM_ISAv4$P$D$K$B$S$PE$A:L22UL41UL21$X:L11$S22US41US21$IEEE1$IW$USESV6$~STKCKD$USESV7$~SHL$OSPACE$ROPI$EBA8$UX$STANDARDLIB$REQ8$PRES8$EABIv2 0x00000000   Number         0  anon$$obj.o ABSOLUTE
    __ARM_use_no_argv                        0x00000000   Number         0  main.o ABSOLUTE
    __ARM_exceptions_init                     - Undefined Weak Reference
    __alloca_initialize                       - Undefined Weak Reference
    __arm_fini_                               - Undefined Weak Reference
    __arm_preinit_                            - Undefined Weak Reference
    __cpp_initialize__aeabi_                  - Undefined Weak Reference
    __cxa_finalize                            - Undefined Weak Reference
    __rt_locale                               - Undefined Weak Reference
    __sigvec_lookup                           - Undefined Weak Reference
    _atexit_init                              - Undefined Weak Reference
    _call_atexit_fns                          - Undefined Weak Reference
    _clock_init                               - Undefined Weak Reference
    _fp_trap_init                             - Undefined Weak Reference
    _fp_trap_shutdown                         - Undefined Weak Reference
    _get_lc_collate                           - Undefined Weak Reference
    _get_lc_ctype                             - Undefined Weak Reference
    _get_lc_monetary                          - Undefined Weak Reference
    _get_lc_numeric                           - Undefined Weak Reference
    _get_lc_time                              - Undefined Weak Reference
    _getenv_init                              - Undefined Weak Reference
    _handle_redirection                       - Undefined Weak Reference
    _init_alloc                               - Undefined Weak Reference
    _init_user_alloc                          - Undefined Weak Reference
    _initio                                   - Undefined Weak Reference
    _rand_init                                - Undefined Weak Reference
    _signal_finish                            - Undefined Weak Reference
    _signal_init                              - Undefined Weak Reference
    _terminate_alloc                          - Undefined Weak Reference
    _terminate_user_alloc                     - Undefined Weak Reference
    _terminateio                              - Undefined Weak Reference
    __Vectors_Size                           0x000000ec   Number         0  startup_stm32f103xb.o ABSOLUTE
    __Vectors                                0x08000000   Data           4  startup_stm32f103xb.o(RESET)
    __Vectors_End                            0x080000ec   Data           0  startup_stm32f103xb.o(RESET)
    __main                                   0x080000ed   Thumb Code     8  __main.o(!!!main)
    __scatterload                            0x080000f5   Thumb Code     0  __scatter.o(!!!scatter)
    __scatterload_rt2                        0x080000f5   Thumb Code    44  __scatter.o(!!!scatter)
    __scatterload_rt2_thumb_only             0x080000f5   Thumb Code     0  __scatter.o(!!!scatter)
    __scatterload_null                       0x08000103   Thumb Code     0  __scatter.o(!!!scatter)
    __scatterload_copy                       0x08000129   Thumb Code    26  __scatter_copy.o(!!handler_copy)
    __scatterload_zeroinit                   0x08000145   Thumb Code    28  __scatter_zi.o(!!handler_zi)
    __rt_lib_init                            0x08000161   Thumb Code     0  libinit.o(.ARM.Collect$$libinit$$00000000)
    __rt_lib_init_alloca_1                   0x08000163   Thumb Code     0  libinit2.o(.ARM.Collect$$libinit$$0000002E)
    __rt_lib_init_argv_1                     0x08000163   Thumb Code     0  libinit2.o(.ARM.Collect$$libinit$$0000002C)
    __rt_lib_init_atexit_1                   0x08000163   Thumb Code     0  libinit2.o(.ARM.Collect$$libinit$$0000001B)
    __rt_lib_init_clock_1                    0x08000163   Thumb Code     0  libinit2.o(.ARM.Collect$$libinit$$00000021)
    __rt_lib_init_cpp_1                      0x08000163   Thumb Code     0  libinit2.o(.ARM.Collect$$libinit$$00000032)
    __rt_lib_init_exceptions_1               0x08000163   Thumb Code     0  libinit2.o(.ARM.Collect$$libinit$$00000030)
    __rt_lib_init_fp_1                       0x08000163   Thumb Code     0  libinit2.o(.ARM.Collect$$libinit$$00000002)
    __rt_lib_init_fp_trap_1                  0x08000163   Thumb Code     0  libinit2.o(.ARM.Collect$$libinit$$0000001F)
    __rt_lib_init_getenv_1                   0x08000163   Thumb Code     0  libinit2.o(.ARM.Collect$$libinit$$00000023)
    __rt_lib_init_heap_1                     0x08000163   Thumb Code     0  libinit2.o(.ARM.Collect$$libinit$$0000000A)
    __rt_lib_init_lc_collate_1               0x08000163   Thumb Code     0  libinit2.o(.ARM.Collect$$libinit$$00000011)
    __rt_lib_init_lc_ctype_1                 0x08000163   Thumb Code     0  libinit2.o(.ARM.Collect$$libinit$$00000013)
    __rt_lib_init_lc_monetary_1              0x08000163   Thumb Code     0  libinit2.o(.ARM.Collect$$libinit$$00000015)
    __rt_lib_init_lc_numeric_1               0x08000163   Thumb Code     0  libinit2.o(.ARM.Collect$$libinit$$00000017)
    __rt_lib_init_lc_time_1                  0x08000163   Thumb Code     0  libinit2.o(.ARM.Collect$$libinit$$00000019)
    __rt_lib_init_preinit_1                  0x08000163   Thumb Code     0  libinit2.o(.ARM.Collect$$libinit$$00000004)
    __rt_lib_init_rand_1                     0x08000163   Thumb Code     0  libinit2.o(.ARM.Collect$$libinit$$0000000E)
    __rt_lib_init_return                     0x08000163   Thumb Code     0  libinit2.o(.ARM.Collect$$libinit$$00000033)
    __rt_lib_init_signal_1                   0x08000163   Thumb Code     0  libinit2.o(.ARM.Collect$$libinit$$0000001D)
    __rt_lib_init_stdio_1                    0x08000163   Thumb Code     0  libinit2.o(.ARM.Collect$$libinit$$00000025)
    __rt_lib_init_user_alloc_1               0x08000163   Thumb Code     0  libinit2.o(.ARM.Collect$$libinit$$0000000C)
    __rt_lib_shutdown                        0x08000165   Thumb Code     0  libshutdown.o(.ARM.Collect$$libshutdown$$00000000)
    __rt_lib_shutdown_cpp_1                  0x08000167   Thumb Code     0  libshutdown2.o(.ARM.Collect$$libshutdown$$00000004)
    __rt_lib_shutdown_fini_1                 0x08000167   Thumb Code     0  libshutdown2.o(.ARM.Collect$$libshutdown$$00000002)
    __rt_lib_shutdown_fp_trap_1              0x08000167   Thumb Code     0  libshutdown2.o(.ARM.Collect$$libshutdown$$00000009)
    __rt_lib_shutdown_heap_1                 0x08000167   Thumb Code     0  libshutdown2.o(.ARM.Collect$$libshutdown$$00000011)
    __rt_lib_shutdown_return                 0x08000167   Thumb Code     0  libshutdown2.o(.ARM.Collect$$libshutdown$$00000012)
    __rt_lib_shutdown_signal_1               0x08000167   Thumb Code     0  libshutdown2.o(.ARM.Collect$$libshutdown$$0000000C)
    __rt_lib_shutdown_stdio_1                0x08000167   Thumb Code     0  libshutdown2.o(.ARM.Collect$$libshutdown$$00000006)
    __rt_lib_shutdown_user_alloc_1           0x08000167   Thumb Code     0  libshutdown2.o(.ARM.Collect$$libshutdown$$0000000E)
    __rt_entry                               0x08000169   Thumb Code     0  __rtentry.o(.ARM.Collect$$rtentry$$00000000)
    __rt_entry_presh_1                       0x08000169   Thumb Code     0  __rtentry2.o(.ARM.Collect$$rtentry$$00000002)
    __rt_entry_sh                            0x08000169   Thumb Code     0  __rtentry4.o(.ARM.Collect$$rtentry$$00000004)
    __rt_entry_li                            0x0800016f   Thumb Code     0  __rtentry2.o(.ARM.Collect$$rtentry$$0000000A)
    __rt_entry_postsh_1                      0x0800016f   Thumb Code     0  __rtentry2.o(.ARM.Collect$$rtentry$$00000009)
    __rt_entry_main                          0x08000173   Thumb Code     0  __rtentry2.o(.ARM.Collect$$rtentry$$0000000D)
    __rt_entry_postli_1                      0x08000173   Thumb Code     0  __rtentry2.o(.ARM.Collect$$rtentry$$0000000C)
    __rt_exit                                0x0800017b   Thumb Code     0  rtexit.o(.ARM.Collect$$rtexit$$00000000)
    __rt_exit_ls                             0x0800017d   Thumb Code     0  rtexit2.o(.ARM.Collect$$rtexit$$00000003)
    __rt_exit_prels_1                        0x0800017d   Thumb Code     0  rtexit2.o(.ARM.Collect$$rtexit$$00000002)
    __rt_exit_exit                           0x08000181   Thumb Code     0  rtexit2.o(.ARM.Collect$$rtexit$$00000004)
    SVC_Handler                              0x08000189   Thumb Code    32  port.o(.emb_text)
    __asm___6_port_c_39a90d8d__prvStartFirstTask 0x080001ad   Thumb Code    28  port.o(.emb_text)
    PendSV_Handler                           0x080001cd   Thumb Code    72  port.o(.emb_text)
    vPortGetIPSR                             0x08000219   Thumb Code     6  port.o(.emb_text)
    Reset_Handler                            0x08000221   Thumb Code     8  startup_stm32f103xb.o(.text)
    NMI_Handler                              0x08000229   Thumb Code     2  startup_stm32f103xb.o(.text)
    HardFault_Handler                        0x0800022b   Thumb Code     2  startup_stm32f103xb.o(.text)
    MemManage_Handler                        0x0800022d   Thumb Code     2  startup_stm32f103xb.o(.text)
    BusFault_Handler                         0x0800022f   Thumb Code     2  startup_stm32f103xb.o(.text)
    UsageFault_Handler                       0x08000231   Thumb Code     2  startup_stm32f103xb.o(.text)
    DebugMon_Handler                         0x08000235   Thumb Code     2  startup_stm32f103xb.o(.text)
    ADC1_2_IRQHandler                        0x0800023b   Thumb Code     0  startup_stm32f103xb.o(.text)
    CAN1_RX1_IRQHandler                      0x0800023b   Thumb Code     0  startup_stm32f103xb.o(.text)
    CAN1_SCE_IRQHandler                      0x0800023b   Thumb Code     0  startup_stm32f103xb.o(.text)
    DMA1_Channel1_IRQHandler                 0x0800023b   Thumb Code     0  startup_stm32f103xb.o(.text)
    DMA1_Channel2_IRQHandler                 0x0800023b   Thumb Code     0  startup_stm32f103xb.o(.text)
    DMA1_Channel3_IRQHandler                 0x0800023b   Thumb Code     0  startup_stm32f103xb.o(.text)
    DMA1_Channel4_IRQHandler                 0x0800023b   Thumb Code     0  startup_stm32f103xb.o(.text)
    DMA1_Channel7_IRQHandler                 0x0800023b   Thumb Code     0  startup_stm32f103xb.o(.text)
    EXTI0_IRQHandler                         0x0800023b   Thumb Code     0  startup_stm32f103xb.o(.text)
    EXTI15_10_IRQHandler                     0x0800023b   Thumb Code     0  startup_stm32f103xb.o(.text)
    EXTI1_IRQHandler                         0x0800023b   Thumb Code     0  startup_stm32f103xb.o(.text)
    EXTI2_IRQHandler                         0x0800023b   Thumb Code     0  startup_stm32f103xb.o(.text)
    EXTI3_IRQHandler                         0x0800023b   Thumb Code     0  startup_stm32f103xb.o(.text)
    EXTI4_IRQHandler                         0x0800023b   Thumb Code     0  startup_stm32f103xb.o(.text)
    EXTI9_5_IRQHandler                       0x0800023b   Thumb Code     0  startup_stm32f103xb.o(.text)
    FLASH_IRQHandler                         0x0800023b   Thumb Code     0  startup_stm32f103xb.o(.text)
    I2C1_ER_IRQHandler                       0x0800023b   Thumb Code     0  startup_stm32f103xb.o(.text)
    I2C1_EV_IRQHandler                       0x0800023b   Thumb Code     0  startup_stm32f103xb.o(.text)
    I2C2_ER_IRQHandler                       0x0800023b   Thumb Code     0  startup_stm32f103xb.o(.text)
    I2C2_EV_IRQHandler                       0x0800023b   Thumb Code     0  startup_stm32f103xb.o(.text)
    PVD_IRQHandler                           0x0800023b   Thumb Code     0  startup_stm32f103xb.o(.text)
    RCC_IRQHandler                           0x0800023b   Thumb Code     0  startup_stm32f103xb.o(.text)
    RTC_Alarm_IRQHandler                     0x0800023b   Thumb Code     0  startup_stm32f103xb.o(.text)
    RTC_IRQHandler                           0x0800023b   Thumb Code     0  startup_stm32f103xb.o(.text)
    SPI1_IRQHandler                          0x0800023b   Thumb Code     0  startup_stm32f103xb.o(.text)
    SPI2_IRQHandler                          0x0800023b   Thumb Code     0  startup_stm32f103xb.o(.text)
    TAMPER_IRQHandler                        0x0800023b   Thumb Code     0  startup_stm32f103xb.o(.text)
    TIM1_BRK_IRQHandler                      0x0800023b   Thumb Code     0  startup_stm32f103xb.o(.text)
    TIM1_CC_IRQHandler                       0x0800023b   Thumb Code     0  startup_stm32f103xb.o(.text)
    TIM1_TRG_COM_IRQHandler                  0x0800023b   Thumb Code     0  startup_stm32f103xb.o(.text)
    TIM2_IRQHandler                          0x0800023b   Thumb Code     0  startup_stm32f103xb.o(.text)
    TIM3_IRQHandler                          0x0800023b   Thumb Code     0  startup_stm32f103xb.o(.text)
    TIM4_IRQHandler                          0x0800023b   Thumb Code     0  startup_stm32f103xb.o(.text)
    USART3_IRQHandler                        0x0800023b   Thumb Code     0  startup_stm32f103xb.o(.text)
    USBWakeUp_IRQHandler                     0x0800023b   Thumb Code     0  startup_stm32f103xb.o(.text)
    USB_HP_CAN1_TX_IRQHandler                0x0800023b   Thumb Code     0  startup_stm32f103xb.o(.text)
    USB_LP_CAN1_RX0_IRQHandler               0x0800023b   Thumb Code     0  startup_stm32f103xb.o(.text)
    WWDG_IRQHandler                          0x0800023b   Thumb Code     0  startup_stm32f103xb.o(.text)
    __user_initial_stackheap                 0x0800023d   Thumb Code     0  startup_stm32f103xb.o(.text)
    __aeabi_memcpy                           0x08000261   Thumb Code     0  rt_memcpy_v6.o(.text)
    __rt_memcpy                              0x08000261   Thumb Code   138  rt_memcpy_v6.o(.text)
    _memcpy_lastbytes                        0x080002c7   Thumb Code     0  rt_memcpy_v6.o(.text)
    __aeabi_memset                           0x080002eb   Thumb Code    16  aeabi_memset.o(.text)
    __aeabi_memclr                           0x080002fb   Thumb Code     0  rt_memclr.o(.text)
    __rt_memclr                              0x080002fb   Thumb Code    68  rt_memclr.o(.text)
    _memset                                  0x080002ff   Thumb Code     0  rt_memclr.o(.text)
    __aeabi_memclr4                          0x0800033f   Thumb Code     0  rt_memclr_w.o(.text)
    __aeabi_memclr8                          0x0800033f   Thumb Code     0  rt_memclr_w.o(.text)
    __rt_memclr_w                            0x0800033f   Thumb Code    78  rt_memclr_w.o(.text)
    _memset_w                                0x08000343   Thumb Code     0  rt_memclr_w.o(.text)
    __use_two_region_memory                  0x0800038d   Thumb Code     2  heapauxi.o(.text)
    __rt_heap_escrow$2region                 0x0800038f   Thumb Code     2  heapauxi.o(.text)
    __rt_heap_expand$2region                 0x08000391   Thumb Code     2  heapauxi.o(.text)
    __aeabi_memcpy4                          0x08000393   Thumb Code     0  rt_memcpy_w.o(.text)
    __aeabi_memcpy8                          0x08000393   Thumb Code     0  rt_memcpy_w.o(.text)
    __rt_memcpy_w                            0x08000393   Thumb Code   100  rt_memcpy_w.o(.text)
    _memcpy_lastbytes_aligned                0x080003db   Thumb Code     0  rt_memcpy_w.o(.text)
    __user_setup_stackheap                   0x080003f7   Thumb Code    74  sys_stackheap_outer.o(.text)
    exit                                     0x08000441   Thumb Code    18  exit.o(.text)
    __user_libspace                          0x08000455   Thumb Code     8  libspace.o(.text)
    __user_perproc_libspace                  0x08000455   Thumb Code     0  libspace.o(.text)
    __user_perthread_libspace                0x08000455   Thumb Code     0  libspace.o(.text)
    _sys_exit                                0x0800045d   Thumb Code     8  sys_exit.o(.text)
    __I$use$semihosting                      0x08000469   Thumb Code     0  use_no_semi.o(.text)
    __use_no_semihosting_swi                 0x08000469   Thumb Code     2  use_no_semi.o(.text)
    __semihosting_library_function           0x0800046b   Thumb Code     0  indicate_semi.o(.text)
    DMA1_Channel5_IRQHandler                 0x0800046d   Thumb Code    10  stm32f1xx_it.o(i.DMA1_Channel5_IRQHandler)
    DMA1_Channel6_IRQHandler                 0x0800047d   Thumb Code    10  stm32f1xx_it.o(i.DMA1_Channel6_IRQHandler)
    Error_Handler                            0x080004b9   Thumb Code     6  main.o(i.Error_Handler)
    HAL_DMA_Abort                            0x080004bf   Thumb Code    86  stm32f1xx_hal_dma.o(i.HAL_DMA_Abort)
    HAL_DMA_Abort_IT                         0x08000515   Thumb Code   172  stm32f1xx_hal_dma.o(i.HAL_DMA_Abort_IT)
    HAL_DMA_IRQHandler                       0x080005c5   Thumb Code   408  stm32f1xx_hal_dma.o(i.HAL_DMA_IRQHandler)
    HAL_DMA_Init                             0x08000761   Thumb Code   100  stm32f1xx_hal_dma.o(i.HAL_DMA_Init)
    HAL_DMA_Start_IT                         0x080007c9   Thumb Code   156  stm32f1xx_hal_dma.o(i.HAL_DMA_Start_IT)
    HAL_GPIO_Init                            0x08000865   Thumb Code   766  stm32f1xx_hal_gpio.o(i.HAL_GPIO_Init)
    HAL_GPIO_WritePin                        0x08000b85   Thumb Code    12  stm32f1xx_hal_gpio.o(i.HAL_GPIO_WritePin)
    HAL_GetTick                              0x08000b91   Thumb Code     6  stm32f1xx_hal.o(i.HAL_GetTick)
    HAL_IncTick                              0x08000b9d   Thumb Code    16  stm32f1xx_hal.o(i.HAL_IncTick)
    HAL_Init                                 0x08000bb5   Thumb Code    34  stm32f1xx_hal.o(i.HAL_Init)
    HAL_InitTick                             0x08000bdd   Thumb Code   138  stm32f1xx_hal_timebase_tim.o(i.HAL_InitTick)
    HAL_MspInit                              0x08000c7d   Thumb Code    86  stm32f1xx_hal_msp.o(i.HAL_MspInit)
    HAL_NVIC_EnableIRQ                       0x08000cdd   Thumb Code    32  stm32f1xx_hal_cortex.o(i.HAL_NVIC_EnableIRQ)
    HAL_NVIC_SetPriority                     0x08000cfd   Thumb Code   124  stm32f1xx_hal_cortex.o(i.HAL_NVIC_SetPriority)
    HAL_NVIC_SetPriorityGrouping             0x08000d79   Thumb Code    32  stm32f1xx_hal_cortex.o(i.HAL_NVIC_SetPriorityGrouping)
    HAL_RCC_ClockConfig                      0x08000da1   Thumb Code   376  stm32f1xx_hal_rcc.o(i.HAL_RCC_ClockConfig)
    HAL_RCC_GetClockConfig                   0x08000f2d   Thumb Code    58  stm32f1xx_hal_rcc.o(i.HAL_RCC_GetClockConfig)
    HAL_RCC_GetHCLKFreq                      0x08000f71   Thumb Code     6  stm32f1xx_hal_rcc.o(i.HAL_RCC_GetHCLKFreq)
    HAL_RCC_GetPCLK1Freq                     0x08000f7d   Thumb Code    22  stm32f1xx_hal_rcc.o(i.HAL_RCC_GetPCLK1Freq)
    HAL_RCC_GetPCLK2Freq                     0x08000f9d   Thumb Code    22  stm32f1xx_hal_rcc.o(i.HAL_RCC_GetPCLK2Freq)
    HAL_RCC_GetSysClockFreq                  0x08000fbd   Thumb Code    92  stm32f1xx_hal_rcc.o(i.HAL_RCC_GetSysClockFreq)
    HAL_RCC_OscConfig                        0x0800102d   Thumb Code  1114  stm32f1xx_hal_rcc.o(i.HAL_RCC_OscConfig)
    HAL_TIMEx_BreakCallback                  0x08001491   Thumb Code     2  stm32f1xx_hal_tim_ex.o(i.HAL_TIMEx_BreakCallback)
    HAL_TIMEx_CommutCallback                 0x08001493   Thumb Code     2  stm32f1xx_hal_tim_ex.o(i.HAL_TIMEx_CommutCallback)
    HAL_TIM_Base_Init                        0x08001495   Thumb Code   102  stm32f1xx_hal_tim.o(i.HAL_TIM_Base_Init)
    HAL_TIM_Base_MspInit                     0x080014fb   Thumb Code     2  stm32f1xx_hal_tim.o(i.HAL_TIM_Base_MspInit)
    HAL_TIM_Base_Start_IT                    0x080014fd   Thumb Code   106  stm32f1xx_hal_tim.o(i.HAL_TIM_Base_Start_IT)
    HAL_TIM_IC_CaptureCallback               0x08001575   Thumb Code     2  stm32f1xx_hal_tim.o(i.HAL_TIM_IC_CaptureCallback)
    HAL_TIM_IRQHandler                       0x08001577   Thumb Code   364  stm32f1xx_hal_tim.o(i.HAL_TIM_IRQHandler)
    HAL_TIM_OC_DelayElapsedCallback          0x080016e3   Thumb Code     2  stm32f1xx_hal_tim.o(i.HAL_TIM_OC_DelayElapsedCallback)
    HAL_TIM_PWM_PulseFinishedCallback        0x080016e5   Thumb Code     2  stm32f1xx_hal_tim.o(i.HAL_TIM_PWM_PulseFinishedCallback)
    HAL_TIM_PeriodElapsedCallback            0x080016e9   Thumb Code    18  main.o(i.HAL_TIM_PeriodElapsedCallback)
    HAL_TIM_TriggerCallback                  0x08001701   Thumb Code     2  stm32f1xx_hal_tim.o(i.HAL_TIM_TriggerCallback)
    HAL_UARTEx_RxEventCallback               0x08001703   Thumb Code     2  stm32f1xx_hal_uart.o(i.HAL_UARTEx_RxEventCallback)
    HAL_UART_DMAStop                         0x08001705   Thumb Code   138  stm32f1xx_hal_uart.o(i.HAL_UART_DMAStop)
    HAL_UART_ErrorCallback                   0x0800178f   Thumb Code     2  stm32f1xx_hal_uart.o(i.HAL_UART_ErrorCallback)
    HAL_UART_IRQHandler                      0x08001791   Thumb Code   736  stm32f1xx_hal_uart.o(i.HAL_UART_IRQHandler)
    HAL_UART_Init                            0x08001a75   Thumb Code   118  stm32f1xx_hal_uart.o(i.HAL_UART_Init)
    HAL_UART_MspInit                         0x08001aed   Thumb Code   358  usart.o(i.HAL_UART_MspInit)
    HAL_UART_Receive_DMA                     0x08001c71   Thumb Code    44  stm32f1xx_hal_uart.o(i.HAL_UART_Receive_DMA)
    HAL_UART_RxCpltCallback                  0x08001c9d   Thumb Code     2  stm32f1xx_hal_uart.o(i.HAL_UART_RxCpltCallback)
    HAL_UART_RxHalfCpltCallback              0x08001c9f   Thumb Code     2  stm32f1xx_hal_uart.o(i.HAL_UART_RxHalfCpltCallback)
    HAL_UART_Transmit                        0x08001ca1   Thumb Code   190  stm32f1xx_hal_uart.o(i.HAL_UART_Transmit)
    HAL_UART_TxCpltCallback                  0x08001d5f   Thumb Code     2  stm32f1xx_hal_uart.o(i.HAL_UART_TxCpltCallback)
    MX_DMA_Init                              0x08001d61   Thumb Code    64  dma.o(i.MX_DMA_Init)
    MX_FREERTOS_Init                         0x08001da5   Thumb Code   102  freertos.o(i.MX_FREERTOS_Init)
    MX_GPIO_Init                             0x08001e55   Thumb Code   106  gpio.o(i.MX_GPIO_Init)
    MX_USART1_UART_Init                      0x08001ec9   Thumb Code    46  usart.o(i.MX_USART1_UART_Init)
    MX_USART2_UART_Init                      0x08001f01   Thumb Code    46  usart.o(i.MX_USART2_UART_Init)
    ProcessData                              0x08001f39   Thumb Code   258  bsp_uart.o(i.ProcessData)
    ReadConfirmStartTask03                   0x08002075   Thumb Code    10  freertos.o(i.ReadConfirmStartTask03)
    StartDefaultTask                         0x0800207f   Thumb Code    10  freertos.o(i.StartDefaultTask)
    SysTick_Handler                          0x08002089   Thumb Code    22  cmsis_os2.o(i.SysTick_Handler)
    SystemClock_Config                       0x0800209f   Thumb Code   102  main.o(i.SystemClock_Config)
    SystemInit                               0x08002105   Thumb Code     2  system_stm32f1xx.o(i.SystemInit)
    TIM1_UP_IRQHandler                       0x08002109   Thumb Code    10  stm32f1xx_it.o(i.TIM1_UP_IRQHandler)
    TIM_Base_SetConfig                       0x08002119   Thumb Code   120  stm32f1xx_hal_tim.o(i.TIM_Base_SetConfig)
    UART1_IdleCallback                       0x0800219d   Thumb Code    44  bsp_uart.o(i.UART1_IdleCallback)
    UART2_IdleCallback                       0x080021d9   Thumb Code    80  bsp_uart.o(i.UART2_IdleCallback)
    UART_Start_Receive_DMA                   0x0800261d   Thumb Code   186  stm32f1xx_hal_uart.o(i.UART_Start_Receive_DMA)
    USART1_IRQHandler                        0x080027d1   Thumb Code    54  stm32f1xx_it.o(i.USART1_IRQHandler)
    USART2_IRQHandler                        0x0800280d   Thumb Code    54  stm32f1xx_it.o(i.USART2_IRQHandler)
    WriteCmd                                 0x08002849   Thumb Code    94  485_to_motor.o(i.WriteCmd)
    WriteConfirmStartTask02                  0x080028b5   Thumb Code    10  freertos.o(i.WriteConfirmStartTask02)
    crc16_modbus                             0x080028ff   Thumb Code    54  crc16.o(i.crc16_modbus)
    dataProcessStartTask04                   0x08002935   Thumb Code    66  freertos.o(i.dataProcessStartTask04)
    data_dir                                 0x08002989   Thumb Code    34  485_to_motor.o(i.data_dir)
    main                                     0x080029b1   Thumb Code    92  main.o(i.main)
    motor_set_speed                          0x08002a1d   Thumb Code    22  485_to_motor.o(i.motor_set_speed)
    motor_start_dir                          0x08002a33   Thumb Code    28  485_to_motor.o(i.motor_start_dir)
    motor_stop                               0x08002a4f   Thumb Code    14  485_to_motor.o(i.motor_stop)
    osDelay                                  0x08002a5d   Thumb Code    30  cmsis_os2.o(i.osDelay)
    osKernelInitialize                       0x08002a7d   Thumb Code    38  cmsis_os2.o(i.osKernelInitialize)
    osKernelStart                            0x08002aa9   Thumb Code    82  cmsis_os2.o(i.osKernelStart)
    osSemaphoreAcquire                       0x08002b09   Thumb Code   104  cmsis_os2.o(i.osSemaphoreAcquire)
    osSemaphoreNew                           0x08002b75   Thumb Code   204  cmsis_os2.o(i.osSemaphoreNew)
    osSemaphoreRelease                       0x08002c41   Thumb Code    88  cmsis_os2.o(i.osSemaphoreRelease)
    osThreadNew                              0x08002c9d   Thumb Code   184  cmsis_os2.o(i.osThreadNew)
    pvPortMalloc                             0x0800378d   Thumb Code   306  heap_4.o(i.pvPortMalloc)
    pvTaskIncrementMutexHeldCount            0x080038d9   Thumb Code    26  tasks.o(i.pvTaskIncrementMutexHeldCount)
    pxPortInitialiseStack                    0x080038f9   Thumb Code    30  port.o(i.pxPortInitialiseStack)
    uxListRemove                             0x0800391d   Thumb Code    40  list.o(i.uxListRemove)
    vApplicationGetIdleTaskMemory            0x08003945   Thumb Code    14  cmsis_os2.o(i.vApplicationGetIdleTaskMemory)
    vApplicationGetTimerTaskMemory           0x0800395d   Thumb Code    16  cmsis_os2.o(i.vApplicationGetTimerTaskMemory)
    vListInitialise                          0x08003975   Thumb Code    26  list.o(i.vListInitialise)
    vListInitialiseItem                      0x0800398f   Thumb Code     6  list.o(i.vListInitialiseItem)
    vListInsert                              0x08003995   Thumb Code    52  list.o(i.vListInsert)
    vListInsertEnd                           0x080039c9   Thumb Code    24  list.o(i.vListInsertEnd)
    vPortEnterCritical                       0x080039e1   Thumb Code    76  port.o(i.vPortEnterCritical)
    vPortExitCritical                        0x08003a35   Thumb Code    56  port.o(i.vPortExitCritical)
    vPortFree                                0x08003a71   Thumb Code   150  heap_4.o(i.vPortFree)
    vPortSetupTimerInterrupt                 0x08003b15   Thumb Code    36  port.o(i.vPortSetupTimerInterrupt)
    vPortValidateInterruptPriority           0x08003b3d   Thumb Code   106  port.o(i.vPortValidateInterruptPriority)
    vQueueAddToRegistry                      0x08003bb5   Thumb Code    38  queue.o(i.vQueueAddToRegistry)
    vQueueDelete                             0x08003be1   Thumb Code    50  queue.o(i.vQueueDelete)
    vQueueUnregisterQueue                    0x08003c15   Thumb Code    44  queue.o(i.vQueueUnregisterQueue)
    vQueueWaitForMessageRestricted           0x08003c45   Thumb Code    74  queue.o(i.vQueueWaitForMessageRestricted)
    vTaskDelay                               0x08003c91   Thumb Code    82  tasks.o(i.vTaskDelay)
    vTaskInternalSetTimeOutState             0x08003ced   Thumb Code    14  tasks.o(i.vTaskInternalSetTimeOutState)
    vTaskMissedYield                         0x08003d05   Thumb Code     8  tasks.o(i.vTaskMissedYield)
    vTaskPlaceOnEventList                    0x08003d11   Thumb Code    52  tasks.o(i.vTaskPlaceOnEventList)
    vTaskPlaceOnEventListRestricted          0x08003d49   Thumb Code    60  tasks.o(i.vTaskPlaceOnEventListRestricted)
    vTaskPriorityDisinheritAfterTimeout      0x08003d89   Thumb Code   194  tasks.o(i.vTaskPriorityDisinheritAfterTimeout)
    vTaskStartScheduler                      0x08003e59   Thumb Code   156  tasks.o(i.vTaskStartScheduler)
    vTaskSuspendAll                          0x08003f11   Thumb Code    12  tasks.o(i.vTaskSuspendAll)
    vTaskSwitchContext                       0x08003f21   Thumb Code   122  tasks.o(i.vTaskSwitchContext)
    xPortStartScheduler                      0x08003fb1   Thumb Code   228  port.o(i.xPortStartScheduler)
    xPortSysTickHandler                      0x080040a9   Thumb Code    46  port.o(i.xPortSysTickHandler)
    xQueueCreateCountingSemaphore            0x080040dd   Thumb Code    92  queue.o(i.xQueueCreateCountingSemaphore)
    xQueueCreateCountingSemaphoreStatic      0x08004139   Thumb Code   100  queue.o(i.xQueueCreateCountingSemaphoreStatic)
    xQueueGenericCreate                      0x0800419d   Thumb Code    90  queue.o(i.xQueueGenericCreate)
    xQueueGenericCreateStatic                0x080041f7   Thumb Code   224  queue.o(i.xQueueGenericCreateStatic)
    xQueueGenericReset                       0x080042d9   Thumb Code   146  queue.o(i.xQueueGenericReset)
    xQueueGenericSend                        0x08004371   Thumb Code   420  queue.o(i.xQueueGenericSend)
    xQueueGenericSendFromISR                 0x08004519   Thumb Code   252  queue.o(i.xQueueGenericSendFromISR)
    xQueueGiveFromISR                        0x08004615   Thumb Code   224  queue.o(i.xQueueGiveFromISR)
    xQueueReceive                            0x080046f5   Thumb Code   356  queue.o(i.xQueueReceive)
    xQueueReceiveFromISR                     0x0800485d   Thumb Code   202  queue.o(i.xQueueReceiveFromISR)
    xQueueSemaphoreTake                      0x08004929   Thumb Code   434  queue.o(i.xQueueSemaphoreTake)
    xTaskCheckForTimeOut                     0x08004ae1   Thumb Code   132  tasks.o(i.xTaskCheckForTimeOut)
    xTaskCreate                              0x08004b6d   Thumb Code   100  tasks.o(i.xTaskCreate)
    xTaskCreateStatic                        0x08004bd1   Thumb Code   186  tasks.o(i.xTaskCreateStatic)
    xTaskGetSchedulerState                   0x08004c8d   Thumb Code    24  tasks.o(i.xTaskGetSchedulerState)
    xTaskGetTickCount                        0x08004cad   Thumb Code     6  tasks.o(i.xTaskGetTickCount)
    xTaskIncrementTick                       0x08004cb9   Thumb Code   280  tasks.o(i.xTaskIncrementTick)
    xTaskPriorityDisinherit                  0x08004dfd   Thumb Code   152  tasks.o(i.xTaskPriorityDisinherit)
    xTaskPriorityInherit                     0x08004ea1   Thumb Code   150  tasks.o(i.xTaskPriorityInherit)
    xTaskRemoveFromEventList                 0x08004f45   Thumb Code   126  tasks.o(i.xTaskRemoveFromEventList)
    xTaskResumeAll                           0x08004fdd   Thumb Code   222  tasks.o(i.xTaskResumeAll)
    xTimerCreateTimerTask                    0x080050e1   Thumb Code   100  timers.o(i.xTimerCreateTimerTask)
    xTimerGenericCommand                     0x08005159   Thumb Code   128  timers.o(i.xTimerGenericCommand)
    defaultTask_attributes                   0x080051dc   Data          36  freertos.o(.constdata)
    WriteConfirmTas_attributes               0x08005200   Data          36  freertos.o(.constdata)
    ReadConfirmTask_attributes               0x08005224   Data          36  freertos.o(.constdata)
    dataProcessTask_attributes               0x08005248   Data          36  freertos.o(.constdata)
    WriteCmdBinarySem01_attributes           0x0800526c   Data          16  freertos.o(.constdata)
    ReadCmdBinarySem02_attributes            0x0800527c   Data          16  freertos.o(.constdata)
    uartBinarySem03_attributes               0x0800528c   Data          16  freertos.o(.constdata)
    AHBPrescTable                            0x080052ae   Data          16  system_stm32f1xx.o(.constdata)
    APBPrescTable                            0x080052be   Data           8  system_stm32f1xx.o(.constdata)
    Region$$Table$$Base                      0x0800533c   Number         0  anon$$obj.o(Region$$Table)
    Region$$Table$$Limit                     0x0800535c   Number         0  anon$$obj.o(Region$$Table)
    Target_Turns                             0x20000000   Data           2  freertos.o(.data)
    defaultTaskHandle                        0x20000004   Data           4  freertos.o(.data)
    WriteConfirmTasHandle                    0x20000008   Data           4  freertos.o(.data)
    ReadConfirmTaskHandle                    0x2000000c   Data           4  freertos.o(.data)
    dataProcessTaskHandle                    0x20000010   Data           4  freertos.o(.data)
    WriteCmdBinarySem01Handle                0x20000014   Data           4  freertos.o(.data)
    ReadCmdBinarySem02Handle                 0x20000018   Data           4  freertos.o(.data)
    uartBinarySem03Handle                    0x2000001c   Data           4  freertos.o(.data)
    uwTick                                   0x20000020   Data           4  stm32f1xx_hal.o(.data)
    uwTickPrio                               0x20000024   Data           4  stm32f1xx_hal.o(.data)
    uwTickFreq                               0x20000028   Data           1  stm32f1xx_hal.o(.data)
    SystemCoreClock                          0x2000002c   Data           4  system_stm32f1xx.o(.data)
    pxCurrentTCB                             0x20000030   Data           4  tasks.o(.data)
    write_buf                                0x200000b0   Data           8  485_to_motor.o(.data)
    read_buf                                 0x200000b8   Data           8  485_to_motor.o(.data)
    read_cmd                                 0x200000c0   Data           2  485_to_motor.o(.data)
    rx_buffer1                               0x200000c4   Data          64  main.o(.bss)
    rx_buffer2                               0x20000104   Data          64  main.o(.bss)
    huart1                                   0x20000144   Data          72  usart.o(.bss)
    huart2                                   0x2000018c   Data          72  usart.o(.bss)
    hdma_usart1_rx                           0x200001d4   Data          68  usart.o(.bss)
    hdma_usart2_rx                           0x20000218   Data          68  usart.o(.bss)
    htim1                                    0x2000025c   Data          72  stm32f1xx_hal_timebase_tim.o(.bss)
    xQueueRegistry                           0x200002a4   Data          64  queue.o(.bss)
    lcd_data_management                      0x20001b78   Data         129  bsp_uart.o(.bss)
    motor_data_management                    0x20001bfa   Data          52  bsp_uart.o(.bss)
    uartRxBuffer                             0x20001c2e   Data          64  bsp_uart.o(.bss)
    write_cmd_buffer                         0x20001c6e   Data          64  485_to_motor.o(.bss)
    __libspace_start                         0x20001cb0   Data          96  libspace.o(.bss)
    __temporary_stack_top$libspace           0x20001d10   Data           0  libspace.o(.bss)



==============================================================================

Memory Map of the image

  Image Entry point : 0x080000ed

  Load Region LR_IROM1 (Base: 0x08000000, Size: 0x00005420, Max: 0x00010000, ABSOLUTE)

    Execution Region ER_IROM1 (Exec base: 0x08000000, Load base: 0x08000000, Size: 0x0000535c, Max: 0x00010000, ABSOLUTE)

    Exec Addr    Load Addr    Size         Type   Attr      Idx    E Section Name        Object

    0x08000000   0x08000000   0x000000ec   Data   RO            3    RESET               startup_stm32f103xb.o
    0x080000ec   0x080000ec   0x00000008   Code   RO         5008  * !!!main             c_w.l(__main.o)
    0x080000f4   0x080000f4   0x00000034   Code   RO         5169    !!!scatter          c_w.l(__scatter.o)
    0x08000128   0x08000128   0x0000001a   Code   RO         5171    !!handler_copy      c_w.l(__scatter_copy.o)
    0x08000142   0x08000142   0x00000002   PAD
    0x08000144   0x08000144   0x0000001c   Code   RO         5173    !!handler_zi        c_w.l(__scatter_zi.o)
    0x08000160   0x08000160   0x00000002   Code   RO         5037    .ARM.Collect$$libinit$$00000000  c_w.l(libinit.o)
    0x08000162   0x08000162   0x00000000   Code   RO         5044    .ARM.Collect$$libinit$$00000002  c_w.l(libinit2.o)
    0x08000162   0x08000162   0x00000000   Code   RO         5046    .ARM.Collect$$libinit$$00000004  c_w.l(libinit2.o)
    0x08000162   0x08000162   0x00000000   Code   RO         5049    .ARM.Collect$$libinit$$0000000A  c_w.l(libinit2.o)
    0x08000162   0x08000162   0x00000000   Code   RO         5051    .ARM.Collect$$libinit$$0000000C  c_w.l(libinit2.o)
    0x08000162   0x08000162   0x00000000   Code   RO         5053    .ARM.Collect$$libinit$$0000000E  c_w.l(libinit2.o)
    0x08000162   0x08000162   0x00000000   Code   RO         5056    .ARM.Collect$$libinit$$00000011  c_w.l(libinit2.o)
    0x08000162   0x08000162   0x00000000   Code   RO         5058    .ARM.Collect$$libinit$$00000013  c_w.l(libinit2.o)
    0x08000162   0x08000162   0x00000000   Code   RO         5060    .ARM.Collect$$libinit$$00000015  c_w.l(libinit2.o)
    0x08000162   0x08000162   0x00000000   Code   RO         5062    .ARM.Collect$$libinit$$00000017  c_w.l(libinit2.o)
    0x08000162   0x08000162   0x00000000   Code   RO         5064    .ARM.Collect$$libinit$$00000019  c_w.l(libinit2.o)
    0x08000162   0x08000162   0x00000000   Code   RO         5066    .ARM.Collect$$libinit$$0000001B  c_w.l(libinit2.o)
    0x08000162   0x08000162   0x00000000   Code   RO         5068    .ARM.Collect$$libinit$$0000001D  c_w.l(libinit2.o)
    0x08000162   0x08000162   0x00000000   Code   RO         5070    .ARM.Collect$$libinit$$0000001F  c_w.l(libinit2.o)
    0x08000162   0x08000162   0x00000000   Code   RO         5072    .ARM.Collect$$libinit$$00000021  c_w.l(libinit2.o)
    0x08000162   0x08000162   0x00000000   Code   RO         5074    .ARM.Collect$$libinit$$00000023  c_w.l(libinit2.o)
    0x08000162   0x08000162   0x00000000   Code   RO         5076    .ARM.Collect$$libinit$$00000025  c_w.l(libinit2.o)
    0x08000162   0x08000162   0x00000000   Code   RO         5080    .ARM.Collect$$libinit$$0000002C  c_w.l(libinit2.o)
    0x08000162   0x08000162   0x00000000   Code   RO         5082    .ARM.Collect$$libinit$$0000002E  c_w.l(libinit2.o)
    0x08000162   0x08000162   0x00000000   Code   RO         5084    .ARM.Collect$$libinit$$00000030  c_w.l(libinit2.o)
    0x08000162   0x08000162   0x00000000   Code   RO         5086    .ARM.Collect$$libinit$$00000032  c_w.l(libinit2.o)
    0x08000162   0x08000162   0x00000002   Code   RO         5087    .ARM.Collect$$libinit$$00000033  c_w.l(libinit2.o)
    0x08000164   0x08000164   0x00000002   Code   RO         5107    .ARM.Collect$$libshutdown$$00000000  c_w.l(libshutdown.o)
    0x08000166   0x08000166   0x00000000   Code   RO         5120    .ARM.Collect$$libshutdown$$00000002  c_w.l(libshutdown2.o)
    0x08000166   0x08000166   0x00000000   Code   RO         5122    .ARM.Collect$$libshutdown$$00000004  c_w.l(libshutdown2.o)
    0x08000166   0x08000166   0x00000000   Code   RO         5124    .ARM.Collect$$libshutdown$$00000006  c_w.l(libshutdown2.o)
    0x08000166   0x08000166   0x00000000   Code   RO         5127    .ARM.Collect$$libshutdown$$00000009  c_w.l(libshutdown2.o)
    0x08000166   0x08000166   0x00000000   Code   RO         5130    .ARM.Collect$$libshutdown$$0000000C  c_w.l(libshutdown2.o)
    0x08000166   0x08000166   0x00000000   Code   RO         5132    .ARM.Collect$$libshutdown$$0000000E  c_w.l(libshutdown2.o)
    0x08000166   0x08000166   0x00000000   Code   RO         5135    .ARM.Collect$$libshutdown$$00000011  c_w.l(libshutdown2.o)
    0x08000166   0x08000166   0x00000002   Code   RO         5136    .ARM.Collect$$libshutdown$$00000012  c_w.l(libshutdown2.o)
    0x08000168   0x08000168   0x00000000   Code   RO         5010    .ARM.Collect$$rtentry$$00000000  c_w.l(__rtentry.o)
    0x08000168   0x08000168   0x00000000   Code   RO         5014    .ARM.Collect$$rtentry$$00000002  c_w.l(__rtentry2.o)
    0x08000168   0x08000168   0x00000006   Code   RO         5026    .ARM.Collect$$rtentry$$00000004  c_w.l(__rtentry4.o)
    0x0800016e   0x0800016e   0x00000000   Code   RO         5016    .ARM.Collect$$rtentry$$00000009  c_w.l(__rtentry2.o)
    0x0800016e   0x0800016e   0x00000004   Code   RO         5017    .ARM.Collect$$rtentry$$0000000A  c_w.l(__rtentry2.o)
    0x08000172   0x08000172   0x00000000   Code   RO         5019    .ARM.Collect$$rtentry$$0000000C  c_w.l(__rtentry2.o)
    0x08000172   0x08000172   0x00000008   Code   RO         5020    .ARM.Collect$$rtentry$$0000000D  c_w.l(__rtentry2.o)
    0x0800017a   0x0800017a   0x00000002   Code   RO         5041    .ARM.Collect$$rtexit$$00000000  c_w.l(rtexit.o)
    0x0800017c   0x0800017c   0x00000000   Code   RO         5089    .ARM.Collect$$rtexit$$00000002  c_w.l(rtexit2.o)
    0x0800017c   0x0800017c   0x00000004   Code   RO         5090    .ARM.Collect$$rtexit$$00000003  c_w.l(rtexit2.o)
    0x08000180   0x08000180   0x00000006   Code   RO         5091    .ARM.Collect$$rtexit$$00000004  c_w.l(rtexit2.o)
    0x08000186   0x08000186   0x00000002   PAD
    0x08000188   0x08000188   0x00000096   Code   RO         4636    .emb_text           port.o
    0x0800021e   0x0800021e   0x00000002   PAD
    0x08000220   0x08000220   0x00000040   Code   RO            4    .text               startup_stm32f103xb.o
    0x08000260   0x08000260   0x0000008a   Code   RO         4996    .text               c_w.l(rt_memcpy_v6.o)
    0x080002ea   0x080002ea   0x00000010   Code   RO         5000    .text               c_w.l(aeabi_memset.o)
    0x080002fa   0x080002fa   0x00000044   Code   RO         5002    .text               c_w.l(rt_memclr.o)
    0x0800033e   0x0800033e   0x0000004e   Code   RO         5004    .text               c_w.l(rt_memclr_w.o)
    0x0800038c   0x0800038c   0x00000006   Code   RO         5006    .text               c_w.l(heapauxi.o)
    0x08000392   0x08000392   0x00000064   Code   RO         5011    .text               c_w.l(rt_memcpy_w.o)
    0x080003f6   0x080003f6   0x0000004a   Code   RO         5028    .text               c_w.l(sys_stackheap_outer.o)
    0x08000440   0x08000440   0x00000012   Code   RO         5030    .text               c_w.l(exit.o)
    0x08000452   0x08000452   0x00000002   PAD
    0x08000454   0x08000454   0x00000008   Code   RO         5038    .text               c_w.l(libspace.o)
    0x0800045c   0x0800045c   0x0000000c   Code   RO         5099    .text               c_w.l(sys_exit.o)
    0x08000468   0x08000468   0x00000002   Code   RO         5110    .text               c_w.l(use_no_semi.o)
    0x0800046a   0x0800046a   0x00000000   Code   RO         5112    .text               c_w.l(indicate_semi.o)
    0x0800046a   0x0800046a   0x00000002   PAD
    0x0800046c   0x0800046c   0x00000010   Code   RO          354    i.DMA1_Channel5_IRQHandler  stm32f1xx_it.o
    0x0800047c   0x0800047c   0x00000010   Code   RO          355    i.DMA1_Channel6_IRQHandler  stm32f1xx_it.o
    0x0800048c   0x0800048c   0x0000002c   Code   RO         1874    i.DMA_SetConfig     stm32f1xx_hal_dma.o
    0x080004b8   0x080004b8   0x00000006   Code   RO           13    i.Error_Handler     main.o
    0x080004be   0x080004be   0x00000056   Code   RO         1875    i.HAL_DMA_Abort     stm32f1xx_hal_dma.o
    0x08000514   0x08000514   0x000000b0   Code   RO         1876    i.HAL_DMA_Abort_IT  stm32f1xx_hal_dma.o
    0x080005c4   0x080005c4   0x0000019c   Code   RO         1880    i.HAL_DMA_IRQHandler  stm32f1xx_hal_dma.o
    0x08000760   0x08000760   0x00000068   Code   RO         1881    i.HAL_DMA_Init      stm32f1xx_hal_dma.o
    0x080007c8   0x080007c8   0x0000009c   Code   RO         1885    i.HAL_DMA_Start_IT  stm32f1xx_hal_dma.o
    0x08000864   0x08000864   0x00000320   Code   RO         1811    i.HAL_GPIO_Init     stm32f1xx_hal_gpio.o
    0x08000b84   0x08000b84   0x0000000c   Code   RO         1815    i.HAL_GPIO_WritePin  stm32f1xx_hal_gpio.o
    0x08000b90   0x08000b90   0x0000000c   Code   RO         1500    i.HAL_GetTick       stm32f1xx_hal.o
    0x08000b9c   0x08000b9c   0x00000018   Code   RO         1506    i.HAL_IncTick       stm32f1xx_hal.o
    0x08000bb4   0x08000bb4   0x00000028   Code   RO         1507    i.HAL_Init          stm32f1xx_hal.o
    0x08000bdc   0x08000bdc   0x000000a0   Code   RO          430    i.HAL_InitTick      stm32f1xx_hal_timebase_tim.o
    0x08000c7c   0x08000c7c   0x00000060   Code   RO          406    i.HAL_MspInit       stm32f1xx_hal_msp.o
    0x08000cdc   0x08000cdc   0x00000020   Code   RO         1971    i.HAL_NVIC_EnableIRQ  stm32f1xx_hal_cortex.o
    0x08000cfc   0x08000cfc   0x0000007c   Code   RO         1977    i.HAL_NVIC_SetPriority  stm32f1xx_hal_cortex.o
    0x08000d78   0x08000d78   0x00000028   Code   RO         1978    i.HAL_NVIC_SetPriorityGrouping  stm32f1xx_hal_cortex.o
    0x08000da0   0x08000da0   0x0000018c   Code   RO         1664    i.HAL_RCC_ClockConfig  stm32f1xx_hal_rcc.o
    0x08000f2c   0x08000f2c   0x00000044   Code   RO         1668    i.HAL_RCC_GetClockConfig  stm32f1xx_hal_rcc.o
    0x08000f70   0x08000f70   0x0000000c   Code   RO         1669    i.HAL_RCC_GetHCLKFreq  stm32f1xx_hal_rcc.o
    0x08000f7c   0x08000f7c   0x00000020   Code   RO         1671    i.HAL_RCC_GetPCLK1Freq  stm32f1xx_hal_rcc.o
    0x08000f9c   0x08000f9c   0x00000020   Code   RO         1672    i.HAL_RCC_GetPCLK2Freq  stm32f1xx_hal_rcc.o
    0x08000fbc   0x08000fbc   0x00000070   Code   RO         1673    i.HAL_RCC_GetSysClockFreq  stm32f1xx_hal_rcc.o
    0x0800102c   0x0800102c   0x00000464   Code   RO         1676    i.HAL_RCC_OscConfig  stm32f1xx_hal_rcc.o
    0x08001490   0x08001490   0x00000002   Code   RO         1222    i.HAL_TIMEx_BreakCallback  stm32f1xx_hal_tim_ex.o
    0x08001492   0x08001492   0x00000002   Code   RO         1223    i.HAL_TIMEx_CommutCallback  stm32f1xx_hal_tim_ex.o
    0x08001494   0x08001494   0x00000066   Code   RO          507    i.HAL_TIM_Base_Init  stm32f1xx_hal_tim.o
    0x080014fa   0x080014fa   0x00000002   Code   RO          509    i.HAL_TIM_Base_MspInit  stm32f1xx_hal_tim.o
    0x080014fc   0x080014fc   0x00000078   Code   RO          512    i.HAL_TIM_Base_Start_IT  stm32f1xx_hal_tim.o
    0x08001574   0x08001574   0x00000002   Code   RO          541    i.HAL_TIM_IC_CaptureCallback  stm32f1xx_hal_tim.o
    0x08001576   0x08001576   0x0000016c   Code   RO          555    i.HAL_TIM_IRQHandler  stm32f1xx_hal_tim.o
    0x080016e2   0x080016e2   0x00000002   Code   RO          558    i.HAL_TIM_OC_DelayElapsedCallback  stm32f1xx_hal_tim.o
    0x080016e4   0x080016e4   0x00000002   Code   RO          585    i.HAL_TIM_PWM_PulseFinishedCallback  stm32f1xx_hal_tim.o
    0x080016e6   0x080016e6   0x00000002   PAD
    0x080016e8   0x080016e8   0x00000018   Code   RO           14    i.HAL_TIM_PeriodElapsedCallback  main.o
    0x08001700   0x08001700   0x00000002   Code   RO          598    i.HAL_TIM_TriggerCallback  stm32f1xx_hal_tim.o
    0x08001702   0x08001702   0x00000002   Code   RO         2509    i.HAL_UARTEx_RxEventCallback  stm32f1xx_hal_uart.o
    0x08001704   0x08001704   0x0000008a   Code   RO         2521    i.HAL_UART_DMAStop  stm32f1xx_hal_uart.o
    0x0800178e   0x0800178e   0x00000002   Code   RO         2523    i.HAL_UART_ErrorCallback  stm32f1xx_hal_uart.o
    0x08001790   0x08001790   0x000002e4   Code   RO         2526    i.HAL_UART_IRQHandler  stm32f1xx_hal_uart.o
    0x08001a74   0x08001a74   0x00000076   Code   RO         2527    i.HAL_UART_Init     stm32f1xx_hal_uart.o
    0x08001aea   0x08001aea   0x00000002   PAD
    0x08001aec   0x08001aec   0x00000184   Code   RO          307    i.HAL_UART_MspInit  usart.o
    0x08001c70   0x08001c70   0x0000002c   Code   RO         2531    i.HAL_UART_Receive_DMA  stm32f1xx_hal_uart.o
    0x08001c9c   0x08001c9c   0x00000002   Code   RO         2533    i.HAL_UART_RxCpltCallback  stm32f1xx_hal_uart.o
    0x08001c9e   0x08001c9e   0x00000002   Code   RO         2534    i.HAL_UART_RxHalfCpltCallback  stm32f1xx_hal_uart.o
    0x08001ca0   0x08001ca0   0x000000be   Code   RO         2535    i.HAL_UART_Transmit  stm32f1xx_hal_uart.o
    0x08001d5e   0x08001d5e   0x00000002   Code   RO         2538    i.HAL_UART_TxCpltCallback  stm32f1xx_hal_uart.o
    0x08001d60   0x08001d60   0x00000044   Code   RO          282    i.MX_DMA_Init       dma.o
    0x08001da4   0x08001da4   0x000000b0   Code   RO          213    i.MX_FREERTOS_Init  freertos.o
    0x08001e54   0x08001e54   0x00000074   Code   RO          189    i.MX_GPIO_Init      gpio.o
    0x08001ec8   0x08001ec8   0x00000038   Code   RO          308    i.MX_USART1_UART_Init  usart.o
    0x08001f00   0x08001f00   0x00000038   Code   RO          309    i.MX_USART2_UART_Init  usart.o
    0x08001f38   0x08001f38   0x00000114   Code   RO         4716    i.ProcessData       bsp_uart.o
    0x0800204c   0x0800204c   0x00000028   Code   RO         1677    i.RCC_Delay         stm32f1xx_hal_rcc.o
    0x08002074   0x08002074   0x0000000a   Code   RO          214    i.ReadConfirmStartTask03  freertos.o
    0x0800207e   0x0800207e   0x0000000a   Code   RO          215    i.StartDefaultTask  freertos.o
    0x08002088   0x08002088   0x00000016   Code   RO         4051    i.SysTick_Handler   cmsis_os2.o
    0x0800209e   0x0800209e   0x00000066   Code   RO           15    i.SystemClock_Config  main.o
    0x08002104   0x08002104   0x00000002   Code   RO         2871    i.SystemInit        system_stm32f1xx.o
    0x08002106   0x08002106   0x00000002   PAD
    0x08002108   0x08002108   0x00000010   Code   RO          356    i.TIM1_UP_IRQHandler  stm32f1xx_it.o
    0x08002118   0x08002118   0x00000084   Code   RO          600    i.TIM_Base_SetConfig  stm32f1xx_hal_tim.o
    0x0800219c   0x0800219c   0x0000003c   Code   RO         4717    i.UART1_IdleCallback  bsp_uart.o
    0x080021d8   0x080021d8   0x0000005c   Code   RO         4718    i.UART2_IdleCallback  bsp_uart.o
    0x08002234   0x08002234   0x00000014   Code   RO         2540    i.UART_DMAAbortOnError  stm32f1xx_hal_uart.o
    0x08002248   0x08002248   0x00000050   Code   RO         2541    i.UART_DMAError     stm32f1xx_hal_uart.o
    0x08002298   0x08002298   0x000000b4   Code   RO         2542    i.UART_DMAReceiveCplt  stm32f1xx_hal_uart.o
    0x0800234c   0x0800234c   0x00000024   Code   RO         2544    i.UART_DMARxHalfCplt  stm32f1xx_hal_uart.o
    0x08002370   0x08002370   0x0000006c   Code   RO         2550    i.UART_EndRxTransfer  stm32f1xx_hal_uart.o
    0x080023dc   0x080023dc   0x00000020   Code   RO         2551    i.UART_EndTransmit_IT  stm32f1xx_hal_uart.o
    0x080023fc   0x080023fc   0x00000026   Code   RO         2552    i.UART_EndTxTransfer  stm32f1xx_hal_uart.o
    0x08002422   0x08002422   0x000000fc   Code   RO         2553    i.UART_Receive_IT   stm32f1xx_hal_uart.o
    0x0800251e   0x0800251e   0x00000002   PAD
    0x08002520   0x08002520   0x000000fc   Code   RO         2554    i.UART_SetConfig    stm32f1xx_hal_uart.o
    0x0800261c   0x0800261c   0x000000c8   Code   RO         2555    i.UART_Start_Receive_DMA  stm32f1xx_hal_uart.o
    0x080026e4   0x080026e4   0x00000060   Code   RO         2557    i.UART_Transmit_IT  stm32f1xx_hal_uart.o
    0x08002744   0x08002744   0x0000008c   Code   RO         2558    i.UART_WaitOnFlagUntilTimeout  stm32f1xx_hal_uart.o
    0x080027d0   0x080027d0   0x0000003c   Code   RO          357    i.USART1_IRQHandler  stm32f1xx_it.o
    0x0800280c   0x0800280c   0x0000003c   Code   RO          358    i.USART2_IRQHandler  stm32f1xx_it.o
    0x08002848   0x08002848   0x0000006c   Code   RO         4886    i.WriteCmd          485_to_motor.o
    0x080028b4   0x080028b4   0x0000000a   Code   RO          216    i.WriteConfirmStartTask02  freertos.o
    0x080028be   0x080028be   0x00000002   PAD
    0x080028c0   0x080028c0   0x00000010   Code   RO         1984    i.__NVIC_GetPriorityGrouping  stm32f1xx_hal_cortex.o
    0x080028d0   0x080028d0   0x00000028   Code   RO         1985    i.__NVIC_SetPriority  stm32f1xx_hal_cortex.o
    0x080028f8   0x080028f8   0x00000006   Code   RO         4053    i.__get_IPSR        cmsis_os2.o
    0x080028fe   0x080028fe   0x00000036   Code   RO         4965    i.crc16_modbus      crc16.o
    0x08002934   0x08002934   0x00000054   Code   RO          217    i.dataProcessStartTask04  freertos.o
    0x08002988   0x08002988   0x00000028   Code   RO         4887    i.data_dir          485_to_motor.o
    0x080029b0   0x080029b0   0x0000006c   Code   RO           16    i.main              main.o
    0x08002a1c   0x08002a1c   0x00000016   Code   RO         4890    i.motor_set_speed   485_to_motor.o
    0x08002a32   0x08002a32   0x0000001c   Code   RO         4891    i.motor_start_dir   485_to_motor.o
    0x08002a4e   0x08002a4e   0x0000000e   Code   RO         4892    i.motor_stop        485_to_motor.o
    0x08002a5c   0x08002a5c   0x0000001e   Code   RO         4054    i.osDelay           cmsis_os2.o
    0x08002a7a   0x08002a7a   0x00000002   PAD
    0x08002a7c   0x08002a7c   0x0000002c   Code   RO         4068    i.osKernelInitialize  cmsis_os2.o
    0x08002aa8   0x08002aa8   0x00000060   Code   RO         4071    i.osKernelStart     cmsis_os2.o
    0x08002b08   0x08002b08   0x0000006c   Code   RO         4096    i.osSemaphoreAcquire  cmsis_os2.o
    0x08002b74   0x08002b74   0x000000cc   Code   RO         4099    i.osSemaphoreNew    cmsis_os2.o
    0x08002c40   0x08002c40   0x0000005c   Code   RO         4100    i.osSemaphoreRelease  cmsis_os2.o
    0x08002c9c   0x08002c9c   0x000000b8   Code   RO         4113    i.osThreadNew       cmsis_os2.o
    0x08002d54   0x08002d54   0x0000007c   Code   RO         3488    i.prvAddCurrentTaskToDelayedList  tasks.o
    0x08002dd0   0x08002dd0   0x000000b8   Code   RO         3489    i.prvAddNewTaskToReadyList  tasks.o
    0x08002e88   0x08002e88   0x00000074   Code   RO         3864    i.prvCheckForValidListAndQueue  timers.o
    0x08002efc   0x08002efc   0x00000048   Code   RO         3490    i.prvCheckTasksWaitingTermination  tasks.o
    0x08002f44   0x08002f44   0x0000002a   Code   RO         3075    i.prvCopyDataFromQueue  queue.o
    0x08002f6e   0x08002f6e   0x0000007e   Code   RO         3076    i.prvCopyDataToQueue  queue.o
    0x08002fec   0x08002fec   0x00000050   Code   RO         3491    i.prvDeleteTCB      tasks.o
    0x0800303c   0x0800303c   0x00000014   Code   RO         3077    i.prvGetDisinheritPriorityAfterTimeout  queue.o
    0x08003050   0x08003050   0x00000028   Code   RO         3865    i.prvGetNextExpireTime  timers.o
    0x08003078   0x08003078   0x0000007c   Code   RO         4581    i.prvHeapInit       heap_4.o
    0x080030f4   0x080030f4   0x00000028   Code   RO         3492    i.prvIdleTask       tasks.o
    0x0800311c   0x0800311c   0x0000002a   Code   RO         3079    i.prvInitialiseNewQueue  queue.o
    0x08003146   0x08003146   0x000000be   Code   RO         3493    i.prvInitialiseNewTask  tasks.o
    0x08003204   0x08003204   0x00000068   Code   RO         3494    i.prvInitialiseTaskLists  tasks.o
    0x0800326c   0x0800326c   0x00000068   Code   RO         4582    i.prvInsertBlockIntoFreeList  heap_4.o
    0x080032d4   0x080032d4   0x00000058   Code   RO         3867    i.prvInsertTimerInActiveList  timers.o
    0x0800332c   0x0800332c   0x0000001a   Code   RO         3080    i.prvIsQueueEmpty   queue.o
    0x08003346   0x08003346   0x0000001e   Code   RO         3081    i.prvIsQueueFull    queue.o
    0x08003364   0x08003364   0x00000074   Code   RO         3868    i.prvProcessExpiredTimer  timers.o
    0x080033d8   0x080033d8   0x00000164   Code   RO         3869    i.prvProcessReceivedCommands  timers.o
    0x0800353c   0x0800353c   0x00000074   Code   RO         3870    i.prvProcessTimerOrBlockTask  timers.o
    0x080035b0   0x080035b0   0x00000034   Code   RO         3496    i.prvResetNextTaskUnblockTime  tasks.o
    0x080035e4   0x080035e4   0x0000002c   Code   RO         3871    i.prvSampleTimeNow  timers.o
    0x08003610   0x08003610   0x000000a4   Code   RO         3872    i.prvSwitchTimerLists  timers.o
    0x080036b4   0x080036b4   0x00000040   Code   RO         4637    i.prvTaskExitError  port.o
    0x080036f4   0x080036f4   0x0000001a   Code   RO         3873    i.prvTimerTask      timers.o
    0x0800370e   0x0800370e   0x0000007e   Code   RO         3082    i.prvUnlockQueue    queue.o
    0x0800378c   0x0800378c   0x0000014c   Code   RO         4583    i.pvPortMalloc      heap_4.o
    0x080038d8   0x080038d8   0x00000020   Code   RO         3499    i.pvTaskIncrementMutexHeldCount  tasks.o
    0x080038f8   0x080038f8   0x00000024   Code   RO         4638    i.pxPortInitialiseStack  port.o
    0x0800391c   0x0800391c   0x00000028   Code   RO         3035    i.uxListRemove      list.o
    0x08003944   0x08003944   0x00000018   Code   RO         4125    i.vApplicationGetIdleTaskMemory  cmsis_os2.o
    0x0800395c   0x0800395c   0x00000018   Code   RO         4126    i.vApplicationGetTimerTaskMemory  cmsis_os2.o
    0x08003974   0x08003974   0x0000001a   Code   RO         3036    i.vListInitialise   list.o
    0x0800398e   0x0800398e   0x00000006   Code   RO         3037    i.vListInitialiseItem  list.o
    0x08003994   0x08003994   0x00000034   Code   RO         3038    i.vListInsert       list.o
    0x080039c8   0x080039c8   0x00000018   Code   RO         3039    i.vListInsertEnd    list.o
    0x080039e0   0x080039e0   0x00000054   Code   RO         4640    i.vPortEnterCritical  port.o
    0x08003a34   0x08003a34   0x0000003c   Code   RO         4641    i.vPortExitCritical  port.o
    0x08003a70   0x08003a70   0x000000a4   Code   RO         4584    i.vPortFree         heap_4.o
    0x08003b14   0x08003b14   0x00000028   Code   RO         4642    i.vPortSetupTimerInterrupt  port.o
    0x08003b3c   0x08003b3c   0x00000078   Code   RO         4643    i.vPortValidateInterruptPriority  port.o
    0x08003bb4   0x08003bb4   0x0000002c   Code   RO         3088    i.vQueueAddToRegistry  queue.o
    0x08003be0   0x08003be0   0x00000032   Code   RO         3089    i.vQueueDelete      queue.o
    0x08003c12   0x08003c12   0x00000002   PAD
    0x08003c14   0x08003c14   0x00000030   Code   RO         3091    i.vQueueUnregisterQueue  queue.o
    0x08003c44   0x08003c44   0x0000004a   Code   RO         3092    i.vQueueWaitForMessageRestricted  queue.o
    0x08003c8e   0x08003c8e   0x00000002   PAD
    0x08003c90   0x08003c90   0x0000005c   Code   RO         3509    i.vTaskDelay        tasks.o
    0x08003cec   0x08003cec   0x00000018   Code   RO         3514    i.vTaskInternalSetTimeOutState  tasks.o
    0x08003d04   0x08003d04   0x0000000c   Code   RO         3515    i.vTaskMissedYield  tasks.o
    0x08003d10   0x08003d10   0x00000038   Code   RO         3517    i.vTaskPlaceOnEventList  tasks.o
    0x08003d48   0x08003d48   0x00000040   Code   RO         3518    i.vTaskPlaceOnEventListRestricted  tasks.o
    0x08003d88   0x08003d88   0x000000d0   Code   RO         3520    i.vTaskPriorityDisinheritAfterTimeout  tasks.o
    0x08003e58   0x08003e58   0x000000b8   Code   RO         3526    i.vTaskStartScheduler  tasks.o
    0x08003f10   0x08003f10   0x00000010   Code   RO         3528    i.vTaskSuspendAll   tasks.o
    0x08003f20   0x08003f20   0x00000090   Code   RO         3529    i.vTaskSwitchContext  tasks.o
    0x08003fb0   0x08003fb0   0x000000f8   Code   RO         4644    i.xPortStartScheduler  port.o
    0x080040a8   0x080040a8   0x00000034   Code   RO         4645    i.xPortSysTickHandler  port.o
    0x080040dc   0x080040dc   0x0000005c   Code   RO         3093    i.xQueueCreateCountingSemaphore  queue.o
    0x08004138   0x08004138   0x00000064   Code   RO         3094    i.xQueueCreateCountingSemaphoreStatic  queue.o
    0x0800419c   0x0800419c   0x0000005a   Code   RO         3097    i.xQueueGenericCreate  queue.o
    0x080041f6   0x080041f6   0x000000e0   Code   RO         3098    i.xQueueGenericCreateStatic  queue.o
    0x080042d6   0x080042d6   0x00000002   PAD
    0x080042d8   0x080042d8   0x00000098   Code   RO         3099    i.xQueueGenericReset  queue.o
    0x08004370   0x08004370   0x000001a8   Code   RO         3100    i.xQueueGenericSend  queue.o
    0x08004518   0x08004518   0x000000fc   Code   RO         3101    i.xQueueGenericSendFromISR  queue.o
    0x08004614   0x08004614   0x000000e0   Code   RO         3104    i.xQueueGiveFromISR  queue.o
    0x080046f4   0x080046f4   0x00000168   Code   RO         3110    i.xQueueReceive     queue.o
    0x0800485c   0x0800485c   0x000000ca   Code   RO         3111    i.xQueueReceiveFromISR  queue.o
    0x08004926   0x08004926   0x00000002   PAD
    0x08004928   0x08004928   0x000001b8   Code   RO         3112    i.xQueueSemaphoreTake  queue.o
    0x08004ae0   0x08004ae0   0x0000008c   Code   RO         3531    i.xTaskCheckForTimeOut  tasks.o
    0x08004b6c   0x08004b6c   0x00000064   Code   RO         3532    i.xTaskCreate       tasks.o
    0x08004bd0   0x08004bd0   0x000000ba   Code   RO         3533    i.xTaskCreateStatic  tasks.o
    0x08004c8a   0x08004c8a   0x00000002   PAD
    0x08004c8c   0x08004c8c   0x00000020   Code   RO         3537    i.xTaskGetSchedulerState  tasks.o
    0x08004cac   0x08004cac   0x0000000c   Code   RO         3538    i.xTaskGetTickCount  tasks.o
    0x08004cb8   0x08004cb8   0x00000144   Code   RO         3540    i.xTaskIncrementTick  tasks.o
    0x08004dfc   0x08004dfc   0x000000a4   Code   RO         3543    i.xTaskPriorityDisinherit  tasks.o
    0x08004ea0   0x08004ea0   0x000000a4   Code   RO         3544    i.xTaskPriorityInherit  tasks.o
    0x08004f44   0x08004f44   0x00000098   Code   RO         3545    i.xTaskRemoveFromEventList  tasks.o
    0x08004fdc   0x08004fdc   0x00000104   Code   RO         3546    i.xTaskResumeAll    tasks.o
    0x080050e0   0x080050e0   0x00000078   Code   RO         3882    i.xTimerCreateTimerTask  timers.o
    0x08005158   0x08005158   0x00000084   Code   RO         3883    i.xTimerGenericCommand  timers.o
    0x080051dc   0x080051dc   0x000000c0   Data   RO          218    .constdata          freertos.o
    0x0800529c   0x0800529c   0x00000012   Data   RO         1678    .constdata          stm32f1xx_hal_rcc.o
    0x080052ae   0x080052ae   0x00000018   Data   RO         2872    .constdata          system_stm32f1xx.o
    0x080052c6   0x080052c6   0x00000002   PAD
    0x080052c8   0x080052c8   0x00000074   Data   RO          219    .conststring        freertos.o
    0x0800533c   0x0800533c   0x00000020   Data   RO         5167    Region$$Table       anon$$obj.o


    Execution Region RW_IRAM1 (Exec base: 0x20000000, Load base: 0x0800535c, Size: 0x00002310, Max: 0x00005000, ABSOLUTE)

    Exec Addr    Load Addr    Size         Type   Attr      Idx    E Section Name        Object

    0x20000000   0x0800535c   0x00000020   Data   RW          220    .data               freertos.o
    0x20000020   0x0800537c   0x00000009   Data   RW         1514    .data               stm32f1xx_hal.o
    0x20000029   0x08005385   0x00000003   PAD
    0x2000002c   0x08005388   0x00000004   Data   RW         2873    .data               system_stm32f1xx.o
    0x20000030   0x0800538c   0x0000003c   Data   RW         3549    .data               tasks.o
    0x2000006c   0x080053c8   0x00000014   Data   RW         3891    .data               timers.o
    0x20000080   0x080053dc   0x00000004   Data   RW         4128    .data               cmsis_os2.o
    0x20000084   0x080053e0   0x00000020   Data   RW         4590    .data               heap_4.o
    0x200000a4   0x08005400   0x0000000c   Data   RW         4646    .data               port.o
    0x200000b0   0x0800540c   0x00000012   Data   RW         4895    .data               485_to_motor.o
    0x200000c2   0x0800541e   0x00000002   PAD
    0x200000c4        -       0x00000080   Zero   RW           17    .bss                main.o
    0x20000144        -       0x00000118   Zero   RW          310    .bss                usart.o
    0x2000025c        -       0x00000048   Zero   RW          433    .bss                stm32f1xx_hal_timebase_tim.o
    0x200002a4        -       0x00000040   Zero   RW         3114    .bss                queue.o
    0x200002e4        -       0x000004c4   Zero   RW         3548    .bss                tasks.o
    0x200007a8        -       0x00000118   Zero   RW         3890    .bss                timers.o
    0x200008c0        -       0x000006b8   Zero   RW         4127    .bss                cmsis_os2.o
    0x20000f78        -       0x00000c00   Zero   RW         4589    .bss                heap_4.o
    0x20001b78        -       0x000000f6   Zero   RW         4719    .bss                bsp_uart.o
    0x20001c6e        -       0x00000040   Zero   RW         4894    .bss                485_to_motor.o
    0x20001cae   0x0800541e   0x00000002   PAD
    0x20001cb0        -       0x00000060   Zero   RW         5039    .bss                c_w.l(libspace.o)
    0x20001d10        -       0x00000200   Zero   RW            2    HEAP                startup_stm32f103xb.o
    0x20001f10        -       0x00000400   Zero   RW            1    STACK               startup_stm32f103xb.o


==============================================================================

Image component sizes


      Code (inc. data)   RO Data    RW Data    ZI Data      Debug   Object Name

       212         20          0         18         64       3889   485_to_motor.o
       428         46          0          0        246     359750   bsp_uart.o
       834         46          0          4       1720      60974   cmsis_os2.o
        54          0          0          0          0        751   crc16.o
        68          4          0          0          0        710   dma.o
         0          0          0          0          0      19620   event_groups.o
       290         92        308         32          0       5155   freertos.o
       116         10          0          0          0        819   gpio.o
       724         74          0         32       3072       4723   heap_4.o
       148          0          0          0          0       3378   list.o
       240         22          0          0        128     439000   main.o
       854         78          0         12          0      10785   port.o
      3188         30          0          0         64      26128   queue.o
        64         26        236          0       1536        800   startup_stm32f103xb.o
        76         20          0          9          0       4570   stm32f1xx_hal.o
       252         22          0          0          0      28634   stm32f1xx_hal_cortex.o
       978         12          0          0          0       4790   stm32f1xx_hal_dma.o
       812         34          0          0          0       2644   stm32f1xx_hal_gpio.o
        96         10          0          0          0        850   stm32f1xx_hal_msp.o
      1816        108         18          0          0       6497   stm32f1xx_hal_rcc.o
       728         26          0          0          0       6186   stm32f1xx_hal_tim.o
         4          0          0          0          0       1521   stm32f1xx_hal_tim_ex.o
       160         22          0          0         72       1375   stm32f1xx_hal_timebase_tim.o
      2674         22          0          0          0      16485   stm32f1xx_hal_uart.o
       168         30          0          0          0       2805   stm32f1xx_it.o
         0          0          0          0          0        424   stream_buffer.o
         2          0         24          4          0       1063   system_stm32f1xx.o
      3212        380          0         60       1220      28855   tasks.o
      1318        124          0         20        280      32559   timers.o
       500         50          0          0        280       2381   usart.o

    ----------------------------------------------------------------------
     20040       1308        620        196       8684    1078121   Object Totals
         0          0         32          0          0          0   (incl. Generated)
        24          0          2          5          2          0   (incl. Padding)

    ----------------------------------------------------------------------

      Code (inc. data)   RO Data    RW Data    ZI Data      Debug   Library Member Name

         8          0          0          0          0         68   __main.o
         0          0          0          0          0          0   __rtentry.o
        12          0          0          0          0          0   __rtentry2.o
         6          0          0          0          0          0   __rtentry4.o
        52          8          0          0          0          0   __scatter.o
        26          0          0          0          0          0   __scatter_copy.o
        28          0          0          0          0          0   __scatter_zi.o
        16          0          0          0          0         68   aeabi_memset.o
        18          0          0          0          0         80   exit.o
         6          0          0          0          0        152   heapauxi.o
         0          0          0          0          0          0   indicate_semi.o
         2          0          0          0          0          0   libinit.o
         2          0          0          0          0          0   libinit2.o
         2          0          0          0          0          0   libshutdown.o
         2          0          0          0          0          0   libshutdown2.o
         8          4          0          0         96         68   libspace.o
        68          0          0          0          0         68   rt_memclr.o
        78          0          0          0          0         80   rt_memclr_w.o
       138          0          0          0          0         68   rt_memcpy_v6.o
       100          0          0          0          0         80   rt_memcpy_w.o
         2          0          0          0          0          0   rtexit.o
        10          0          0          0          0          0   rtexit2.o
        12          4          0          0          0         68   sys_exit.o
        74          0          0          0          0         80   sys_stackheap_outer.o
         2          0          0          0          0         68   use_no_semi.o

    ----------------------------------------------------------------------
       680         16          0          0         96        948   Library Totals
         8          0          0          0          0          0   (incl. Padding)

    ----------------------------------------------------------------------

      Code (inc. data)   RO Data    RW Data    ZI Data      Debug   Library Name

       672         16          0          0         96        948   c_w.l

    ----------------------------------------------------------------------
       680         16          0          0         96        948   Library Totals

    ----------------------------------------------------------------------

==============================================================================


      Code (inc. data)   RO Data    RW Data    ZI Data      Debug   

     20720       1324        620        196       8780    1069653   Grand Totals
     20720       1324        620        196       8780    1069653   ELF Image Totals
     20720       1324        620        196          0          0   ROM Totals

==============================================================================

    Total RO  Size (Code + RO Data)                21340 (  20.84kB)
    Total RW  Size (RW Data + ZI Data)              8976 (   8.77kB)
    Total ROM Size (Code + RO Data + RW Data)      21536 (  21.03kB)

==============================================================================

