<html>
<body>
<pre>
<h1>µVision Build Log</h1>
<h2>Tool Versions:</h2>
IDE-Version: ¦ÌVision V5.39.0.0
Copyright (C) 2023 ARM Ltd and ARM Germany GmbH. All rights reserved.
License Information: 1 Lenovo, 1, LIC=AK1BF-6M1L5-JPKZQ-NQH94-8CHLQ-47J0Z
 
Tool Versions:
Toolchain:       MDK-ARM Professional  Version: 5.39.0.0
Toolchain Path:  D:\software\Keil_v5\ARM\ARMCOMPLIER506\Bin
C Compiler:      Armcc.exe V5.06 update 7 (build 960)
Assembler:       Armasm.exe V5.06 update 7 (build 960)
Linker/Locator:  ArmLink.exe V5.06 update 7 (build 960)
Library Manager: ArmAr.exe V5.06 update 7 (build 960)
Hex Converter:   FromElf.exe V5.06 update 7 (build 960)
CPU DLL:         SARMCM3.DLL V5.39.0.0
Dialog DLL:      DCM.DLL V1.17.5.0
Target DLL:      STLink\ST-LINKIII-KEIL_SWO.dll V3.2.0.0
Dialog DLL:      TCM.DLL V1.56.4.0
 
<h2>Project:</h2>
C:\Users\Lenovo\Desktop\work\H750XB-LTDC_RGB888\MDK-ARM\H750XB-SDRAM.uvprojx
Project File Date:  07/03/2025

<h2>Output:</h2>
*** Using Compiler 'V5.06 update 7 (build 960)', folder: 'D:\software\Keil_v5\ARM\ARMCOMPLIER506\Bin'
Build target 'H750XB-SDRAM'
compiling stm32h7xx_it.c...
compiling stm32h7xx_hal_msp.c...
compiling gpio.c...
compiling stm32h7xx_hal_flash_ex.c...
compiling stm32h7xx_hal_rcc_ex.c...
compiling main.c...
compiling stm32h7xx_hal_hsem.c...
compiling stm32h7xx_hal_exti.c...
compiling stm32h7xx_hal_mdma.c...
compiling stm32h7xx_hal_gpio.c...
compiling stm32h7xx_hal_flash.c...
compiling stm32h7xx_hal_ltdc.c...
compiling stm32h7xx_hal_timebase_tim.c...
compiling usart.c...
compiling stm32h7xx_hal_cortex.c...
compiling dma2d.c...
compiling stm32h7xx_hal_sdram.c...
compiling stm32h7xx_hal_ltdc_ex.c...
compiling stm32h7xx_hal_i2c.c...
compiling stm32h7xx_hal_i2c_ex.c...
compiling stm32h7xx_hal_dma2d.c...
compiling stm32h7xx_hal_pwr.c...
compiling stm32h7xx_hal_tim.c...
compiling stm32h7xx_hal.c...
compiling stm32h7xx_hal_dma_ex.c...
compiling ltdc.c...
compiling stm32h7xx_hal_pwr_ex.c...
compiling stm32h7xx_ll_fmc.c...
compiling fmc.c...
compiling stm32h7xx_hal_rcc.c...
compiling stm32h7xx_hal_dma.c...
compiling stm32h7xx_hal_tim_ex.c...
compiling system_stm32h7xx.c...
compiling stm32h7xx_hal_uart_ex.c...
compiling stm32h7xx_hal_uart.c...
linking...
Program Size: Code=13936 RO-data=736 RW-data=32 ZI-data=4552  
FromELF: creating hex file...
"H750XB-SDRAM\H750XB-SDRAM.axf" - 0 Error(s), 0 Warning(s).

<h2>Software Packages used:</h2>

Package Vendor: ARM
                http://www.keil.com/pack/ARM.CMSIS.5.9.0.pack
                ARM::CMSIS@5.9.0
                CMSIS (Common Microcontroller Software Interface Standard)
   * Component: CORE Version: 5.6.0

Package Vendor: Keil
                https://www.keil.com/pack/Keil.STM32H7xx_DFP.4.0.0.pack
                Keil::STM32H7xx_DFP@4.0.0
                STMicroelectronics STM32H7 Series Device Support

<h2>Collection of Component include folders:</h2>
  ./RTE/_H750XB-SDRAM
  D:/software/Keil_v5/Local/Arm/Packs/ARM/CMSIS/5.9.0/CMSIS/Core/Include

<h2>Collection of Component Files used:</h2>

   * Component: ARM::CMSIS:CORE@5.6.0
Build Time Elapsed:  00:00:15
</pre>
</body>
</html>
