Component: ARM Compiler 5.06 update 7 (build 960) Tool: armlink [4d3601]

==============================================================================

Section Cross References

    startup_stm32f103xb.o(STACK) refers (Special) to heapauxi.o(.text) for __use_two_region_memory
    startup_stm32f103xb.o(HEAP) refers (Special) to heapauxi.o(.text) for __use_two_region_memory
    startup_stm32f103xb.o(RESET) refers (Special) to heapauxi.o(.text) for __use_two_region_memory
    startup_stm32f103xb.o(RESET) refers to startup_stm32f103xb.o(STACK) for __initial_sp
    startup_stm32f103xb.o(RESET) refers to startup_stm32f103xb.o(.text) for Reset_Handler
    startup_stm32f103xb.o(RESET) refers to port.o(.emb_text) for SVC_Handler
    startup_stm32f103xb.o(RESET) refers to cmsis_os2.o(i.SysTick_Handler) for SysTick_Handler
    startup_stm32f103xb.o(RESET) refers to stm32f1xx_it.o(i.DMA1_Channel5_IRQHandler) for DMA1_Channel5_IRQHandler
    startup_stm32f103xb.o(RESET) refers to stm32f1xx_it.o(i.DMA1_Channel6_IRQHandler) for DMA1_Channel6_IRQHandler
    startup_stm32f103xb.o(RESET) refers to stm32f1xx_it.o(i.TIM1_UP_IRQHandler) for TIM1_UP_IRQHandler
    startup_stm32f103xb.o(RESET) refers to stm32f1xx_it.o(i.USART1_IRQHandler) for USART1_IRQHandler
    startup_stm32f103xb.o(RESET) refers to stm32f1xx_it.o(i.USART2_IRQHandler) for USART2_IRQHandler
    startup_stm32f103xb.o(.text) refers (Special) to heapauxi.o(.text) for __use_two_region_memory
    startup_stm32f103xb.o(.text) refers to system_stm32f1xx.o(i.SystemInit) for SystemInit
    startup_stm32f103xb.o(.text) refers to __main.o(!!!main) for __main
    startup_stm32f103xb.o(.text) refers to startup_stm32f103xb.o(HEAP) for Heap_Mem
    startup_stm32f103xb.o(.text) refers to startup_stm32f103xb.o(STACK) for Stack_Mem
    main.o(i.HAL_TIM_PeriodElapsedCallback) refers to stm32f1xx_hal.o(i.HAL_IncTick) for HAL_IncTick
    main.o(i.SystemClock_Config) refers to rt_memclr_w.o(.text) for __aeabi_memclr4
    main.o(i.SystemClock_Config) refers to stm32f1xx_hal_rcc.o(i.HAL_RCC_OscConfig) for HAL_RCC_OscConfig
    main.o(i.SystemClock_Config) refers to main.o(i.Error_Handler) for Error_Handler
    main.o(i.SystemClock_Config) refers to stm32f1xx_hal_rcc.o(i.HAL_RCC_ClockConfig) for HAL_RCC_ClockConfig
    main.o(i.main) refers to stm32f1xx_hal.o(i.HAL_Init) for HAL_Init
    main.o(i.main) refers to main.o(i.SystemClock_Config) for SystemClock_Config
    main.o(i.main) refers to dma.o(i.MX_DMA_Init) for MX_DMA_Init
    main.o(i.main) refers to gpio.o(i.MX_GPIO_Init) for MX_GPIO_Init
    main.o(i.main) refers to usart.o(i.MX_USART1_UART_Init) for MX_USART1_UART_Init
    main.o(i.main) refers to usart.o(i.MX_USART2_UART_Init) for MX_USART2_UART_Init
    main.o(i.main) refers to stm32f1xx_hal_uart.o(i.HAL_UART_Receive_DMA) for HAL_UART_Receive_DMA
    main.o(i.main) refers to cmsis_os2.o(i.osKernelInitialize) for osKernelInitialize
    main.o(i.main) refers to freertos.o(i.MX_FREERTOS_Init) for MX_FREERTOS_Init
    main.o(i.main) refers to cmsis_os2.o(i.osKernelStart) for osKernelStart
    main.o(i.main) refers to usart.o(.bss) for huart1
    main.o(i.main) refers to main.o(.bss) for rx_buffer1
    gpio.o(i.MX_GPIO_Init) refers to stm32f1xx_hal_gpio.o(i.HAL_GPIO_WritePin) for HAL_GPIO_WritePin
    gpio.o(i.MX_GPIO_Init) refers to stm32f1xx_hal_gpio.o(i.HAL_GPIO_Init) for HAL_GPIO_Init
    freertos.o(i.MX_FREERTOS_Init) refers to cmsis_os2.o(i.osSemaphoreNew) for osSemaphoreNew
    freertos.o(i.MX_FREERTOS_Init) refers to cmsis_os2.o(i.osThreadNew) for osThreadNew
    freertos.o(i.MX_FREERTOS_Init) refers to freertos.o(.constdata) for WriteCmdBinarySem01_attributes
    freertos.o(i.MX_FREERTOS_Init) refers to freertos.o(.data) for WriteCmdBinarySem01Handle
    freertos.o(i.MX_FREERTOS_Init) refers to freertos.o(i.StartDefaultTask) for StartDefaultTask
    freertos.o(i.MX_FREERTOS_Init) refers to freertos.o(i.WriteConfirmStartTask02) for WriteConfirmStartTask02
    freertos.o(i.MX_FREERTOS_Init) refers to freertos.o(i.ReadConfirmStartTask03) for ReadConfirmStartTask03
    freertos.o(i.MX_FREERTOS_Init) refers to freertos.o(i.dataProcessStartTask04) for dataProcessStartTask04
    freertos.o(i.MX_FREERTOS_Init) refers to freertos.o(i.uiUpdateStartTask05) for uiUpdateStartTask05
    freertos.o(i.MX_FREERTOS_Init) refers to freertos.o(i.calculateStartTask06) for calculateStartTask06
    freertos.o(i.ReadConfirmStartTask03) refers to cmsis_os2.o(i.osSemaphoreAcquire) for osSemaphoreAcquire
    freertos.o(i.ReadConfirmStartTask03) refers to cmsis_os2.o(i.osSemaphoreRelease) for osSemaphoreRelease
    freertos.o(i.ReadConfirmStartTask03) refers to cmsis_os2.o(i.osDelay) for osDelay
    freertos.o(i.ReadConfirmStartTask03) refers to freertos.o(.data) for ReadCmdBinarySem02Handle
    freertos.o(i.ReadConfirmStartTask03) refers to bsp_uart.o(.bss) for motor_data_management
    freertos.o(i.StartDefaultTask) refers to cmsis_os2.o(i.osDelay) for osDelay
[...]
    i.xTaskGetSchedulerState                 0x080053e8   Section        0  tasks.o(i.xTaskGetSchedulerState)
    i.xTaskGetTickCount                      0x08005408   Section        0  tasks.o(i.xTaskGetTickCount)
    i.xTaskIncrementTick                     0x08005414   Section        0  tasks.o(i.xTaskIncrementTick)
    i.xTaskPriorityDisinherit                0x08005558   Section        0  tasks.o(i.xTaskPriorityDisinherit)
    i.xTaskPriorityInherit                   0x080055fc   Section        0  tasks.o(i.xTaskPriorityInherit)
    i.xTaskRemoveFromEventList               0x080056a0   Section        0  tasks.o(i.xTaskRemoveFromEventList)
    i.xTaskResumeAll                         0x08005738   Section        0  tasks.o(i.xTaskResumeAll)
    i.xTimerCreateTimerTask                  0x0800583c   Section        0  timers.o(i.xTimerCreateTimerTask)
    i.xTimerGenericCommand                   0x080058b4   Section        0  timers.o(i.xTimerGenericCommand)
    x$fpl$ffixu                              0x08005938   Section       62  ffixu.o(x$fpl$ffixu)
    x$fpl$ffltu                              0x08005978   Section       38  fflt_clz.o(x$fpl$ffltu)
    x$fpl$fmul                               0x080059a0   Section      258  fmul.o(x$fpl$fmul)
    x$fpl$fnaninf                            0x08005aa2   Section      140  fnaninf.o(x$fpl$fnaninf)
    x$fpl$fretinf                            0x08005b2e   Section       10  fretinf.o(x$fpl$fretinf)
    .constdata                               0x08005b38   Section      420  freertos.o(.constdata)
    x$fpl$usenofp                            0x08005b38   Section        0  usenofp.o(x$fpl$usenofp)
    .constdata                               0x08005cdc   Section       18  stm32f1xx_hal_rcc.o(.constdata)
    aPLLMULFactorTable                       0x08005cdc   Data          16  stm32f1xx_hal_rcc.o(.constdata)
    aPredivFactorTable                       0x08005cec   Data           2  stm32f1xx_hal_rcc.o(.constdata)
    .constdata                               0x08005cee   Section       24  system_stm32f1xx.o(.constdata)
    .conststring                             0x08005d08   Section      192  freertos.o(.conststring)
    .data                                    0x20000000   Section       56  freertos.o(.data)
    .data                                    0x20000038   Section        9  stm32f1xx_hal.o(.data)
    .data                                    0x20000044   Section        4  system_stm32f1xx.o(.data)
    .data                                    0x20000048   Section       60  tasks.o(.data)
    pxDelayedTaskList                        0x2000004c   Data           4  tasks.o(.data)
    pxOverflowDelayedTaskList                0x20000050   Data           4  tasks.o(.data)
    uxDeletedTasksWaitingCleanUp             0x20000054   Data           4  tasks.o(.data)
    uxCurrentNumberOfTasks                   0x20000058   Data           4  tasks.o(.data)
    xTickCount                               0x2000005c   Data           4  tasks.o(.data)
    uxTopReadyPriority                       0x20000060   Data           4  tasks.o(.data)
    xSchedulerRunning                        0x20000064   Data           4  tasks.o(.data)
    xPendedTicks                             0x20000068   Data           4  tasks.o(.data)
    xYieldPending                            0x2000006c   Data           4  tasks.o(.data)
    xNumOfOverflows                          0x20000070   Data           4  tasks.o(.data)
    uxTaskNumber                             0x20000074   Data           4  tasks.o(.data)
    xNextTaskUnblockTime                     0x20000078   Data           4  tasks.o(.data)
    xIdleTaskHandle                          0x2000007c   Data           4  tasks.o(.data)
    uxSchedulerSuspended                     0x20000080   Data           4  tasks.o(.data)
    .data                                    0x20000084   Section       20  timers.o(.data)
    pxCurrentTimerList                       0x20000084   Data           4  timers.o(.data)
    pxOverflowTimerList                      0x20000088   Data           4  timers.o(.data)
    xTimerQueue                              0x2000008c   Data           4  timers.o(.data)
    xTimerTaskHandle                         0x20000090   Data           4  timers.o(.data)
    xLastTime                                0x20000094   Data           4  timers.o(.data)
    .data                                    0x20000098   Section        4  cmsis_os2.o(.data)
    KernelState                              0x20000098   Data           4  cmsis_os2.o(.data)
    .data                                    0x2000009c   Section       32  heap_4.o(.data)
    xStart                                   0x2000009c   Data           8  heap_4.o(.data)
    pxEnd                                    0x200000a4   Data           4  heap_4.o(.data)
    xFreeBytesRemaining                      0x200000a8   Data           4  heap_4.o(.data)
    xMinimumEverFreeBytesRemaining           0x200000ac   Data           4  heap_4.o(.data)
    xNumberOfSuccessfulAllocations           0x200000b0   Data           4  heap_4.o(.data)
    xNumberOfSuccessfulFrees                 0x200000b4   Data           4  heap_4.o(.data)
    xBlockAllocatedBit                       0x200000b8   Data           4  heap_4.o(.data)
    .data                                    0x200000bc   Section       12  port.o(.data)
    uxCriticalNesting                        0x200000bc   Data           4  port.o(.data)
    ucMaxSysCallPriority                     0x200000c0   Data           1  port.o(.data)
    ulMaxPRIGROUPValue                       0x200000c4   Data           4  port.o(.data)
    .data                                    0x200000c8   Section       18  485_to_motor.o(.data)
    .bss                                     0x200000dc   Section      128  main.o(.bss)
    .bss                                     0x2000015c   Section       16  freertos.o(.bss)
    .bss                                     0x2000016c   Section      280  usart.o(.bss)
    .bss                                     0x20000284   Section       72  stm32f1xx_hal_timebase_tim.o(.bss)
    .bss                                     0x200002cc   Section       64  queue.o(.bss)
    .bss                                     0x2000030c   Section     1220  tasks.o(.bss)
    pxReadyTasksLists                        0x2000030c   Data        1120  tasks.o(.bss)
    xDelayedTaskList1                        0x2000076c   Data          20  tasks.o(.bss)
    xDelayedTaskList2                        0x20000780   Data          20  tasks.o(.bss)
    xPendingReadyList                        0x20000794   Data          20  tasks.o(.bss)
    xTasksWaitingTermination                 0x200007a8   Data          20  tasks.o(.bss)
    xSuspendedTaskList                       0x200007bc   Data          20  tasks.o(.bss)
    .bss                                     0x200007d0   Section      280  timers.o(.bss)
    xActiveTimerList1                        0x200007d0   Data          20  timers.o(.bss)
    xActiveTimerList2                        0x200007e4   Data          20  timers.o(.bss)
    xStaticTimerQueue                        0x200007f8   Data          80  timers.o(.bss)
    ucStaticTimerQueueStorage                0x20000848   Data         160  timers.o(.bss)
    .bss                                     0x200008e8   Section     1720  cmsis_os2.o(.bss)
    Idle_TCB                                 0x200008e8   Data          92  cmsis_os2.o(.bss)
    Idle_Stack                               0x20000944   Data         512  cmsis_os2.o(.bss)
    Timer_TCB                                0x20000b44   Data          92  cmsis_os2.o(.bss)
    Timer_Stack                              0x20000ba0   Data        1024  cmsis_os2.o(.bss)
    .bss                                     0x20000fa0   Section     5120  heap_4.o(.bss)
    ucHeap                                   0x20000fa0   Data        5120  heap_4.o(.bss)
    .bss                                     0x200023a0   Section      246  bsp_uart.o(.bss)
    .bss                                     0x20002496   Section       64  485_to_motor.o(.bss)
    .bss                                     0x200024d8   Section       96  libspace.o(.bss)
    HEAP                                     0x20002538   Section     2048  startup_stm32f103xb.o(HEAP)
    Heap_Mem                                 0x20002538   Data        2048  startup_stm32f103xb.o(HEAP)
    STACK                                    0x20002d38   Section     2048  startup_stm32f103xb.o(STACK)
    Stack_Mem                                0x20002d38   Data        2048  startup_stm32f103xb.o(STACK)
    __initial_sp                             0x20003538   Data           0  startup_stm32f103xb.o(STACK)

    Global Symbols

    Symbol Name                              Value     Ov Type        Size  Object(Section)

    BuildAttributes$$THM_ISAv4$P$D$K$B$S$PE$A:L22UL41UL21$X:L11$S22US41US21$IEEE1$IW$USESV6$~STKCKD$USESV7$~SHL$OTIME$ROPI$EBA8$UX$STANDARDLIB$REQ8$PRES8$EABIv2 0x00000000   Number         0  anon$$obj.o ABSOLUTE
    __ARM_use_no_argv                        0x00000000   Number         0  main.o ABSOLUTE
    _printf_flags                            0x00000000   Number         0  printf_stubs.o ABSOLUTE
    _printf_return_value                     0x00000000   Number         0  printf_stubs.o ABSOLUTE
    _printf_sizespec                         0x00000000   Number         0  printf_stubs.o ABSOLUTE
    _printf_widthprec                        0x00000000   Number         0  printf_stubs.o ABSOLUTE
    __ARM_exceptions_init                     - Undefined Weak Reference
    __alloca_initialize                       - Undefined Weak Reference
    __arm_fini_                               - Undefined Weak Reference
    __arm_preinit_                            - Undefined Weak Reference
    __cpp_initialize__aeabi_                  - Undefined Weak Reference
    __cxa_finalize                            - Undefined Weak Reference
    __rt_locale                               - Undefined Weak Reference
    __sigvec_lookup                           - Undefined Weak Reference
    __user_heap_extent                        - Undefined Weak Reference
    _atexit_init                              - Undefined Weak Reference
    _call_atexit_fns                          - Undefined Weak Reference
    _clock_init                               - Undefined Weak Reference
    _fp_trap_init                             - Undefined Weak Reference
    _fp_trap_shutdown                         - Undefined Weak Reference
    _get_lc_collate                           - Undefined Weak Reference
    _get_lc_ctype                             - Undefined Weak Reference
    _get_lc_monetary                          - Undefined Weak Reference
    _get_lc_numeric                           - Undefined Weak Reference
    _get_lc_time                              - Undefined Weak Reference
    _getenv_init                              - Undefined Weak Reference
    _handle_redirection                       - Undefined Weak Reference
    _initio                                   - Undefined Weak Reference
    _mutex_acquire                            - Undefined Weak Reference
    _mutex_free                               - Undefined Weak Reference
    _mutex_release                            - Undefined Weak Reference
    _printf_mbtowc                            - Undefined Weak Reference
    _printf_post_padding                      - Undefined Weak Reference
    _printf_pre_padding                       - Undefined Weak Reference
    _printf_truncate_signed                   - Undefined Weak Reference
    _printf_truncate_unsigned                 - Undefined Weak Reference
    _rand_init                                - Undefined Weak Reference
    _signal_finish                            - Undefined Weak Reference
    _signal_init                              - Undefined Weak Reference
    _terminateio                              - Undefined Weak Reference
    __Vectors_Size                           0x000000ec   Number         0  startup_stm32f103xb.o ABSOLUTE
    __Vectors                                0x08000000   Data           4  startup_stm32f103xb.o(RESET)
    __Vectors_End                            0x080000ec   Data           0  startup_stm32f103xb.o(RESET)
    __main                                   0x080000ed   Thumb Code     8  __main.o(!!!main)
    __scatterload                            0x080000f5   Thumb Code     0  __scatter.o(!!!scatter)
    __scatterload_rt2                        0x080000f5   Thumb Code    44  __scatter.o(!!!scatter)
    __scatterload_rt2_thumb_only             0x080000f5   Thumb Code     0  __scatter.o(!!!scatter)
    __scatterload_null                       0x08000103   Thumb Code     0  __scatter.o(!!!scatter)
    __scatterload_copy                       0x08000129   Thumb Code    26  __scatter_copy.o(!!handler_copy)
    __scatterload_zeroinit                   0x08000145   Thumb Code    28  __scatter_zi.o(!!handler_zi)
    _printf_d                                0x08000161   Thumb Code     0  _printf_d.o(.ARM.Collect$$_printf_percent$$00000009)
    _printf_percent                          0x08000161   Thumb Code     0  _printf_percent.o(.ARM.Collect$$_printf_percent$$00000000)
    _printf_s                                0x08000167   Thumb Code     0  _printf_s.o(.ARM.Collect$$_printf_percent$$00000014)
    _printf_percent_end                      0x0800016d   Thumb Code     0  _printf_percent_end.o(.ARM.Collect$$_printf_percent$$00000017)
    __rt_lib_init                            0x08000171   Thumb Code     0  libinit.o(.ARM.Collect$$libinit$$00000000)
    __rt_lib_init_fp_1                       0x08000173   Thumb Code     0  libinit2.o(.ARM.Collect$$libinit$$00000002)
    __rt_lib_init_heap_2                     0x08000173   Thumb Code     0  libinit2.o(.ARM.Collect$$libinit$$00000005)
    __rt_lib_init_preinit_1                  0x08000173   Thumb Code     0  libinit2.o(.ARM.Collect$$libinit$$00000004)
    __rt_lib_init_alloca_1                   0x0800017b   Thumb Code     0  libinit2.o(.ARM.Collect$$libinit$$0000002E)
    __rt_lib_init_argv_1                     0x0800017b   Thumb Code     0  libinit2.o(.ARM.Collect$$libinit$$0000002C)
    __rt_lib_init_atexit_1                   0x0800017b   Thumb Code     0  libinit2.o(.ARM.Collect$$libinit$$0000001B)
    __rt_lib_init_clock_1                    0x0800017b   Thumb Code     0  libinit2.o(.ARM.Collect$$libinit$$00000021)
    __rt_lib_init_cpp_1                      0x0800017b   Thumb Code     0  libinit2.o(.ARM.Collect$$libinit$$00000032)
    __rt_lib_init_exceptions_1               0x0800017b   Thumb Code     0  libinit2.o(.ARM.Collect$$libinit$$00000030)
    __rt_lib_init_fp_trap_1                  0x0800017b   Thumb Code     0  libinit2.o(.ARM.Collect$$libinit$$0000001F)
    __rt_lib_init_getenv_1                   0x0800017b   Thumb Code     0  libinit2.o(.ARM.Collect$$libinit$$00000023)
    __rt_lib_init_heap_1                     0x0800017b   Thumb Code     0  libinit2.o(.ARM.Collect$$libinit$$0000000A)
    __rt_lib_init_lc_collate_1               0x0800017b   Thumb Code     0  libinit2.o(.ARM.Collect$$libinit$$00000011)
    __rt_lib_init_lc_ctype_1                 0x0800017b   Thumb Code     0  libinit2.o(.ARM.Collect$$libinit$$00000013)
    __rt_lib_init_lc_monetary_1              0x0800017b   Thumb Code     0  libinit2.o(.ARM.Collect$$libinit$$00000015)
    __rt_lib_init_lc_numeric_1               0x0800017b   Thumb Code     0  libinit2.o(.ARM.Collect$$libinit$$00000017)
    __rt_lib_init_lc_time_1                  0x0800017b   Thumb Code     0  libinit2.o(.ARM.Collect$$libinit$$00000019)
    __rt_lib_init_rand_1                     0x0800017b   Thumb Code     0  libinit2.o(.ARM.Collect$$libinit$$0000000E)
    __rt_lib_init_return                     0x0800017b   Thumb Code     0  libinit2.o(.ARM.Collect$$libinit$$00000033)
    __rt_lib_init_signal_1                   0x0800017b   Thumb Code     0  libinit2.o(.ARM.Collect$$libinit$$0000001D)
    __rt_lib_init_stdio_1                    0x0800017b   Thumb Code     0  libinit2.o(.ARM.Collect$$libinit$$00000025)
    __rt_lib_init_user_alloc_1               0x0800017b   Thumb Code     0  libinit2.o(.ARM.Collect$$libinit$$0000000C)
    __rt_lib_shutdown                        0x0800017d   Thumb Code     0  libshutdown.o(.ARM.Collect$$libshutdown$$00000000)
    __rt_lib_shutdown_cpp_1                  0x0800017f   Thumb Code     0  libshutdown2.o(.ARM.Collect$$libshutdown$$00000004)
    __rt_lib_shutdown_fini_1                 0x0800017f   Thumb Code     0  libshutdown2.o(.ARM.Collect$$libshutdown$$00000002)
    __rt_lib_shutdown_fp_trap_1              0x0800017f   Thumb Code     0  libshutdown2.o(.ARM.Collect$$libshutdown$$00000009)
    __rt_lib_shutdown_heap_1                 0x0800017f   Thumb Code     0  libshutdown2.o(.ARM.Collect$$libshutdown$$00000011)
    __rt_lib_shutdown_return                 0x0800017f   Thumb Code     0  libshutdown2.o(.ARM.Collect$$libshutdown$$00000012)
    __rt_lib_shutdown_signal_1               0x0800017f   Thumb Code     0  libshutdown2.o(.ARM.Collect$$libshutdown$$0000000C)
    __rt_lib_shutdown_stdio_1                0x0800017f   Thumb Code     0  libshutdown2.o(.ARM.Collect$$libshutdown$$00000006)
    __rt_lib_shutdown_user_alloc_1           0x0800017f   Thumb Code     0  libshutdown2.o(.ARM.Collect$$libshutdown$$0000000E)
    __rt_entry                               0x08000181   Thumb Code     0  __rtentry.o(.ARM.Collect$$rtentry$$00000000)
    __rt_entry_presh_1                       0x08000181   Thumb Code     0  __rtentry2.o(.ARM.Collect$$rtentry$$00000002)
    __rt_entry_sh                            0x08000181   Thumb Code     0  __rtentry4.o(.ARM.Collect$$rtentry$$00000004)
    __rt_entry_li                            0x08000187   Thumb Code     0  __rtentry2.o(.ARM.Collect$$rtentry$$0000000A)
    __rt_entry_postsh_1                      0x08000187   Thumb Code     0  __rtentry2.o(.ARM.Collect$$rtentry$$00000009)
    __rt_entry_main                          0x0800018b   Thumb Code     0  __rtentry2.o(.ARM.Collect$$rtentry$$0000000D)
    __rt_entry_postli_1                      0x0800018b   Thumb Code     0  __rtentry2.o(.ARM.Collect$$rtentry$$0000000C)
    __rt_exit                                0x08000193   Thumb Code     0  rtexit.o(.ARM.Collect$$rtexit$$00000000)
    __rt_exit_ls                             0x08000195   Thumb Code     0  rtexit2.o(.ARM.Collect$$rtexit$$00000003)
    __rt_exit_prels_1                        0x08000195   Thumb Code     0  rtexit2.o(.ARM.Collect$$rtexit$$00000002)
    __rt_exit_exit                           0x08000199   Thumb Code     0  rtexit2.o(.ARM.Collect$$rtexit$$00000004)
    SVC_Handler                              0x080001a1   Thumb Code    32  port.o(.emb_text)
    __asm___6_port_c_39a90d8d__prvStartFirstTask 0x080001c5   Thumb Code    28  port.o(.emb_text)
    PendSV_Handler                           0x080001e5   Thumb Code    72  port.o(.emb_text)
    vPortGetIPSR                             0x08000231   Thumb Code     6  port.o(.emb_text)
    Reset_Handler                            0x08000239   Thumb Code     8  startup_stm32f103xb.o(.text)
    _maybe_terminate_alloc                   0x08000239   Thumb Code     0  maybetermalloc1.o(.emb_text)
    NMI_Handler                              0x08000241   Thumb Code     2  startup_stm32f103xb.o(.text)
    HardFault_Handler                        0x08000243   Thumb Code     2  startup_stm32f103xb.o(.text)
    MemManage_Handler                        0x08000245   Thumb Code     2  startup_stm32f103xb.o(.text)
    BusFault_Handler                         0x08000247   Thumb Code     2  startup_stm32f103xb.o(.text)
    UsageFault_Handler                       0x08000249   Thumb Code     2  startup_stm32f103xb.o(.text)
    DebugMon_Handler                         0x0800024d   Thumb Code     2  startup_stm32f103xb.o(.text)
    ADC1_2_IRQHandler                        0x08000253   Thumb Code     0  startup_stm32f103xb.o(.text)
    CAN1_RX1_IRQHandler                      0x08000253   Thumb Code     0  startup_stm32f103xb.o(.text)
    CAN1_SCE_IRQHandler                      0x08000253   Thumb Code     0  startup_stm32f103xb.o(.text)
    DMA1_Channel1_IRQHandler                 0x08000253   Thumb Code     0  startup_stm32f103xb.o(.text)
    DMA1_Channel2_IRQHandler                 0x08000253   Thumb Code     0  startup_stm32f103xb.o(.text)
    DMA1_Channel3_IRQHandler                 0x08000253   Thumb Code     0  startup_stm32f103xb.o(.text)
    DMA1_Channel4_IRQHandler                 0x08000253   Thumb Code     0  startup_stm32f103xb.o(.text)
    DMA1_Channel7_IRQHandler                 0x08000253   Thumb Code     0  startup_stm32f103xb.o(.text)
    EXTI0_IRQHandler                         0x08000253   Thumb Code     0  startup_stm32f103xb.o(.text)
    EXTI15_10_IRQHandler                     0x08000253   Thumb Code     0  startup_stm32f103xb.o(.text)
    EXTI1_IRQHandler                         0x08000253   Thumb Code     0  startup_stm32f103xb.o(.text)
    EXTI2_IRQHandler                         0x08000253   Thumb Code     0  startup_stm32f103xb.o(.text)
    EXTI3_IRQHandler                         0x08000253   Thumb Code     0  startup_stm32f103xb.o(.text)
    EXTI4_IRQHandler                         0x08000253   Thumb Code     0  startup_stm32f103xb.o(.text)
    EXTI9_5_IRQHandler                       0x08000253   Thumb Code     0  startup_stm32f103xb.o(.text)
    FLASH_IRQHandler                         0x08000253   Thumb Code     0  startup_stm32f103xb.o(.text)
    I2C1_ER_IRQHandler                       0x08000253   Thumb Code     0  startup_stm32f103xb.o(.text)
    I2C1_EV_IRQHandler                       0x08000253   Thumb Code     0  startup_stm32f103xb.o(.text)
    I2C2_ER_IRQHandler                       0x08000253   Thumb Code     0  startup_stm32f103xb.o(.text)
    I2C2_EV_IRQHandler                       0x08000253   Thumb Code     0  startup_stm32f103xb.o(.text)
    PVD_IRQHandler                           0x08000253   Thumb Code     0  startup_stm32f103xb.o(.text)
    RCC_IRQHandler                           0x08000253   Thumb Code     0  startup_stm32f103xb.o(.text)
    RTC_Alarm_IRQHandler                     0x08000253   Thumb Code     0  startup_stm32f103xb.o(.text)
    RTC_IRQHandler                           0x08000253   Thumb Code     0  startup_stm32f103xb.o(.text)
    SPI1_IRQHandler                          0x08000253   Thumb Code     0  startup_stm32f103xb.o(.text)
    SPI2_IRQHandler                          0x08000253   Thumb Code     0  startup_stm32f103xb.o(.text)
    TAMPER_IRQHandler                        0x08000253   Thumb Code     0  startup_stm32f103xb.o(.text)
    TIM1_BRK_IRQHandler                      0x08000253   Thumb Code     0  startup_stm32f103xb.o(.text)
    TIM1_CC_IRQHandler                       0x08000253   Thumb Code     0  startup_stm32f103xb.o(.text)
    TIM1_TRG_COM_IRQHandler                  0x08000253   Thumb Code     0  startup_stm32f103xb.o(.text)
    TIM2_IRQHandler                          0x08000253   Thumb Code     0  startup_stm32f103xb.o(.text)
    TIM3_IRQHandler                          0x08000253   Thumb Code     0  startup_stm32f103xb.o(.text)
    TIM4_IRQHandler                          0x08000253   Thumb Code     0  startup_stm32f103xb.o(.text)
    USART3_IRQHandler                        0x08000253   Thumb Code     0  startup_stm32f103xb.o(.text)
    USBWakeUp_IRQHandler                     0x08000253   Thumb Code     0  startup_stm32f103xb.o(.text)
    USB_HP_CAN1_TX_IRQHandler                0x08000253   Thumb Code     0  startup_stm32f103xb.o(.text)
    USB_LP_CAN1_RX0_IRQHandler               0x08000253   Thumb Code     0  startup_stm32f103xb.o(.text)
    WWDG_IRQHandler                          0x08000253   Thumb Code     0  startup_stm32f103xb.o(.text)
    __user_initial_stackheap                 0x08000255   Thumb Code     0  startup_stm32f103xb.o(.text)
    malloc                                   0x08000279   Thumb Code    94  h1_alloc.o(.text)
    free                                     0x080002d7   Thumb Code    78  h1_free.o(.text)
    __2sprintf                               0x08000325   Thumb Code    38  __2sprintf.o(.text)
    __printf                                 0x08000351   Thumb Code   104  __printf.o(.text)
    _printf_str                              0x080003b9   Thumb Code    82  _printf_str.o(.text)
    _printf_int_dec                          0x0800040d   Thumb Code   104  _printf_dec.o(.text)
    strlen                                   0x08000485   Thumb Code    62  strlen.o(.text)
    __aeabi_memcpy                           0x080004c3   Thumb Code     0  rt_memcpy_v6.o(.text)
    __rt_memcpy                              0x080004c3   Thumb Code   138  rt_memcpy_v6.o(.text)
    _memcpy_lastbytes                        0x08000529   Thumb Code     0  rt_memcpy_v6.o(.text)
    __aeabi_memcpy4                          0x0800054d   Thumb Code     0  rt_memcpy_w.o(.text)
    __aeabi_memcpy8                          0x0800054d   Thumb Code     0  rt_memcpy_w.o(.text)
    __rt_memcpy_w                            0x0800054d   Thumb Code   100  rt_memcpy_w.o(.text)
    _memcpy_lastbytes_aligned                0x08000595   Thumb Code     0  rt_memcpy_w.o(.text)
    __aeabi_memset                           0x080005b1   Thumb Code    16  aeabi_memset.o(.text)
    __aeabi_memclr                           0x080005c1   Thumb Code     0  rt_memclr.o(.text)
    __rt_memclr                              0x080005c1   Thumb Code    68  rt_memclr.o(.text)
    _memset                                  0x080005c5   Thumb Code     0  rt_memclr.o(.text)
    __aeabi_memclr4                          0x08000605   Thumb Code     0  rt_memclr_w.o(.text)
    __aeabi_memclr8                          0x08000605   Thumb Code     0  rt_memclr_w.o(.text)
    __rt_memclr_w                            0x08000605   Thumb Code    78  rt_memclr_w.o(.text)
    _memset_w                                0x08000609   Thumb Code     0  rt_memclr_w.o(.text)
    __use_two_region_memory                  0x08000653   Thumb Code     2  heapauxi.o(.text)
    __rt_heap_escrow                         0x08000655   Thumb Code     2  heapauxi.o(.text)
    __rt_heap_expand                         0x08000657   Thumb Code     2  heapauxi.o(.text)
    __rt_heap_descriptor                     0x08000659   Thumb Code     8  rt_heap_descriptor_intlibspace.o(.text)
    __use_no_heap                            0x08000661   Thumb Code     2  hguard.o(.text)
    __heap$guard                             0x08000663   Thumb Code     2  hguard.o(.text)
    _terminate_user_alloc                    0x08000665   Thumb Code     2  init_alloc.o(.text)
    _init_user_alloc                         0x08000667   Thumb Code     2  init_alloc.o(.text)
    __Heap_Full                              0x08000669   Thumb Code    34  init_alloc.o(.text)
    __Heap_Broken                            0x0800068b   Thumb Code     6  init_alloc.o(.text)
    _init_alloc                              0x08000691   Thumb Code    94  init_alloc.o(.text)
    __Heap_Initialize                        0x080006ef   Thumb Code    10  h1_init.o(.text)
    __Heap_DescSize                          0x080006f9   Thumb Code     4  h1_init.o(.text)
    _printf_int_common                       0x080006fd   Thumb Code   178  _printf_intcommon.o(.text)
    _printf_char_common                      0x080007bb   Thumb Code    32  _printf_char_common.o(.text)
    _sputc                                   0x080007e1   Thumb Code    10  _sputc.o(.text)
    _printf_cs_common                        0x080007eb   Thumb Code    20  _printf_char.o(.text)
    _printf_char                             0x080007ff   Thumb Code    16  _printf_char.o(.text)
    _printf_string                           0x0800080f   Thumb Code     8  _printf_char.o(.text)
    __user_libspace                          0x08000819   Thumb Code     8  libspace.o(.text)
    __user_perproc_libspace                  0x08000819   Thumb Code     0  libspace.o(.text)
    __user_perthread_libspace                0x08000819   Thumb Code     0  libspace.o(.text)
    __Heap_ProvideMemory                     0x08000821   Thumb Code    52  h1_extend.o(.text)
    __rt_SIGRTMEM                            0x08000855   Thumb Code    14  defsig_rtmem_outer.o(.text)
    __I$use$semihosting                      0x08000863   Thumb Code     0  use_no_semi.o(.text)
    __use_no_semihosting_swi                 0x08000863   Thumb Code     2  use_no_semi.o(.text)
    __semihosting_library_function           0x08000865   Thumb Code     0  indicate_semi.o(.text)
    __user_setup_stackheap                   0x08000865   Thumb Code    74  sys_stackheap_outer.o(.text)
    exit                                     0x080008af   Thumb Code    18  exit.o(.text)
    __sig_exit                               0x080008c1   Thumb Code    10  defsig_exit.o(.text)
    __rt_SIGRTMEM_inner                      0x080008cd   Thumb Code    22  defsig_rtmem_inner.o(.text)
    _sys_exit                                0x0800091d   Thumb Code     8  sys_exit.o(.text)
    __default_signal_display                 0x08000929   Thumb Code    50  defsig_general.o(.text)
    _ttywrch                                 0x0800095b   Thumb Code    14  sys_wrch.o(.text)
    DMA1_Channel5_IRQHandler                 0x08000969   Thumb Code    10  stm32f1xx_it.o(i.DMA1_Channel5_IRQHandler)
    DMA1_Channel6_IRQHandler                 0x08000979   Thumb Code    10  stm32f1xx_it.o(i.DMA1_Channel6_IRQHandler)
    Error_Handler                            0x080009b5   Thumb Code     6  main.o(i.Error_Handler)
    HAL_DMA_Abort                            0x080009bb   Thumb Code    86  stm32f1xx_hal_dma.o(i.HAL_DMA_Abort)
    HAL_DMA_Abort_IT                         0x08000a11   Thumb Code   172  stm32f1xx_hal_dma.o(i.HAL_DMA_Abort_IT)
    HAL_DMA_IRQHandler                       0x08000ac1   Thumb Code   408  stm32f1xx_hal_dma.o(i.HAL_DMA_IRQHandler)
    HAL_DMA_Init                             0x08000c5d   Thumb Code   100  stm32f1xx_hal_dma.o(i.HAL_DMA_Init)
    HAL_DMA_Start_IT                         0x08000cc5   Thumb Code   156  stm32f1xx_hal_dma.o(i.HAL_DMA_Start_IT)
    HAL_GPIO_Init                            0x08000d61   Thumb Code   766  stm32f1xx_hal_gpio.o(i.HAL_GPIO_Init)
    HAL_GPIO_WritePin                        0x08001081   Thumb Code    12  stm32f1xx_hal_gpio.o(i.HAL_GPIO_WritePin)
    HAL_GetTick                              0x0800108d   Thumb Code     6  stm32f1xx_hal.o(i.HAL_GetTick)
    HAL_IncTick                              0x08001099   Thumb Code    16  stm32f1xx_hal.o(i.HAL_IncTick)
    HAL_Init                                 0x080010b1   Thumb Code    34  stm32f1xx_hal.o(i.HAL_Init)
    HAL_InitTick                             0x080010d9   Thumb Code   138  stm32f1xx_hal_timebase_tim.o(i.HAL_InitTick)
    HAL_MspInit                              0x08001179   Thumb Code    86  stm32f1xx_hal_msp.o(i.HAL_MspInit)
    HAL_NVIC_EnableIRQ                       0x080011d9   Thumb Code    32  stm32f1xx_hal_cortex.o(i.HAL_NVIC_EnableIRQ)
    HAL_NVIC_SetPriority                     0x080011f9   Thumb Code   124  stm32f1xx_hal_cortex.o(i.HAL_NVIC_SetPriority)
    HAL_NVIC_SetPriorityGrouping             0x08001275   Thumb Code    32  stm32f1xx_hal_cortex.o(i.HAL_NVIC_SetPriorityGrouping)
    HAL_RCC_ClockConfig                      0x0800129d   Thumb Code   376  stm32f1xx_hal_rcc.o(i.HAL_RCC_ClockConfig)
    HAL_RCC_GetClockConfig                   0x08001429   Thumb Code    58  stm32f1xx_hal_rcc.o(i.HAL_RCC_GetClockConfig)
    HAL_RCC_GetHCLKFreq                      0x0800146d   Thumb Code     6  stm32f1xx_hal_rcc.o(i.HAL_RCC_GetHCLKFreq)
    HAL_RCC_GetPCLK1Freq                     0x08001479   Thumb Code    22  stm32f1xx_hal_rcc.o(i.HAL_RCC_GetPCLK1Freq)
    HAL_RCC_GetPCLK2Freq                     0x08001499   Thumb Code    22  stm32f1xx_hal_rcc.o(i.HAL_RCC_GetPCLK2Freq)
    HAL_RCC_GetSysClockFreq                  0x080014b9   Thumb Code    92  stm32f1xx_hal_rcc.o(i.HAL_RCC_GetSysClockFreq)
    HAL_RCC_OscConfig                        0x08001529   Thumb Code  1114  stm32f1xx_hal_rcc.o(i.HAL_RCC_OscConfig)
    HAL_TIMEx_BreakCallback                  0x0800198d   Thumb Code     2  stm32f1xx_hal_tim_ex.o(i.HAL_TIMEx_BreakCallback)
    HAL_TIMEx_CommutCallback                 0x0800198f   Thumb Code     2  stm32f1xx_hal_tim_ex.o(i.HAL_TIMEx_CommutCallback)
    HAL_TIM_Base_Init                        0x08001991   Thumb Code   102  stm32f1xx_hal_tim.o(i.HAL_TIM_Base_Init)
    HAL_TIM_Base_MspInit                     0x080019f7   Thumb Code     2  stm32f1xx_hal_tim.o(i.HAL_TIM_Base_MspInit)
    HAL_TIM_Base_Start_IT                    0x080019f9   Thumb Code   106  stm32f1xx_hal_tim.o(i.HAL_TIM_Base_Start_IT)
    HAL_TIM_IC_CaptureCallback               0x08001a71   Thumb Code     2  stm32f1xx_hal_tim.o(i.HAL_TIM_IC_CaptureCallback)
    HAL_TIM_IRQHandler                       0x08001a73   Thumb Code   364  stm32f1xx_hal_tim.o(i.HAL_TIM_IRQHandler)
    HAL_TIM_OC_DelayElapsedCallback          0x08001bdf   Thumb Code     2  stm32f1xx_hal_tim.o(i.HAL_TIM_OC_DelayElapsedCallback)
    HAL_TIM_PWM_PulseFinishedCallback        0x08001be1   Thumb Code     2  stm32f1xx_hal_tim.o(i.HAL_TIM_PWM_PulseFinishedCallback)
    HAL_TIM_PeriodElapsedCallback            0x08001be5   Thumb Code    18  main.o(i.HAL_TIM_PeriodElapsedCallback)
    HAL_TIM_TriggerCallback                  0x08001bfd   Thumb Code     2  stm32f1xx_hal_tim.o(i.HAL_TIM_TriggerCallback)
    HAL_UARTEx_RxEventCallback               0x08001bff   Thumb Code     2  stm32f1xx_hal_uart.o(i.HAL_UARTEx_RxEventCallback)
    HAL_UART_DMAStop                         0x08001c01   Thumb Code   138  stm32f1xx_hal_uart.o(i.HAL_UART_DMAStop)
    HAL_UART_ErrorCallback                   0x08001c8b   Thumb Code     2  stm32f1xx_hal_uart.o(i.HAL_UART_ErrorCallback)
    HAL_UART_IRQHandler                      0x08001c8d   Thumb Code   736  stm32f1xx_hal_uart.o(i.HAL_UART_IRQHandler)
    HAL_UART_Init                            0x08001f71   Thumb Code   118  stm32f1xx_hal_uart.o(i.HAL_UART_Init)
    HAL_UART_MspInit                         0x08001fe9   Thumb Code   358  usart.o(i.HAL_UART_MspInit)
    HAL_UART_Receive_DMA                     0x0800216d   Thumb Code    44  stm32f1xx_hal_uart.o(i.HAL_UART_Receive_DMA)
    HAL_UART_RxCpltCallback                  0x08002199   Thumb Code     2  stm32f1xx_hal_uart.o(i.HAL_UART_RxCpltCallback)
    HAL_UART_RxHalfCpltCallback              0x0800219b   Thumb Code     2  stm32f1xx_hal_uart.o(i.HAL_UART_RxHalfCpltCallback)
    HAL_UART_Transmit                        0x0800219d   Thumb Code   190  stm32f1xx_hal_uart.o(i.HAL_UART_Transmit)
    HAL_UART_TxCpltCallback                  0x0800225b   Thumb Code     2  stm32f1xx_hal_uart.o(i.HAL_UART_TxCpltCallback)
    MX_DMA_Init                              0x0800225d   Thumb Code    64  dma.o(i.MX_DMA_Init)
    MX_FREERTOS_Init                         0x080022a1   Thumb Code   158  freertos.o(i.MX_FREERTOS_Init)
    MX_GPIO_Init                             0x080023b1   Thumb Code   106  gpio.o(i.MX_GPIO_Init)
    MX_USART1_UART_Init                      0x08002425   Thumb Code    46  usart.o(i.MX_USART1_UART_Init)
    MX_USART2_UART_Init                      0x0800245d   Thumb Code    46  usart.o(i.MX_USART2_UART_Init)
    ProcessData                              0x08002495   Thumb Code   282  bsp_uart.o(i.ProcessData)
    ReadConfirmStartTask03                   0x080025f1   Thumb Code   106  freertos.o(i.ReadConfirmStartTask03)
    StartDefaultTask                         0x08002669   Thumb Code    12  freertos.o(i.StartDefaultTask)
    SysTick_Handler                          0x08002675   Thumb Code    22  cmsis_os2.o(i.SysTick_Handler)
    SystemClock_Config                       0x0800268b   Thumb Code   102  main.o(i.SystemClock_Config)
    SystemInit                               0x080026f1   Thumb Code     2  system_stm32f1xx.o(i.SystemInit)
    TIM1_UP_IRQHandler                       0x080026f5   Thumb Code    10  stm32f1xx_it.o(i.TIM1_UP_IRQHandler)
    TIM_Base_SetConfig                       0x08002705   Thumb Code   120  stm32f1xx_hal_tim.o(i.TIM_Base_SetConfig)
    UART1_IdleCallback                       0x08002789   Thumb Code    68  bsp_uart.o(i.UART1_IdleCallback)
    UART2_IdleCallback                       0x080027d9   Thumb Code    90  bsp_uart.o(i.UART2_IdleCallback)
    UART_Start_Receive_DMA                   0x08002c2d   Thumb Code   186  stm32f1xx_hal_uart.o(i.UART_Start_Receive_DMA)
    USART1_IRQHandler                        0x08002de1   Thumb Code    54  stm32f1xx_it.o(i.USART1_IRQHandler)
    USART2_IRQHandler                        0x08002e1d   Thumb Code    54  stm32f1xx_it.o(i.USART2_IRQHandler)
    WriteCmd                                 0x08002e59   Thumb Code    94  485_to_motor.o(i.WriteCmd)
    WriteConfirmStartTask02                  0x08002ec5   Thumb Code    10  freertos.o(i.WriteConfirmStartTask02)
    calculateStartTask06                     0x08002f11   Thumb Code    68  freertos.o(i.calculateStartTask06)
    crc16_modbus                             0x08002f61   Thumb Code    54  crc16.o(i.crc16_modbus)
    dataProcessStartTask04                   0x08002f99   Thumb Code    66  freertos.o(i.dataProcessStartTask04)
    data_dir                                 0x08002fed   Thumb Code    34  485_to_motor.o(i.data_dir)
    main                                     0x08003015   Thumb Code    92  main.o(i.main)
    motor_set_speed                          0x08003081   Thumb Code    22  485_to_motor.o(i.motor_set_speed)
    motor_start_dir                          0x08003097   Thumb Code    30  485_to_motor.o(i.motor_start_dir)
    motor_stop                               0x080030b5   Thumb Code    14  485_to_motor.o(i.motor_stop)
    osDelay                                  0x080030c3   Thumb Code    30  cmsis_os2.o(i.osDelay)
    osKernelInitialize                       0x080030e1   Thumb Code    38  cmsis_os2.o(i.osKernelInitialize)
    osKernelStart                            0x0800310d   Thumb Code    82  cmsis_os2.o(i.osKernelStart)
    osSemaphoreAcquire                       0x0800316d   Thumb Code   104  cmsis_os2.o(i.osSemaphoreAcquire)
    osSemaphoreNew                           0x080031d9   Thumb Code   204  cmsis_os2.o(i.osSemaphoreNew)
    osSemaphoreRelease                       0x080032a5   Thumb Code    88  cmsis_os2.o(i.osSemaphoreRelease)
    osThreadNew                              0x08003301   Thumb Code   184  cmsis_os2.o(i.osThreadNew)
    pvPortMalloc                             0x08003df1   Thumb Code   306  heap_4.o(i.pvPortMalloc)
    pvTaskIncrementMutexHeldCount            0x08003f3d   Thumb Code    26  tasks.o(i.pvTaskIncrementMutexHeldCount)
    pxPortInitialiseStack                    0x08003f5d   Thumb Code    30  port.o(i.pxPortInitialiseStack)
    uiUpdateStartTask05                      0x08003f81   Thumb Code   130  freertos.o(i.uiUpdateStartTask05)
    update_lcd_ui                            0x08004021   Thumb Code    72  bsp_uart.o(i.update_lcd_ui)
    uxListRemove                             0x08004079   Thumb Code    40  list.o(i.uxListRemove)
    vApplicationGetIdleTaskMemory            0x080040a1   Thumb Code    14  cmsis_os2.o(i.vApplicationGetIdleTaskMemory)
    vApplicationGetTimerTaskMemory           0x080040b9   Thumb Code    16  cmsis_os2.o(i.vApplicationGetTimerTaskMemory)
    vListInitialise                          0x080040d1   Thumb Code    26  list.o(i.vListInitialise)
    vListInitialiseItem                      0x080040eb   Thumb Code     6  list.o(i.vListInitialiseItem)
    vListInsert                              0x080040f1   Thumb Code    52  list.o(i.vListInsert)
    vListInsertEnd                           0x08004125   Thumb Code    24  list.o(i.vListInsertEnd)
    vPortEnterCritical                       0x0800413d   Thumb Code    76  port.o(i.vPortEnterCritical)
    vPortExitCritical                        0x08004191   Thumb Code    56  port.o(i.vPortExitCritical)
    vPortFree                                0x080041cd   Thumb Code   150  heap_4.o(i.vPortFree)
    vPortSetupTimerInterrupt                 0x08004271   Thumb Code    36  port.o(i.vPortSetupTimerInterrupt)
    vPortValidateInterruptPriority           0x08004299   Thumb Code   106  port.o(i.vPortValidateInterruptPriority)
    vQueueAddToRegistry                      0x08004311   Thumb Code    38  queue.o(i.vQueueAddToRegistry)
    vQueueDelete                             0x0800433d   Thumb Code    50  queue.o(i.vQueueDelete)
    vQueueUnregisterQueue                    0x08004371   Thumb Code    44  queue.o(i.vQueueUnregisterQueue)
    vQueueWaitForMessageRestricted           0x080043a1   Thumb Code    74  queue.o(i.vQueueWaitForMessageRestricted)
    vTaskDelay                               0x080043ed   Thumb Code    82  tasks.o(i.vTaskDelay)
    vTaskInternalSetTimeOutState             0x08004449   Thumb Code    14  tasks.o(i.vTaskInternalSetTimeOutState)
    vTaskMissedYield                         0x08004461   Thumb Code     8  tasks.o(i.vTaskMissedYield)
    vTaskPlaceOnEventList                    0x0800446d   Thumb Code    52  tasks.o(i.vTaskPlaceOnEventList)
    vTaskPlaceOnEventListRestricted          0x080044a5   Thumb Code    60  tasks.o(i.vTaskPlaceOnEventListRestricted)
    vTaskPriorityDisinheritAfterTimeout      0x080044e5   Thumb Code   194  tasks.o(i.vTaskPriorityDisinheritAfterTimeout)
    vTaskStartScheduler                      0x080045b5   Thumb Code   156  tasks.o(i.vTaskStartScheduler)
    vTaskSuspendAll                          0x0800466d   Thumb Code    12  tasks.o(i.vTaskSuspendAll)
    vTaskSwitchContext                       0x0800467d   Thumb Code   122  tasks.o(i.vTaskSwitchContext)
    xPortStartScheduler                      0x0800470d   Thumb Code   228  port.o(i.xPortStartScheduler)
    xPortSysTickHandler                      0x08004805   Thumb Code    46  port.o(i.xPortSysTickHandler)
    xQueueCreateCountingSemaphore            0x08004839   Thumb Code    92  queue.o(i.xQueueCreateCountingSemaphore)
    xQueueCreateCountingSemaphoreStatic      0x08004895   Thumb Code   100  queue.o(i.xQueueCreateCountingSemaphoreStatic)
    xQueueGenericCreate                      0x080048f9   Thumb Code    90  queue.o(i.xQueueGenericCreate)
    xQueueGenericCreateStatic                0x08004953   Thumb Code   224  queue.o(i.xQueueGenericCreateStatic)
    xQueueGenericReset                       0x08004a35   Thumb Code   146  queue.o(i.xQueueGenericReset)
    xQueueGenericSend                        0x08004acd   Thumb Code   420  queue.o(i.xQueueGenericSend)
    xQueueGenericSendFromISR                 0x08004c75   Thumb Code   252  queue.o(i.xQueueGenericSendFromISR)
    xQueueGiveFromISR                        0x08004d71   Thumb Code   224  queue.o(i.xQueueGiveFromISR)
    xQueueReceive                            0x08004e51   Thumb Code   356  queue.o(i.xQueueReceive)
    xQueueReceiveFromISR                     0x08004fb9   Thumb Code   202  queue.o(i.xQueueReceiveFromISR)
    xQueueSemaphoreTake                      0x08005085   Thumb Code   434  queue.o(i.xQueueSemaphoreTake)
    xTaskCheckForTimeOut                     0x0800523d   Thumb Code   132  tasks.o(i.xTaskCheckForTimeOut)
    xTaskCreate                              0x080052c9   Thumb Code   100  tasks.o(i.xTaskCreate)
    xTaskCreateStatic                        0x0800532d   Thumb Code   186  tasks.o(i.xTaskCreateStatic)
    xTaskGetSchedulerState                   0x080053e9   Thumb Code    24  tasks.o(i.xTaskGetSchedulerState)
    xTaskGetTickCount                        0x08005409   Thumb Code     6  tasks.o(i.xTaskGetTickCount)
    xTaskIncrementTick                       0x08005415   Thumb Code   280  tasks.o(i.xTaskIncrementTick)
    xTaskPriorityDisinherit                  0x08005559   Thumb Code   152  tasks.o(i.xTaskPriorityDisinherit)
    xTaskPriorityInherit                     0x080055fd   Thumb Code   150  tasks.o(i.xTaskPriorityInherit)
    xTaskRemoveFromEventList                 0x080056a1   Thumb Code   126  tasks.o(i.xTaskRemoveFromEventList)
    xTaskResumeAll                           0x08005739   Thumb Code   222  tasks.o(i.xTaskResumeAll)
    xTimerCreateTimerTask                    0x0800583d   Thumb Code   100  timers.o(i.xTimerCreateTimerTask)
    xTimerGenericCommand                     0x080058b5   Thumb Code   128  timers.o(i.xTimerGenericCommand)
    __aeabi_f2uiz                            0x08005939   Thumb Code     0  ffixu.o(x$fpl$ffixu)
    _ffixu                                   0x08005939   Thumb Code    62  ffixu.o(x$fpl$ffixu)
    __aeabi_ui2f                             0x08005979   Thumb Code     0  fflt_clz.o(x$fpl$ffltu)
    _ffltu                                   0x08005979   Thumb Code    38  fflt_clz.o(x$fpl$ffltu)
    __aeabi_fmul                             0x080059a1   Thumb Code     0  fmul.o(x$fpl$fmul)
    _fmul                                    0x080059a1   Thumb Code   258  fmul.o(x$fpl$fmul)
    __fpl_fnaninf                            0x08005aa3   Thumb Code   140  fnaninf.o(x$fpl$fnaninf)
    __fpl_fretinf                            0x08005b2f   Thumb Code    10  fretinf.o(x$fpl$fretinf)
    __I$use$fp                               0x08005b38   Number         0  usenofp.o(x$fpl$usenofp)
    interval                                 0x08005b38   Data           4  freertos.o(.constdata)
    defaultTask_attributes                   0x08005b3c   Data          36  freertos.o(.constdata)
    WriteConfirmTas_attributes               0x08005b60   Data          36  freertos.o(.constdata)
    ReadConfirmTask_attributes               0x08005b84   Data          36  freertos.o(.constdata)
    dataProcessTask_attributes               0x08005ba8   Data          36  freertos.o(.constdata)
    uiUpdateTask05_attributes                0x08005bcc   Data          36  freertos.o(.constdata)
    calculateTask06_attributes               0x08005bf0   Data          36  freertos.o(.constdata)
    WriteCmdBinarySem01_attributes           0x08005c14   Data          16  freertos.o(.constdata)
    ReadCmdBinarySem02_attributes            0x08005c24   Data          16  freertos.o(.constdata)
    uartBinarySem03_attributes               0x08005c34   Data          16  freertos.o(.constdata)
    calculateBinarySem04_attributes          0x08005c44   Data          16  freertos.o(.constdata)
    uiUpdateBinarySem05_attributes           0x08005c54   Data          16  freertos.o(.constdata)
    AHBPrescTable                            0x08005cee   Data          16  system_stm32f1xx.o(.constdata)
    APBPrescTable                            0x08005cfe   Data           8  system_stm32f1xx.o(.constdata)
    Region$$Table$$Base                      0x08005dc8   Number         0  anon$$obj.o(Region$$Table)
    Region$$Table$$Limit                     0x08005de8   Number         0  anon$$obj.o(Region$$Table)
    sensor_flag                              0x20000000   Data           1  freertos.o(.data)
    current_motor_stat                       0x20000002   Data           8  freertos.o(.data)
    Target_Turns                             0x2000000a   Data           2  freertos.o(.data)
    defaultTaskHandle                        0x2000000c   Data           4  freertos.o(.data)
    WriteConfirmTasHandle                    0x20000010   Data           4  freertos.o(.data)
    ReadConfirmTaskHandle                    0x20000014   Data           4  freertos.o(.data)
    dataProcessTaskHandle                    0x20000018   Data           4  freertos.o(.data)
    uiUpdateTask05Handle                     0x2000001c   Data           4  freertos.o(.data)
    calculateTask06Handle                    0x20000020   Data           4  freertos.o(.data)
    WriteCmdBinarySem01Handle                0x20000024   Data           4  freertos.o(.data)
    ReadCmdBinarySem02Handle                 0x20000028   Data           4  freertos.o(.data)
    uartBinarySem03Handle                    0x2000002c   Data           4  freertos.o(.data)
    calculateBinarySem04Handle               0x20000030   Data           4  freertos.o(.data)
    uiUpdateBinarySem05Handle                0x20000034   Data           4  freertos.o(.data)
    uwTick                                   0x20000038   Data           4  stm32f1xx_hal.o(.data)
    uwTickPrio                               0x2000003c   Data           4  stm32f1xx_hal.o(.data)
    uwTickFreq                               0x20000040   Data           1  stm32f1xx_hal.o(.data)
    SystemCoreClock                          0x20000044   Data           4  system_stm32f1xx.o(.data)
    pxCurrentTCB                             0x20000048   Data           4  tasks.o(.data)
    write_buf                                0x200000c8   Data           8  485_to_motor.o(.data)
    read_buf                                 0x200000d0   Data           8  485_to_motor.o(.data)
    read_cmd                                 0x200000d8   Data           2  485_to_motor.o(.data)
    rx_buffer1                               0x200000dc   Data          64  main.o(.bss)
    rx_buffer2                               0x2000011c   Data          64  main.o(.bss)
    data                                     0x2000015c   Data          16  freertos.o(.bss)
    huart1                                   0x2000016c   Data          72  usart.o(.bss)
    huart2                                   0x200001b4   Data          72  usart.o(.bss)
    hdma_usart1_rx                           0x200001fc   Data          68  usart.o(.bss)
    hdma_usart2_rx                           0x20000240   Data          68  usart.o(.bss)
    htim1                                    0x20000284   Data          72  stm32f1xx_hal_timebase_tim.o(.bss)
    xQueueRegistry                           0x200002cc   Data          64  queue.o(.bss)
    lcd_data_management                      0x200023a0   Data         129  bsp_uart.o(.bss)
    motor_data_management                    0x20002422   Data          52  bsp_uart.o(.bss)
    uartRxBuffer                             0x20002456   Data          64  bsp_uart.o(.bss)
    write_cmd_buffer                         0x20002496   Data          64  485_to_motor.o(.bss)
    __libspace_start                         0x200024d8   Data          96  libspace.o(.bss)
    __temporary_stack_top$libspace           0x20002538   Data           0  libspace.o(.bss)



==============================================================================

Memory Map of the image

  Image Entry point : 0x080000ed

  Load Region LR_IROM1 (Base: 0x08000000, Size: 0x00005ec4, Max: 0x00010000, ABSOLUTE)

    Execution Region ER_IROM1 (Exec base: 0x08000000, Load base: 0x08000000, Size: 0x00005de8, Max: 0x00010000, ABSOLUTE)

    Exec Addr    Load Addr    Size         Type   Attr      Idx    E Section Name        Object

    0x08000000   0x08000000   0x000000ec   Data   RO            3    RESET               startup_stm32f103xb.o
    0x080000ec   0x080000ec   0x00000008   Code   RO         5024  * !!!main             c_w.l(__main.o)
    0x080000f4   0x080000f4   0x00000034   Code   RO         5255    !!!scatter          c_w.l(__scatter.o)
    0x08000128   0x08000128   0x0000001a   Code   RO         5257    !!handler_copy      c_w.l(__scatter_copy.o)
    0x08000142   0x08000142   0x00000002   PAD
    0x08000144   0x08000144   0x0000001c   Code   RO         5259    !!handler_zi        c_w.l(__scatter_zi.o)
    0x08000160   0x08000160   0x00000000   Code   RO         5007    .ARM.Collect$$_printf_percent$$00000000  c_w.l(_printf_percent.o)
    0x08000160   0x08000160   0x00000006   Code   RO         5006    .ARM.Collect$$_printf_percent$$00000009  c_w.l(_printf_d.o)
    0x08000166   0x08000166   0x00000006   Code   RO         5005    .ARM.Collect$$_printf_percent$$00000014  c_w.l(_printf_s.o)
    0x0800016c   0x0800016c   0x00000004   Code   RO         5074    .ARM.Collect$$_printf_percent$$00000017  c_w.l(_printf_percent_end.o)
    0x08000170   0x08000170   0x00000002   Code   RO         5192    .ARM.Collect$$libinit$$00000000  c_w.l(libinit.o)
    0x08000172   0x08000172   0x00000000   Code   RO         5078    .ARM.Collect$$libinit$$00000002  c_w.l(libinit2.o)
    0x08000172   0x08000172   0x00000000   Code   RO         5080    .ARM.Collect$$libinit$$00000004  c_w.l(libinit2.o)
    0x08000172   0x08000172   0x00000008   Code   RO         5081    .ARM.Collect$$libinit$$00000005  c_w.l(libinit2.o)
    0x0800017a   0x0800017a   0x00000000   Code   RO         5083    .ARM.Collect$$libinit$$0000000A  c_w.l(libinit2.o)
    0x0800017a   0x0800017a   0x00000000   Code   RO         5085    .ARM.Collect$$libinit$$0000000C  c_w.l(libinit2.o)
    0x0800017a   0x0800017a   0x00000000   Code   RO         5087    .ARM.Collect$$libinit$$0000000E  c_w.l(libinit2.o)
    0x0800017a   0x0800017a   0x00000000   Code   RO         5090    .ARM.Collect$$libinit$$00000011  c_w.l(libinit2.o)
    0x0800017a   0x0800017a   0x00000000   Code   RO         5092    .ARM.Collect$$libinit$$00000013  c_w.l(libinit2.o)
    0x0800017a   0x0800017a   0x00000000   Code   RO         5094    .ARM.Collect$$libinit$$00000015  c_w.l(libinit2.o)
    0x0800017a   0x0800017a   0x00000000   Code   RO         5096    .ARM.Collect$$libinit$$00000017  c_w.l(libinit2.o)
    0x0800017a   0x0800017a   0x00000000   Code   RO         5098    .ARM.Collect$$libinit$$00000019  c_w.l(libinit2.o)
    0x0800017a   0x0800017a   0x00000000   Code   RO         5100    .ARM.Collect$$libinit$$0000001B  c_w.l(libinit2.o)
    0x0800017a   0x0800017a   0x00000000   Code   RO         5102    .ARM.Collect$$libinit$$0000001D  c_w.l(libinit2.o)
    0x0800017a   0x0800017a   0x00000000   Code   RO         5104    .ARM.Collect$$libinit$$0000001F  c_w.l(libinit2.o)
    0x0800017a   0x0800017a   0x00000000   Code   RO         5106    .ARM.Collect$$libinit$$00000021  c_w.l(libinit2.o)
    0x0800017a   0x0800017a   0x00000000   Code   RO         5108    .ARM.Collect$$libinit$$00000023  c_w.l(libinit2.o)
    0x0800017a   0x0800017a   0x00000000   Code   RO         5110    .ARM.Collect$$libinit$$00000025  c_w.l(libinit2.o)
    0x0800017a   0x0800017a   0x00000000   Code   RO         5114    .ARM.Collect$$libinit$$0000002C  c_w.l(libinit2.o)
    0x0800017a   0x0800017a   0x00000000   Code   RO         5116    .ARM.Collect$$libinit$$0000002E  c_w.l(libinit2.o)
    0x0800017a   0x0800017a   0x00000000   Code   RO         5118    .ARM.Collect$$libinit$$00000030  c_w.l(libinit2.o)
    0x0800017a   0x0800017a   0x00000000   Code   RO         5120    .ARM.Collect$$libinit$$00000032  c_w.l(libinit2.o)
    0x0800017a   0x0800017a   0x00000002   Code   RO         5121    .ARM.Collect$$libinit$$00000033  c_w.l(libinit2.o)
    0x0800017c   0x0800017c   0x00000002   Code   RO         5252    .ARM.Collect$$libshutdown$$00000000  c_w.l(libshutdown.o)
    0x0800017e   0x0800017e   0x00000000   Code   RO         5206    .ARM.Collect$$libshutdown$$00000002  c_w.l(libshutdown2.o)
    0x0800017e   0x0800017e   0x00000000   Code   RO         5208    .ARM.Collect$$libshutdown$$00000004  c_w.l(libshutdown2.o)
    0x0800017e   0x0800017e   0x00000000   Code   RO         5210    .ARM.Collect$$libshutdown$$00000006  c_w.l(libshutdown2.o)
    0x0800017e   0x0800017e   0x00000000   Code   RO         5213    .ARM.Collect$$libshutdown$$00000009  c_w.l(libshutdown2.o)
    0x0800017e   0x0800017e   0x00000000   Code   RO         5216    .ARM.Collect$$libshutdown$$0000000C  c_w.l(libshutdown2.o)
    0x0800017e   0x0800017e   0x00000000   Code   RO         5218    .ARM.Collect$$libshutdown$$0000000E  c_w.l(libshutdown2.o)
    0x0800017e   0x0800017e   0x00000000   Code   RO         5221    .ARM.Collect$$libshutdown$$00000011  c_w.l(libshutdown2.o)
    0x0800017e   0x0800017e   0x00000002   Code   RO         5222    .ARM.Collect$$libshutdown$$00000012  c_w.l(libshutdown2.o)
    0x08000180   0x08000180   0x00000000   Code   RO         5040    .ARM.Collect$$rtentry$$00000000  c_w.l(__rtentry.o)
    0x08000180   0x08000180   0x00000000   Code   RO         5133    .ARM.Collect$$rtentry$$00000002  c_w.l(__rtentry2.o)
    0x08000180   0x08000180   0x00000006   Code   RO         5145    .ARM.Collect$$rtentry$$00000004  c_w.l(__rtentry4.o)
    0x08000186   0x08000186   0x00000000   Code   RO         5135    .ARM.Collect$$rtentry$$00000009  c_w.l(__rtentry2.o)
    0x08000186   0x08000186   0x00000004   Code   RO         5136    .ARM.Collect$$rtentry$$0000000A  c_w.l(__rtentry2.o)
    0x0800018a   0x0800018a   0x00000000   Code   RO         5138    .ARM.Collect$$rtentry$$0000000C  c_w.l(__rtentry2.o)
    0x0800018a   0x0800018a   0x00000008   Code   RO         5139    .ARM.Collect$$rtentry$$0000000D  c_w.l(__rtentry2.o)
    0x08000192   0x08000192   0x00000002   Code   RO         5195    .ARM.Collect$$rtexit$$00000000  c_w.l(rtexit.o)
    0x08000194   0x08000194   0x00000000   Code   RO         5226    .ARM.Collect$$rtexit$$00000002  c_w.l(rtexit2.o)
    0x08000194   0x08000194   0x00000004   Code   RO         5227    .ARM.Collect$$rtexit$$00000003  c_w.l(rtexit2.o)
    0x08000198   0x08000198   0x00000006   Code   RO         5228    .ARM.Collect$$rtexit$$00000004  c_w.l(rtexit2.o)
    0x0800019e   0x0800019e   0x00000002   PAD
    0x080001a0   0x080001a0   0x00000096   Code   RO         4656    .emb_text           port.o
    0x08000236   0x08000236   0x00000002   PAD
    0x08000238   0x08000238   0x00000000   Code   RO         5149    .emb_text           c_w.l(maybetermalloc1.o)
    0x08000238   0x08000238   0x00000040   Code   RO            4    .text               startup_stm32f103xb.o
    0x08000278   0x08000278   0x0000005e   Code   RO         4915    .text               c_w.l(h1_alloc.o)
    0x080002d6   0x080002d6   0x0000004e   Code   RO         4917    .text               c_w.l(h1_free.o)
    0x08000324   0x08000324   0x0000002c   Code   RO         4975    .text               c_w.l(__2sprintf.o)
    0x08000350   0x08000350   0x00000068   Code   RO         4979    .text               c_w.l(__printf.o)
    0x080003b8   0x080003b8   0x00000052   Code   RO         4981    .text               c_w.l(_printf_str.o)
    0x0800040a   0x0800040a   0x00000002   PAD
    0x0800040c   0x0800040c   0x00000078   Code   RO         4983    .text               c_w.l(_printf_dec.o)
    0x08000484   0x08000484   0x0000003e   Code   RO         5008    .text               c_w.l(strlen.o)
    0x080004c2   0x080004c2   0x0000008a   Code   RO         5010    .text               c_w.l(rt_memcpy_v6.o)
    0x0800054c   0x0800054c   0x00000064   Code   RO         5012    .text               c_w.l(rt_memcpy_w.o)
    0x080005b0   0x080005b0   0x00000010   Code   RO         5016    .text               c_w.l(aeabi_memset.o)
    0x080005c0   0x080005c0   0x00000044   Code   RO         5018    .text               c_w.l(rt_memclr.o)
    0x08000604   0x08000604   0x0000004e   Code   RO         5020    .text               c_w.l(rt_memclr_w.o)
    0x08000652   0x08000652   0x00000006   Code   RO         5022    .text               c_w.l(heapauxi.o)
    0x08000658   0x08000658   0x00000008   Code   RO         5044    .text               c_w.l(rt_heap_descriptor_intlibspace.o)
    0x08000660   0x08000660   0x00000004   Code   RO         5046    .text               c_w.l(hguard.o)
    0x08000664   0x08000664   0x0000008a   Code   RO         5048    .text               c_w.l(init_alloc.o)
    0x080006ee   0x080006ee   0x0000000e   Code   RO         5052    .text               c_w.l(h1_init.o)
    0x080006fc   0x080006fc   0x000000b2   Code   RO         5066    .text               c_w.l(_printf_intcommon.o)
    0x080007ae   0x080007ae   0x00000002   PAD
    0x080007b0   0x080007b0   0x00000030   Code   RO         5068    .text               c_w.l(_printf_char_common.o)
    0x080007e0   0x080007e0   0x0000000a   Code   RO         5070    .text               c_w.l(_sputc.o)
    0x080007ea   0x080007ea   0x0000002c   Code   RO         5072    .text               c_w.l(_printf_char.o)
    0x08000816   0x08000816   0x00000002   PAD
    0x08000818   0x08000818   0x00000008   Code   RO         5129    .text               c_w.l(libspace.o)
    0x08000820   0x08000820   0x00000034   Code   RO         5151    .text               c_w.l(h1_extend.o)
    0x08000854   0x08000854   0x0000000e   Code   RO         5157    .text               c_w.l(defsig_rtmem_outer.o)
    0x08000862   0x08000862   0x00000002   Code   RO         5168    .text               c_w.l(use_no_semi.o)
    0x08000864   0x08000864   0x00000000   Code   RO         5170    .text               c_w.l(indicate_semi.o)
    0x08000864   0x08000864   0x0000004a   Code   RO         5171    .text               c_w.l(sys_stackheap_outer.o)
    0x080008ae   0x080008ae   0x00000012   Code   RO         5177    .text               c_w.l(exit.o)
    0x080008c0   0x080008c0   0x0000000a   Code   RO         5179    .text               c_w.l(defsig_exit.o)
    0x080008ca   0x080008ca   0x00000002   PAD
    0x080008cc   0x080008cc   0x00000050   Code   RO         5181    .text               c_w.l(defsig_rtmem_inner.o)
    0x0800091c   0x0800091c   0x0000000c   Code   RO         5193    .text               c_w.l(sys_exit.o)
    0x08000928   0x08000928   0x00000032   Code   RO         5203    .text               c_w.l(defsig_general.o)
    0x0800095a   0x0800095a   0x0000000e   Code   RO         5223    .text               c_w.l(sys_wrch.o)
    0x08000968   0x08000968   0x00000010   Code   RO          374    i.DMA1_Channel5_IRQHandler  stm32f1xx_it.o
    0x08000978   0x08000978   0x00000010   Code   RO          375    i.DMA1_Channel6_IRQHandler  stm32f1xx_it.o
    0x08000988   0x08000988   0x0000002c   Code   RO         1894    i.DMA_SetConfig     stm32f1xx_hal_dma.o
    0x080009b4   0x080009b4   0x00000006   Code   RO           13    i.Error_Handler     main.o
    0x080009ba   0x080009ba   0x00000056   Code   RO         1895    i.HAL_DMA_Abort     stm32f1xx_hal_dma.o
    0x08000a10   0x08000a10   0x000000b0   Code   RO         1896    i.HAL_DMA_Abort_IT  stm32f1xx_hal_dma.o
    0x08000ac0   0x08000ac0   0x0000019c   Code   RO         1900    i.HAL_DMA_IRQHandler  stm32f1xx_hal_dma.o
    0x08000c5c   0x08000c5c   0x00000068   Code   RO         1901    i.HAL_DMA_Init      stm32f1xx_hal_dma.o
    0x08000cc4   0x08000cc4   0x0000009c   Code   RO         1905    i.HAL_DMA_Start_IT  stm32f1xx_hal_dma.o
    0x08000d60   0x08000d60   0x00000320   Code   RO         1831    i.HAL_GPIO_Init     stm32f1xx_hal_gpio.o
    0x08001080   0x08001080   0x0000000c   Code   RO         1835    i.HAL_GPIO_WritePin  stm32f1xx_hal_gpio.o
    0x0800108c   0x0800108c   0x0000000c   Code   RO         1520    i.HAL_GetTick       stm32f1xx_hal.o
    0x08001098   0x08001098   0x00000018   Code   RO         1526    i.HAL_IncTick       stm32f1xx_hal.o
    0x080010b0   0x080010b0   0x00000028   Code   RO         1527    i.HAL_Init          stm32f1xx_hal.o
    0x080010d8   0x080010d8   0x000000a0   Code   RO          450    i.HAL_InitTick      stm32f1xx_hal_timebase_tim.o
    0x08001178   0x08001178   0x00000060   Code   RO          426    i.HAL_MspInit       stm32f1xx_hal_msp.o
    0x080011d8   0x080011d8   0x00000020   Code   RO         1991    i.HAL_NVIC_EnableIRQ  stm32f1xx_hal_cortex.o
    0x080011f8   0x080011f8   0x0000007c   Code   RO         1997    i.HAL_NVIC_SetPriority  stm32f1xx_hal_cortex.o
    0x08001274   0x08001274   0x00000028   Code   RO         1998    i.HAL_NVIC_SetPriorityGrouping  stm32f1xx_hal_cortex.o
    0x0800129c   0x0800129c   0x0000018c   Code   RO         1684    i.HAL_RCC_ClockConfig  stm32f1xx_hal_rcc.o
    0x08001428   0x08001428   0x00000044   Code   RO         1688    i.HAL_RCC_GetClockConfig  stm32f1xx_hal_rcc.o
    0x0800146c   0x0800146c   0x0000000c   Code   RO         1689    i.HAL_RCC_GetHCLKFreq  stm32f1xx_hal_rcc.o
    0x08001478   0x08001478   0x00000020   Code   RO         1691    i.HAL_RCC_GetPCLK1Freq  stm32f1xx_hal_rcc.o
    0x08001498   0x08001498   0x00000020   Code   RO         1692    i.HAL_RCC_GetPCLK2Freq  stm32f1xx_hal_rcc.o
    0x080014b8   0x080014b8   0x00000070   Code   RO         1693    i.HAL_RCC_GetSysClockFreq  stm32f1xx_hal_rcc.o
    0x08001528   0x08001528   0x00000464   Code   RO         1696    i.HAL_RCC_OscConfig  stm32f1xx_hal_rcc.o
    0x0800198c   0x0800198c   0x00000002   Code   RO         1242    i.HAL_TIMEx_BreakCallback  stm32f1xx_hal_tim_ex.o
    0x0800198e   0x0800198e   0x00000002   Code   RO         1243    i.HAL_TIMEx_CommutCallback  stm32f1xx_hal_tim_ex.o
    0x08001990   0x08001990   0x00000066   Code   RO          527    i.HAL_TIM_Base_Init  stm32f1xx_hal_tim.o
    0x080019f6   0x080019f6   0x00000002   Code   RO          529    i.HAL_TIM_Base_MspInit  stm32f1xx_hal_tim.o
    0x080019f8   0x080019f8   0x00000078   Code   RO          532    i.HAL_TIM_Base_Start_IT  stm32f1xx_hal_tim.o
    0x08001a70   0x08001a70   0x00000002   Code   RO          561    i.HAL_TIM_IC_CaptureCallback  stm32f1xx_hal_tim.o
    0x08001a72   0x08001a72   0x0000016c   Code   RO          575    i.HAL_TIM_IRQHandler  stm32f1xx_hal_tim.o
    0x08001bde   0x08001bde   0x00000002   Code   RO          578    i.HAL_TIM_OC_DelayElapsedCallback  stm32f1xx_hal_tim.o
    0x08001be0   0x08001be0   0x00000002   Code   RO          605    i.HAL_TIM_PWM_PulseFinishedCallback  stm32f1xx_hal_tim.o
    0x08001be2   0x08001be2   0x00000002   PAD
    0x08001be4   0x08001be4   0x00000018   Code   RO           14    i.HAL_TIM_PeriodElapsedCallback  main.o
    0x08001bfc   0x08001bfc   0x00000002   Code   RO          618    i.HAL_TIM_TriggerCallback  stm32f1xx_hal_tim.o
    0x08001bfe   0x08001bfe   0x00000002   Code   RO         2529    i.HAL_UARTEx_RxEventCallback  stm32f1xx_hal_uart.o
    0x08001c00   0x08001c00   0x0000008a   Code   RO         2541    i.HAL_UART_DMAStop  stm32f1xx_hal_uart.o
    0x08001c8a   0x08001c8a   0x00000002   Code   RO         2543    i.HAL_UART_ErrorCallback  stm32f1xx_hal_uart.o
    0x08001c8c   0x08001c8c   0x000002e4   Code   RO         2546    i.HAL_UART_IRQHandler  stm32f1xx_hal_uart.o
    0x08001f70   0x08001f70   0x00000076   Code   RO         2547    i.HAL_UART_Init     stm32f1xx_hal_uart.o
    0x08001fe6   0x08001fe6   0x00000002   PAD
    0x08001fe8   0x08001fe8   0x00000184   Code   RO          327    i.HAL_UART_MspInit  usart.o
    0x0800216c   0x0800216c   0x0000002c   Code   RO         2551    i.HAL_UART_Receive_DMA  stm32f1xx_hal_uart.o
    0x08002198   0x08002198   0x00000002   Code   RO         2553    i.HAL_UART_RxCpltCallback  stm32f1xx_hal_uart.o
    0x0800219a   0x0800219a   0x00000002   Code   RO         2554    i.HAL_UART_RxHalfCpltCallback  stm32f1xx_hal_uart.o
    0x0800219c   0x0800219c   0x000000be   Code   RO         2555    i.HAL_UART_Transmit  stm32f1xx_hal_uart.o
    0x0800225a   0x0800225a   0x00000002   Code   RO         2558    i.HAL_UART_TxCpltCallback  stm32f1xx_hal_uart.o
    0x0800225c   0x0800225c   0x00000044   Code   RO          302    i.MX_DMA_Init       dma.o
    0x080022a0   0x080022a0   0x00000110   Code   RO          213    i.MX_FREERTOS_Init  freertos.o
    0x080023b0   0x080023b0   0x00000074   Code   RO          189    i.MX_GPIO_Init      gpio.o
    0x08002424   0x08002424   0x00000038   Code   RO          328    i.MX_USART1_UART_Init  usart.o
    0x0800245c   0x0800245c   0x00000038   Code   RO          329    i.MX_USART2_UART_Init  usart.o
    0x08002494   0x08002494   0x00000134   Code   RO         4736    i.ProcessData       bsp_uart.o
    0x080025c8   0x080025c8   0x00000028   Code   RO         1697    i.RCC_Delay         stm32f1xx_hal_rcc.o
    0x080025f0   0x080025f0   0x00000078   Code   RO          214    i.ReadConfirmStartTask03  freertos.o
    0x08002668   0x08002668   0x0000000c   Code   RO          215    i.StartDefaultTask  freertos.o
    0x08002674   0x08002674   0x00000016   Code   RO         4071    i.SysTick_Handler   cmsis_os2.o
    0x0800268a   0x0800268a   0x00000066   Code   RO           15    i.SystemClock_Config  main.o
    0x080026f0   0x080026f0   0x00000002   Code   RO         2891    i.SystemInit        system_stm32f1xx.o
    0x080026f2   0x080026f2   0x00000002   PAD
    0x080026f4   0x080026f4   0x00000010   Code   RO          376    i.TIM1_UP_IRQHandler  stm32f1xx_it.o
    0x08002704   0x08002704   0x00000084   Code   RO          620    i.TIM_Base_SetConfig  stm32f1xx_hal_tim.o
    0x08002788   0x08002788   0x00000050   Code   RO         4737    i.UART1_IdleCallback  bsp_uart.o
    0x080027d8   0x080027d8   0x0000006c   Code   RO         4738    i.UART2_IdleCallback  bsp_uart.o
    0x08002844   0x08002844   0x00000014   Code   RO         2560    i.UART_DMAAbortOnError  stm32f1xx_hal_uart.o
    0x08002858   0x08002858   0x00000050   Code   RO         2561    i.UART_DMAError     stm32f1xx_hal_uart.o
    0x080028a8   0x080028a8   0x000000b4   Code   RO         2562    i.UART_DMAReceiveCplt  stm32f1xx_hal_uart.o
    0x0800295c   0x0800295c   0x00000024   Code   RO         2564    i.UART_DMARxHalfCplt  stm32f1xx_hal_uart.o
    0x08002980   0x08002980   0x0000006c   Code   RO         2570    i.UART_EndRxTransfer  stm32f1xx_hal_uart.o
    0x080029ec   0x080029ec   0x00000020   Code   RO         2571    i.UART_EndTransmit_IT  stm32f1xx_hal_uart.o
    0x08002a0c   0x08002a0c   0x00000026   Code   RO         2572    i.UART_EndTxTransfer  stm32f1xx_hal_uart.o
    0x08002a32   0x08002a32   0x000000fc   Code   RO         2573    i.UART_Receive_IT   stm32f1xx_hal_uart.o
    0x08002b2e   0x08002b2e   0x00000002   PAD
    0x08002b30   0x08002b30   0x000000fc   Code   RO         2574    i.UART_SetConfig    stm32f1xx_hal_uart.o
    0x08002c2c   0x08002c2c   0x000000c8   Code   RO         2575    i.UART_Start_Receive_DMA  stm32f1xx_hal_uart.o
    0x08002cf4   0x08002cf4   0x00000060   Code   RO         2577    i.UART_Transmit_IT  stm32f1xx_hal_uart.o
    0x08002d54   0x08002d54   0x0000008c   Code   RO         2578    i.UART_WaitOnFlagUntilTimeout  stm32f1xx_hal_uart.o
    0x08002de0   0x08002de0   0x0000003c   Code   RO          377    i.USART1_IRQHandler  stm32f1xx_it.o
    0x08002e1c   0x08002e1c   0x0000003c   Code   RO          378    i.USART2_IRQHandler  stm32f1xx_it.o
    0x08002e58   0x08002e58   0x0000006c   Code   RO         4794    i.WriteCmd          485_to_motor.o
    0x08002ec4   0x08002ec4   0x0000000a   Code   RO          216    i.WriteConfirmStartTask02  freertos.o
    0x08002ece   0x08002ece   0x00000002   PAD
    0x08002ed0   0x08002ed0   0x00000010   Code   RO         2004    i.__NVIC_GetPriorityGrouping  stm32f1xx_hal_cortex.o
    0x08002ee0   0x08002ee0   0x00000028   Code   RO         2005    i.__NVIC_SetPriority  stm32f1xx_hal_cortex.o
    0x08002f08   0x08002f08   0x00000006   Code   RO         4073    i.__get_IPSR        cmsis_os2.o
    0x08002f0e   0x08002f0e   0x00000002   PAD
    0x08002f10   0x08002f10   0x00000050   Code   RO          217    i.calculateStartTask06  freertos.o
    0x08002f60   0x08002f60   0x00000036   Code   RO         4882    i.crc16_modbus      crc16.o
    0x08002f96   0x08002f96   0x00000002   PAD
    0x08002f98   0x08002f98   0x00000054   Code   RO          218    i.dataProcessStartTask04  freertos.o
    0x08002fec   0x08002fec   0x00000028   Code   RO         4795    i.data_dir          485_to_motor.o
    0x08003014   0x08003014   0x0000006c   Code   RO           16    i.main              main.o
    0x08003080   0x08003080   0x00000016   Code   RO         4800    i.motor_set_speed   485_to_motor.o
    0x08003096   0x08003096   0x0000001e   Code   RO         4801    i.motor_start_dir   485_to_motor.o
    0x080030b4   0x080030b4   0x0000000e   Code   RO         4802    i.motor_stop        485_to_motor.o
    0x080030c2   0x080030c2   0x0000001e   Code   RO         4074    i.osDelay           cmsis_os2.o
    0x080030e0   0x080030e0   0x0000002c   Code   RO         4088    i.osKernelInitialize  cmsis_os2.o
    0x0800310c   0x0800310c   0x00000060   Code   RO         4091    i.osKernelStart     cmsis_os2.o
    0x0800316c   0x0800316c   0x0000006c   Code   RO         4116    i.osSemaphoreAcquire  cmsis_os2.o
    0x080031d8   0x080031d8   0x000000cc   Code   RO         4119    i.osSemaphoreNew    cmsis_os2.o
    0x080032a4   0x080032a4   0x0000005c   Code   RO         4120    i.osSemaphoreRelease  cmsis_os2.o
    0x08003300   0x08003300   0x000000b8   Code   RO         4133    i.osThreadNew       cmsis_os2.o
    0x080033b8   0x080033b8   0x0000007c   Code   RO         3508    i.prvAddCurrentTaskToDelayedList  tasks.o
    0x08003434   0x08003434   0x000000b8   Code   RO         3509    i.prvAddNewTaskToReadyList  tasks.o
    0x080034ec   0x080034ec   0x00000074   Code   RO         3884    i.prvCheckForValidListAndQueue  timers.o
    0x08003560   0x08003560   0x00000048   Code   RO         3510    i.prvCheckTasksWaitingTermination  tasks.o
    0x080035a8   0x080035a8   0x0000002a   Code   RO         3095    i.prvCopyDataFromQueue  queue.o
    0x080035d2   0x080035d2   0x0000007e   Code   RO         3096    i.prvCopyDataToQueue  queue.o
    0x08003650   0x08003650   0x00000050   Code   RO         3511    i.prvDeleteTCB      tasks.o
    0x080036a0   0x080036a0   0x00000014   Code   RO         3097    i.prvGetDisinheritPriorityAfterTimeout  queue.o
    0x080036b4   0x080036b4   0x00000028   Code   RO         3885    i.prvGetNextExpireTime  timers.o
    0x080036dc   0x080036dc   0x0000007c   Code   RO         4601    i.prvHeapInit       heap_4.o
    0x08003758   0x08003758   0x00000028   Code   RO         3512    i.prvIdleTask       tasks.o
    0x08003780   0x08003780   0x0000002a   Code   RO         3099    i.prvInitialiseNewQueue  queue.o
    0x080037aa   0x080037aa   0x000000be   Code   RO         3513    i.prvInitialiseNewTask  tasks.o
    0x08003868   0x08003868   0x00000068   Code   RO         3514    i.prvInitialiseTaskLists  tasks.o
    0x080038d0   0x080038d0   0x00000068   Code   RO         4602    i.prvInsertBlockIntoFreeList  heap_4.o
    0x08003938   0x08003938   0x00000058   Code   RO         3887    i.prvInsertTimerInActiveList  timers.o
    0x08003990   0x08003990   0x0000001a   Code   RO         3100    i.prvIsQueueEmpty   queue.o
    0x080039aa   0x080039aa   0x0000001e   Code   RO         3101    i.prvIsQueueFull    queue.o
    0x080039c8   0x080039c8   0x00000074   Code   RO         3888    i.prvProcessExpiredTimer  timers.o
    0x08003a3c   0x08003a3c   0x00000164   Code   RO         3889    i.prvProcessReceivedCommands  timers.o
    0x08003ba0   0x08003ba0   0x00000074   Code   RO         3890    i.prvProcessTimerOrBlockTask  timers.o
    0x08003c14   0x08003c14   0x00000034   Code   RO         3516    i.prvResetNextTaskUnblockTime  tasks.o
    0x08003c48   0x08003c48   0x0000002c   Code   RO         3891    i.prvSampleTimeNow  timers.o
    0x08003c74   0x08003c74   0x000000a4   Code   RO         3892    i.prvSwitchTimerLists  timers.o
    0x08003d18   0x08003d18   0x00000040   Code   RO         4657    i.prvTaskExitError  port.o
    0x08003d58   0x08003d58   0x0000001a   Code   RO         3893    i.prvTimerTask      timers.o
    0x08003d72   0x08003d72   0x0000007e   Code   RO         3102    i.prvUnlockQueue    queue.o
    0x08003df0   0x08003df0   0x0000014c   Code   RO         4603    i.pvPortMalloc      heap_4.o
    0x08003f3c   0x08003f3c   0x00000020   Code   RO         3519    i.pvTaskIncrementMutexHeldCount  tasks.o
    0x08003f5c   0x08003f5c   0x00000024   Code   RO         4658    i.pxPortInitialiseStack  port.o
    0x08003f80   0x08003f80   0x000000a0   Code   RO          219    i.uiUpdateStartTask05  freertos.o
    0x08004020   0x08004020   0x00000058   Code   RO         4739    i.update_lcd_ui     bsp_uart.o
    0x08004078   0x08004078   0x00000028   Code   RO         3055    i.uxListRemove      list.o
    0x080040a0   0x080040a0   0x00000018   Code   RO         4145    i.vApplicationGetIdleTaskMemory  cmsis_os2.o
    0x080040b8   0x080040b8   0x00000018   Code   RO         4146    i.vApplicationGetTimerTaskMemory  cmsis_os2.o
    0x080040d0   0x080040d0   0x0000001a   Code   RO         3056    i.vListInitialise   list.o
    0x080040ea   0x080040ea   0x00000006   Code   RO         3057    i.vListInitialiseItem  list.o
    0x080040f0   0x080040f0   0x00000034   Code   RO         3058    i.vListInsert       list.o
    0x08004124   0x08004124   0x00000018   Code   RO         3059    i.vListInsertEnd    list.o
    0x0800413c   0x0800413c   0x00000054   Code   RO         4660    i.vPortEnterCritical  port.o
    0x08004190   0x08004190   0x0000003c   Code   RO         4661    i.vPortExitCritical  port.o
    0x080041cc   0x080041cc   0x000000a4   Code   RO         4604    i.vPortFree         heap_4.o
    0x08004270   0x08004270   0x00000028   Code   RO         4662    i.vPortSetupTimerInterrupt  port.o
    0x08004298   0x08004298   0x00000078   Code   RO         4663    i.vPortValidateInterruptPriority  port.o
    0x08004310   0x08004310   0x0000002c   Code   RO         3108    i.vQueueAddToRegistry  queue.o
    0x0800433c   0x0800433c   0x00000032   Code   RO         3109    i.vQueueDelete      queue.o
    0x0800436e   0x0800436e   0x00000002   PAD
    0x08004370   0x08004370   0x00000030   Code   RO         3111    i.vQueueUnregisterQueue  queue.o
    0x080043a0   0x080043a0   0x0000004a   Code   RO         3112    i.vQueueWaitForMessageRestricted  queue.o
    0x080043ea   0x080043ea   0x00000002   PAD
    0x080043ec   0x080043ec   0x0000005c   Code   RO         3529    i.vTaskDelay        tasks.o
    0x08004448   0x08004448   0x00000018   Code   RO         3534    i.vTaskInternalSetTimeOutState  tasks.o
    0x08004460   0x08004460   0x0000000c   Code   RO         3535    i.vTaskMissedYield  tasks.o
    0x0800446c   0x0800446c   0x00000038   Code   RO         3537    i.vTaskPlaceOnEventList  tasks.o
    0x080044a4   0x080044a4   0x00000040   Code   RO         3538    i.vTaskPlaceOnEventListRestricted  tasks.o
    0x080044e4   0x080044e4   0x000000d0   Code   RO         3540    i.vTaskPriorityDisinheritAfterTimeout  tasks.o
    0x080045b4   0x080045b4   0x000000b8   Code   RO         3546    i.vTaskStartScheduler  tasks.o
    0x0800466c   0x0800466c   0x00000010   Code   RO         3548    i.vTaskSuspendAll   tasks.o
    0x0800467c   0x0800467c   0x00000090   Code   RO         3549    i.vTaskSwitchContext  tasks.o
    0x0800470c   0x0800470c   0x000000f8   Code   RO         4664    i.xPortStartScheduler  port.o
    0x08004804   0x08004804   0x00000034   Code   RO         4665    i.xPortSysTickHandler  port.o
    0x08004838   0x08004838   0x0000005c   Code   RO         3113    i.xQueueCreateCountingSemaphore  queue.o
    0x08004894   0x08004894   0x00000064   Code   RO         3114    i.xQueueCreateCountingSemaphoreStatic  queue.o
    0x080048f8   0x080048f8   0x0000005a   Code   RO         3117    i.xQueueGenericCreate  queue.o
    0x08004952   0x08004952   0x000000e0   Code   RO         3118    i.xQueueGenericCreateStatic  queue.o
    0x08004a32   0x08004a32   0x00000002   PAD
    0x08004a34   0x08004a34   0x00000098   Code   RO         3119    i.xQueueGenericReset  queue.o
    0x08004acc   0x08004acc   0x000001a8   Code   RO         3120    i.xQueueGenericSend  queue.o
    0x08004c74   0x08004c74   0x000000fc   Code   RO         3121    i.xQueueGenericSendFromISR  queue.o
    0x08004d70   0x08004d70   0x000000e0   Code   RO         3124    i.xQueueGiveFromISR  queue.o
    0x08004e50   0x08004e50   0x00000168   Code   RO         3130    i.xQueueReceive     queue.o
    0x08004fb8   0x08004fb8   0x000000ca   Code   RO         3131    i.xQueueReceiveFromISR  queue.o
    0x08005082   0x08005082   0x00000002   PAD
    0x08005084   0x08005084   0x000001b8   Code   RO         3132    i.xQueueSemaphoreTake  queue.o
    0x0800523c   0x0800523c   0x0000008c   Code   RO         3551    i.xTaskCheckForTimeOut  tasks.o
    0x080052c8   0x080052c8   0x00000064   Code   RO         3552    i.xTaskCreate       tasks.o
    0x0800532c   0x0800532c   0x000000ba   Code   RO         3553    i.xTaskCreateStatic  tasks.o
    0x080053e6   0x080053e6   0x00000002   PAD
    0x080053e8   0x080053e8   0x00000020   Code   RO         3557    i.xTaskGetSchedulerState  tasks.o
    0x08005408   0x08005408   0x0000000c   Code   RO         3558    i.xTaskGetTickCount  tasks.o
    0x08005414   0x08005414   0x00000144   Code   RO         3560    i.xTaskIncrementTick  tasks.o
    0x08005558   0x08005558   0x000000a4   Code   RO         3563    i.xTaskPriorityDisinherit  tasks.o
    0x080055fc   0x080055fc   0x000000a4   Code   RO         3564    i.xTaskPriorityInherit  tasks.o
    0x080056a0   0x080056a0   0x00000098   Code   RO         3565    i.xTaskRemoveFromEventList  tasks.o
    0x08005738   0x08005738   0x00000104   Code   RO         3566    i.xTaskResumeAll    tasks.o
    0x0800583c   0x0800583c   0x00000078   Code   RO         3902    i.xTimerCreateTimerTask  timers.o
    0x080058b4   0x080058b4   0x00000084   Code   RO         3903    i.xTimerGenericCommand  timers.o
    0x08005938   0x08005938   0x0000003e   Code   RO         5026    x$fpl$ffixu         fz_ws.l(ffixu.o)
    0x08005976   0x08005976   0x00000002   PAD
    0x08005978   0x08005978   0x00000026   Code   RO         5030    x$fpl$ffltu         fz_ws.l(fflt_clz.o)
    0x0800599e   0x0800599e   0x00000002   PAD
    0x080059a0   0x080059a0   0x00000102   Code   RO         5036    x$fpl$fmul          fz_ws.l(fmul.o)
    0x08005aa2   0x08005aa2   0x0000008c   Code   RO         5122    x$fpl$fnaninf       fz_ws.l(fnaninf.o)
    0x08005b2e   0x08005b2e   0x0000000a   Code   RO         5124    x$fpl$fretinf       fz_ws.l(fretinf.o)
    0x08005b38   0x08005b38   0x00000000   Code   RO         5126    x$fpl$usenofp       fz_ws.l(usenofp.o)
    0x08005b38   0x08005b38   0x000001a4   Data   RO          221    .constdata          freertos.o
    0x08005cdc   0x08005cdc   0x00000012   Data   RO         1698    .constdata          stm32f1xx_hal_rcc.o
    0x08005cee   0x08005cee   0x00000018   Data   RO         2892    .constdata          system_stm32f1xx.o
    0x08005d06   0x08005d06   0x00000002   PAD
    0x08005d08   0x08005d08   0x000000c0   Data   RO          222    .conststring        freertos.o
    0x08005dc8   0x08005dc8   0x00000020   Data   RO         5253    Region$$Table       anon$$obj.o


    Execution Region RW_IRAM1 (Exec base: 0x20000000, Load base: 0x08005de8, Size: 0x00003538, Max: 0x00005000, ABSOLUTE)

    Exec Addr    Load Addr    Size         Type   Attr      Idx    E Section Name        Object

    0x20000000   0x08005de8   0x00000038   Data   RW          223    .data               freertos.o
    0x20000038   0x08005e20   0x00000009   Data   RW         1534    .data               stm32f1xx_hal.o
    0x20000041   0x08005e29   0x00000003   PAD
    0x20000044   0x08005e2c   0x00000004   Data   RW         2893    .data               system_stm32f1xx.o
    0x20000048   0x08005e30   0x0000003c   Data   RW         3569    .data               tasks.o
    0x20000084   0x08005e6c   0x00000014   Data   RW         3911    .data               timers.o
    0x20000098   0x08005e80   0x00000004   Data   RW         4148    .data               cmsis_os2.o
    0x2000009c   0x08005e84   0x00000020   Data   RW         4610    .data               heap_4.o
    0x200000bc   0x08005ea4   0x0000000c   Data   RW         4666    .data               port.o
    0x200000c8   0x08005eb0   0x00000012   Data   RW         4805    .data               485_to_motor.o
    0x200000da   0x08005ec2   0x00000002   PAD
    0x200000dc        -       0x00000080   Zero   RW           17    .bss                main.o
    0x2000015c        -       0x00000010   Zero   RW          220    .bss                freertos.o
    0x2000016c        -       0x00000118   Zero   RW          330    .bss                usart.o
    0x20000284        -       0x00000048   Zero   RW          453    .bss                stm32f1xx_hal_timebase_tim.o
    0x200002cc        -       0x00000040   Zero   RW         3134    .bss                queue.o
    0x2000030c        -       0x000004c4   Zero   RW         3568    .bss                tasks.o
    0x200007d0        -       0x00000118   Zero   RW         3910    .bss                timers.o
    0x200008e8        -       0x000006b8   Zero   RW         4147    .bss                cmsis_os2.o
    0x20000fa0        -       0x00001400   Zero   RW         4609    .bss                heap_4.o
    0x200023a0        -       0x000000f6   Zero   RW         4740    .bss                bsp_uart.o
    0x20002496        -       0x00000040   Zero   RW         4804    .bss                485_to_motor.o
    0x200024d6   0x08005ec2   0x00000002   PAD
    0x200024d8        -       0x00000060   Zero   RW         5130    .bss                c_w.l(libspace.o)
    0x20002538        -       0x00000800   Zero   RW            2    HEAP                startup_stm32f103xb.o
    0x20002d38        -       0x00000800   Zero   RW            1    STACK               startup_stm32f103xb.o


==============================================================================

Image component sizes


      Code (inc. data)   RO Data    RW Data    ZI Data      Debug   Object Name

       214         20          0         18         64       4548   485_to_motor.o
       584         72          0          0        246       5357   bsp_uart.o
       834         46          0          4       1720      61110   cmsis_os2.o
        54          0          0          0          0        755   crc16.o
        68          4          0          0          0        722   dma.o
         0          0          0          0          0      19652   event_groups.o
       738        188        612         56         16       8116   freertos.o
       116         10          0          0          0        835   gpio.o
       724         74          0         32       5120       4759   heap_4.o
       148          0          0          0          0       3414   list.o
       240         22          0          0        128     439140   main.o
       854         78          0         12          0      10881   port.o
      3188         30          0          0         64      26300   queue.o
        64         26        236          0       4096        808   startup_stm32f103xb.o
        76         20          0          9          0       4618   stm32f1xx_hal.o
       252         22          0          0          0      28674   stm32f1xx_hal_cortex.o
       978         12          0          0          0       4846   stm32f1xx_hal_dma.o
       812         34          0          0          0       2664   stm32f1xx_hal_gpio.o
        96         10          0          0          0        866   stm32f1xx_hal_msp.o
      1816        108         18          0          0       6561   stm32f1xx_hal_rcc.o
       728         26          0          0          0       6254   stm32f1xx_hal_tim.o
         4          0          0          0          0       1541   stm32f1xx_hal_tim_ex.o
       160         22          0          0         72       1395   stm32f1xx_hal_timebase_tim.o
      2674         22          0          0          0      16657   stm32f1xx_hal_uart.o
       168         30          0          0          0       2845   stm32f1xx_it.o
         0          0          0          0          0        424   stream_buffer.o
         2          0         24          4          0       1087   system_stm32f1xx.o
      3212        380          0         60       1220      29083   tasks.o
      1318        124          0         20        280      32687   timers.o
       500         50          0          0        280       2405   usart.o

    ----------------------------------------------------------------------
     20648       1430        924        220      13308     729004   Object Totals
         0          0         32          0          0          0   (incl. Generated)
        26          0          2          5          2          0   (incl. Padding)

    ----------------------------------------------------------------------

      Code (inc. data)   RO Data    RW Data    ZI Data      Debug   Library Member Name

        44          6          0          0          0         84   __2sprintf.o
         8          0          0          0          0         68   __main.o
       104          0          0          0          0         84   __printf.o
         0          0          0          0          0          0   __rtentry.o
        12          0          0          0          0          0   __rtentry2.o
         6          0          0          0          0          0   __rtentry4.o
        52          8          0          0          0          0   __scatter.o
        26          0          0          0          0          0   __scatter_copy.o
        28          0          0          0          0          0   __scatter_zi.o
        44          0          0          0          0        108   _printf_char.o
        48          6          0          0          0         96   _printf_char_common.o
         6          0          0          0          0          0   _printf_d.o
       120         16          0          0          0         92   _printf_dec.o
       178          0          0          0          0         88   _printf_intcommon.o
         0          0          0          0          0          0   _printf_percent.o
         4          0          0          0          0          0   _printf_percent_end.o
         6          0          0          0          0          0   _printf_s.o
        82          0          0          0          0         80   _printf_str.o
        10          0          0          0          0         68   _sputc.o
        16          0          0          0          0         68   aeabi_memset.o
        10          0          0          0          0         68   defsig_exit.o
        50          0          0          0          0         88   defsig_general.o
        80         58          0          0          0         76   defsig_rtmem_inner.o
        14          0          0          0          0         80   defsig_rtmem_outer.o
        18          0          0          0          0         80   exit.o
        94          0          0          0          0         80   h1_alloc.o
        52          0          0          0          0         68   h1_extend.o
        78          0          0          0          0         80   h1_free.o
        14          0          0          0          0         84   h1_init.o
         6          0          0          0          0        152   heapauxi.o
         4          0          0          0          0        136   hguard.o
         0          0          0          0          0          0   indicate_semi.o
       138          0          0          0          0        168   init_alloc.o
         2          0          0          0          0          0   libinit.o
        10          0          0          0          0          0   libinit2.o
         2          0          0          0          0          0   libshutdown.o
         2          0          0          0          0          0   libshutdown2.o
         8          4          0          0         96         68   libspace.o
         0          0          0          0          0          0   maybetermalloc1.o
         8          4          0          0          0         68   rt_heap_descriptor_intlibspace.o
        68          0          0          0          0         68   rt_memclr.o
        78          0          0          0          0         80   rt_memclr_w.o
       138          0          0          0          0         68   rt_memcpy_v6.o
       100          0          0          0          0         80   rt_memcpy_w.o
         2          0          0          0          0          0   rtexit.o
        10          0          0          0          0          0   rtexit2.o
        62          0          0          0          0         76   strlen.o
        12          4          0          0          0         68   sys_exit.o
        74          0          0          0          0         80   sys_stackheap_outer.o
        14          0          0          0          0         76   sys_wrch.o
         2          0          0          0          0         68   use_no_semi.o
        62          4          0          0          0         84   ffixu.o
        38          0          0          0          0         68   fflt_clz.o
       258          4          0          0          0         84   fmul.o
       140          4          0          0          0         84   fnaninf.o
        10          0          0          0          0         68   fretinf.o
         0          0          0          0          0          0   usenofp.o

    ----------------------------------------------------------------------
      2468        118          0          0         96       3184   Library Totals
        16          0          0          0          0          0   (incl. Padding)

    ----------------------------------------------------------------------

      Code (inc. data)   RO Data    RW Data    ZI Data      Debug   Library Name

      1944        106          0          0         96       2796   c_w.l
       508         12          0          0          0        388   fz_ws.l

    ----------------------------------------------------------------------
      2468        118          0          0         96       3184   Library Totals

    ----------------------------------------------------------------------

==============================================================================


      Code (inc. data)   RO Data    RW Data    ZI Data      Debug   

     23116       1548        924        220      13404     721212   Grand Totals
     23116       1548        924        220      13404     721212   ELF Image Totals
     23116       1548        924        220          0          0   ROM Totals

==============================================================================

    Total RO  Size (Code + RO Data)                24040 (  23.48kB)
    Total RW  Size (RW Data + ZI Data)             13624 (  13.30kB)
    Total ROM Size (Code + RO Data + RW Data)      24260 (  23.69kB)

==============================================================================

